06-15 13:47:09.041 10358 10358 I Transaction: ----> Transaction Successful
06-15 13:47:09.051 10358 10358 I Timeline: Timeline: Activity_launch_request id:com.rongle.desktop time:8474607
06-15 13:47:09.071  3563  5297 D InputDispatcher: Focused application set to: xxxx
06-15 13:47:09.071  3563  5297 D InputDispatcher: Focus left window: 10358
06-15 13:47:09.071  3563  3671 D PointerIcon: setMouseIconStyle1 pointerType: 1001 iconType:101 flag:0 pid:3563 uid:1000
06-15 13:47:09.071  3563  3671 D PointerIcon: setMouseCustomIcon IconType is same.101
06-15 13:47:09.071  3563  4543 D InputMethodManagerService: windowGainedFocus mCurrentFocusedUserId - 0 and mSecureKeypadEnabled-false
06-15 13:47:09.071  8948  8948 D SamsungIME: IMPL finishInput
06-15 13:47:09.071 10358 10358 E ViewRootImpl: sendUserActionEvent() mView == null
06-15 13:47:09.081  8948  8948 D RMHelper: SamsungIME : RMisReady() : client is null
06-15 13:47:09.081  8948  8948 D RMHelper: SamsungIME : RMisReady() : client is null
06-15 13:47:09.081  8948  8948 D RMHelper: RMHelper : initHelper()
06-15 13:47:09.081  8948  8948 D RMHelper: SamsungIME : initHelper() : client is null
06-15 13:47:09.081  8948  8948 D RMHelper: SamsungIME : RMisReady() : client is null
06-15 13:47:09.081  8948  8948 D RMHelper: SamsungIME : RMisReady() : client is null
06-15 13:47:09.081  8948  8948 D RMHelper: RMHelper : initHelper()
06-15 13:47:09.081  8948  8948 D RMHelper: SamsungIME : initHelper() : client is null
06-15 13:47:09.081  8948  8948 D RMHelper: SamsungIME : RMisReady() : client is null
06-15 13:47:09.081  8948  8948 D RMHelper: SamsungIME : RMisReady() : client is null
06-15 13:47:09.081  8948  8948 D RMHelper: RMHelper : initHelper()
06-15 13:47:09.081  8948  8948 D RMHelper: SamsungIME : initHelper() : client is null
06-15 13:47:09.091 10358 10358 E way     : {platform=android, rdelv=1001004}
06-15 13:47:09.091 10358 10358 D Activity: performCreate Call Injection manager
06-15 13:47:09.091 10358 11566 I System.out: (HTTPLog)-Static: isSBSettingEnabled false
06-15 13:47:09.091 10358 11566 I System.out: (HTTPLog)-Static: isSBSettingEnabled false
06-15 13:47:09.101 10358 11563 I System.out: (HTTPLog)-Static: isSBSettingEnabled false
06-15 13:47:09.101 10358 11563 I System.out: (HTTPLog)-Static: isSBSettingEnabled false
06-15 13:47:09.111 10358 27991 I System.out:  
06-15 13:47:09.111 10358 27991 I xwsendmsg: DRMessage{header=DRMessageHeader{magic_number=-410023267, version=1000, content_flag=3, content_offset=20, length=267, check_code=0, extend={}}, body=DRMessageBody{token='77e1a10626a217ecefb0d4a387972801ec44587576f7fb5e6af4aa72a90a342bc844b4d272f9c7d0aaa9a25e7debea6e', recvid='1711CP010002001', content=DRMessageContent{appkey='13479110', robotkey='null', api='heartbeat', destid='null', error_msg='success', error_no='200', extra=null}}}
06-15 13:47:09.111 10358 10358 E LaidiFragment: 1440  2560
06-15 13:47:09.111 10358 10358 I LaidiFragment: 2560
06-15 13:47:09.111 10358 27991 I System.out: :267
06-15 13:47:09.111 10358 27991 I xwsendmsg: DRMessage{header=DRMessageHeader{magic_number=-410023267, version=1000, content_flag=3, content_offset=20, length=267, check_code=0, extend={}}, body=DRMessageBody{token='77e1a10626a217ecefb0d4a387972801ec44587576f7fb5e6af4aa72a90a342bc844b4d272f9c7d0aaa9a25e7debea6e', recvid='1711CP010002001', content=DRMessageContent{appkey='13479110', robotkey='null', api='heartbeat', destid='null', error_msg='success', error_no='200', extra=null}}}
06-15 13:47:09.111 10358 10358 E way     : {max=100, token=77e1a10626a217ecefb0d4a387972801ec44587576f7fb5e6af4aa72a90a342bc844b4d272f9c7d0aaa9a25e7debea6e, msgid=294}
06-15 13:47:09.111 10358 10358 D TableManager: Table [RobotBean] Exist
06-15 13:47:09.111 10358 10358 V Querier : ----> Query Start: SQLStatement [sql=SELECT * FROM RobotBean, bindArgs=null, mStatement=null]
06-15 13:47:09.111 10358 10358 I Querier : <---- Query End , cursor size : 1
06-15 13:47:09.111 10358 11564 I System.out: (HTTPLog)-Static: isSBSettingEnabled false
06-15 13:47:09.111 10358 11564 I System.out: (HTTPLog)-Static: isSBSettingEnabled false
06-15 13:47:09.111 10358 10358 E way     : 14402560
06-15 13:47:09.121 10358 10358 E orientation: 
06-15 13:47:09.121 10358 10358 E xw      : onStart VideoFragment 
06-15 13:47:09.121 10358 10358 I InjectionManager: dispatchOnViewCreated > Target : com.rongle.desktop.activity.home.activity.HomeActivity isFragment :false
06-15 13:47:09.121 10358 10358 E xw      : onResume VideoFragment
06-15 13:47:09.121 10358 10358 D ViewRootImpl: #1 mView = com.android.internal.policy.PhoneWindow$DecorView{5a4a705 I.E...... R.....ID 0,0-0,0}
06-15 13:47:09.121  3563  4353 D ISSUE_DEBUG: InputChannelName : e8228b6 com.rongle.desktop/com.rongle.desktop.activity.home.activity.HomeActivity
06-15 13:47:09.131  3563  4710 D ActivityManager: post active user change for 0 fullscreen true isFloatingActivity() false isHomeActivity() false
06-15 13:47:09.131  3563  4710 D KnoxTimeoutHandler: postActiveUserChange [MsgParam] userId: 0 fullscreen is true showWhenlocked is false
06-15 13:47:09.131  3563  3563 D KnoxTimeoutHandler: handleActiveUserChange [MsgParam] userId: 0 fullscreen is true showWhenlocked is false
06-15 13:47:09.131  3563  3563 I KnoxTimeoutHandler: Shared devices show user statefalse
06-15 13:47:09.131  3070  3070 I SurfaceFlinger: id=406 createSurf (1x1),1 flag=404, IomeActivit
06-15 13:47:09.141  3563  4691 D InputDispatcher: Focus entered window: 10358
06-15 13:47:09.141  3563  3671 D PointerIcon: setMouseIconStyle1 pointerType: 1001 iconType:101 flag:0 pid:3563 uid:1000
06-15 13:47:09.141  3563  3671 D PointerIcon: setMouseCustomIcon IconType is same.101
06-15 13:47:09.141 10358 10993 D mali_winsys: new_window_surface returns 0x3000,  [1440x2560]-format:1
06-15 13:47:09.151 10358 10358 W View    : requestLayout() improperly called by android.widget.LinearLayout{604cb26 V.E...... ......I. 0,0-0,0} during layout: running second layout pass
06-15 13:47:09.151 10358 10358 I ViewRootImpl: requestLayout is already in process
06-15 13:47:09.151 10358 10358 I ViewRootImpl: requestLayoutDuringLayout is already in process
06-15 13:47:09.151 10358 10358 I ViewRootImpl: requestLayoutDuringLayout is already in process
06-15 13:47:09.151 10358 10358 I ViewRootImpl: requestLayoutDuringLayout is already in process
06-15 13:47:09.151 10358 10358 I ViewRootImpl: requestLayoutDuringLayout is already in process
06-15 13:47:09.151 10358 10358 I ViewRootImpl: requestLayoutDuringLayout is already in process
06-15 13:47:09.151 10358 10358 I ViewRootImpl: requestLayoutDuringLayout is already in process
06-15 13:47:09.151 10358 10358 E way     : $$$$$$$$$$$$$$$$$$$$$$$$$$$$$$$$$
06-15 13:47:09.151 10358 10358 E way     : {"error_msg":"","error_no":"404"}
06-15 13:47:09.151 10358 10358 E way     : :{"error_msg":"","error_no":"404"}
06-15 13:47:09.151 10358 10358 E way     : {"error_msg":"","error_no":"200","data":{"token":"77e1a10626a217ecefb0d4a387972801ec44587576f7fb5e6af4aa72a90a342bc844b4d272f9c7d0aaa9a25e7debea6e","uid":"10000109"}}
06-15 13:47:09.151 10358 10358 E way     : {"error_msg":"success","error_no":"200","data":{"msgs":[]}}
06-15 13:47:09.161 10358 10358 W DisplayListCanvas: DisplayListCanvas is started on unbinded RenderNode (without mOwningView)
06-15 13:47:09.161  3563  4269 V WindowStateAnimator: Finishing drawing window Window{e8228b6 u0 d0 com.rongle.desktop/com.rongle.desktop.activity.home.activity.HomeActivity}: mDrawState=DRAW_PENDING
06-15 13:47:09.161 10358 10358 D ViewRootImpl: MSG_RESIZED_REPORT: ci=Rect(0, 96 - 0, 0) vi=Rect(0, 96 - 0, 0) or=1
06-15 13:47:09.171  3563  4554 D InputMethodManagerService: windowGainedFocus mCurrentFocusedUserId - 0 and mSecureKeypadEnabled-false
06-15 13:47:09.171  3563  3671 D KnoxTimeoutHandler: notifyActivityDrawn [MsgParam] userId: 0 fullscreen is true showWhenlocked is false
06-15 13:47:09.171  3563  3563 D KnoxTimeoutHandler: activityDrawn [MsgParam] userId: 0 fullscreen is true showWhenlocked is false
06-15 13:47:09.171  3563  3671 I ActivityManager: Displayed com.rongle.desktop/.activity.home.activity.HomeActivity: +94ms
06-15 13:47:09.171  8948  8948 D SamsungIME: IMPL finishInput
06-15 13:47:09.171 10358 10358 W View    : requestLayout() improperly called by com.luseen.luseenbottomnavigation.BottomNavigation.BottomNavigationView{e8b842d V.E...... ......I. 0,2240-1440,2464 #7f0c0084 app:id/home_bar} during second layout pass: posting in next frame
06-15 13:47:09.171 10358 10358 W View    : requestLayout() improperly called by android.widget.FrameLayout{b7b2d62 V.E...... ......I. 0,0-0,0} during second layout pass: posting in next frame
06-15 13:47:09.171 10358 10358 W View    : requestLayout() improperly called by android.widget.LinearLayout{7125ef3 V.E...... ......I. 0,0-0,0} during second layout pass: posting in next frame
06-15 13:47:09.171  3563  3563 I KnoxTimeoutHandler: SD activityfalse
06-15 13:47:09.171  3070  3070 D libEGL  : eglInitialize EGLDisplay = 0x7fcce02e88
06-15 13:47:09.181 10358 27994 I System.out:  
06-15 13:47:09.181 10358 27994 I xwsendmsg: DRMessage{header=DRMessageHeader{magic_number=-410023267, version=1000, content_flag=3, content_offset=20, length=267, check_code=0, extend={}}, body=DRMessageBody{token='77e1a10626a217ecefb0d4a387972801ec44587576f7fb5e6af4aa72a90a342bc844b4d272f9c7d0aaa9a25e7debea6e', recvid='1711CP010002001', content=DRMessageContent{appkey='13479168', robotkey='null', api='heartbeat', destid='null', error_msg='success', error_no='200', extra=null}}}
06-15 13:47:09.181  3563  5993 V WindowStateAnimator: Finishing drawing window Window{e8228b6 u0 d0 com.rongle.desktop/com.rongle.desktop.activity.home.activity.HomeActivity}: mDrawState=HAS_DRAWN
06-15 13:47:09.181 10358 27994 I System.out: :267
06-15 13:47:09.181 10358 27994 I xwsendmsg: DRMessage{header=DRMessageHeader{magic_number=-410023267, version=1000, content_flag=3, content_offset=20, length=267, check_code=0, extend={}}, body=DRMessageBody{token='77e1a10626a217ecefb0d4a387972801ec44587576f7fb5e6af4aa72a90a342bc844b4d272f9c7d0aaa9a25e7debea6e', recvid='1711CP010002001', content=DRMessageContent{appkey='13479168', robotkey='null', api='heartbeat', destid='null', error_msg='success', error_no='200', extra=null}}}
06-15 13:47:09.191  3070  3070 D libEGL  : eglInitialize EGLDisplay = 0x7fcce02e88
06-15 13:47:09.191  3070  4894 D libEGL  : eglTerminate EGLDisplay = 0x7f9f4b7e78
06-15 13:47:09.191  3070  4894 D libEGL  : eglTerminate EGLDisplay = 0x7f9f4b7e78
06-15 13:47:09.191  3070  3731 I SurfaceFlinger: id=405 Removed MoginActivi (5/10)
06-15 13:47:09.191  3070  4191 I SurfaceFlinger: id=405 Removed MoginActivi (-2/10)
06-15 13:47:09.191 10358 10358 I Timeline: Timeline: Activity_idle id: android.os.BinderProxy@3b1549f time:8474749
06-15 13:47:09.211  3070  3070 D libEGL  : eglTerminate EGLDisplay = 0x7fcce02fb8
06-15 13:47:09.251  8948  8948 D RMHelper: SamsungIME : RMisReady() : client is null
06-15 13:47:09.251  8948  8948 D RMHelper: SamsungIME : RMisReady() : client is null
06-15 13:47:09.251  8948  8948 D RMHelper: RMHelper : initHelper()
06-15 13:47:09.251  8948  8948 D RMHelper: SamsungIME : initHelper() : client is null
06-15 13:47:09.251  8948  8948 D RMHelper: SamsungIME : RMisReady() : client is null
06-15 13:47:09.251  8948  8948 D RMHelper: SamsungIME : RMisReady() : client is null
06-15 13:47:09.251  8948  8948 D RMHelper: RMHelper : initHelper()
06-15 13:47:09.251  8948  8948 D RMHelper: SamsungIME : initHelper() : client is null
06-15 13:47:09.251  8948  8948 D RMHelper: SamsungIME : RMisReady() : client is null
06-15 13:47:09.251  8948  8948 D RMHelper: SamsungIME : RMisReady() : client is null
06-15 13:47:09.251  8948  8948 D RMHelper: RMHelper : initHelper()
06-15 13:47:09.251  8948  8948 D RMHelper: SamsungIME : initHelper() : client is null
06-15 13:47:09.251  8948  8948 D SamsungIME: onStartInput: No inputType, No imeOption, isInputViewShown = false, isExtractViewShown = false, isShowInputRequested = false, isConfigChanged = false
06-15 13:47:10.981  3100  3182 D Sensorhubs: readContextData: 1, 1, 7, 0
06-15 13:47:10.981  3563  4108 D SensorHubManager: onGetSensorHubDataLocked: library(4) = 1, 1, 7, 0
06-15 13:47:10.981  3563  4107 D CAE     : onGetSensorHubData(SensorHubParserProvider.java:92) - onGetSensorHubData Event [event buffer len :4], AP_WAKEUP
06-15 13:47:10.981  3563  4107 I CAE     : parse(SensorHubParserProvider.java:188) - buffer size = 4
06-15 13:47:10.981  3563  4107 I CAE     : parse(SensorHubParserProvider.java:199) - 1, 1, 7, 0,
06-15 13:47:10.981  3563  4107 D CAE     : display(ContextProvider.java:375) - ================= AUTO_ROTATION =================
06-15 13:47:10.981  3563  4107 I CAE     : display(ContextProvider.java:391) - Angle=[0]
06-15 13:47:10.981  3563  4110 D SContextService: updateSContext() : event = Auto Rotation
06-15 13:47:11.161  3100  3182 D Sensorhubs: readContextData: 1, 1, 7, -1
06-15 13:47:11.161  3563  4108 D SensorHubManager: onGetSensorHubDataLocked: library(4) = 1, 1, 7, -1
06-15 13:47:11.161  3563  4107 D CAE     : onGetSensorHubData(SensorHubParserProvider.java:92) - onGetSensorHubData Event [event buffer len :4], AP_WAKEUP
06-15 13:47:11.161  3563  4107 I CAE     : parse(SensorHubParserProvider.java:188) - buffer size = 4
06-15 13:47:11.161  3563  4107 I CAE     : parse(SensorHubParserProvider.java:199) - 1, 1, 7, -1,
06-15 13:47:11.161  3563  4107 D CAE     : display(ContextProvider.java:375) - ================= AUTO_ROTATION =================
06-15 13:47:11.161  3563  4107 I CAE     : display(ContextProvider.java:391) - Angle=[-1]
06-15 13:47:11.161  3563  4110 D SContextService: updateSContext() : event = Auto Rotation
06-15 13:47:11.201  3563  3671 I Timeline: Timeline: Activity_windows_visible id: ActivityRecord{ae2ce60 u0 com.rongle.desktop/.activity.home.activity.HomeActivity t56} time:8476754
06-15 13:47:11.201  3070  4894 I SurfaceFlinger: id=403 Removed MoginActivi (3/9)
06-15 13:47:11.211  3070  3263 I SurfaceFlinger: id=403 Removed MoginActivi (-2/9)
06-15 13:47:11.221  3070  3070 D libEGL  : eglTerminate EGLDisplay = 0x7fcce02fb8
06-15 13:47:11.221  3563  3671 D KnoxTimeoutHandler: notifyActivityDrawn [MsgParam] userId: 0 fullscreen is true showWhenlocked is false
06-15 13:47:11.221  3563  3563 D KnoxTimeoutHandler: activityDrawn [MsgParam] userId: 0 fullscreen is true showWhenlocked is false
06-15 13:47:11.231  3563  3563 I KnoxTimeoutHandler: SD activityfalse
06-15 13:47:11.231 10358 10358 D ViewRootImpl: #3 mView = null
06-15 13:47:11.231  3070  3070 D libEGL  : eglInitialize EGLDisplay = 0x7fcce02e88
06-15 13:47:11.521  3100  3182 D Sensorhubs: readContextData: 1, 1, 7, 0
06-15 13:47:11.521  3563  4108 D SensorHubManager: onGetSensorHubDataLocked: library(4) = 1, 1, 7, 0
06-15 13:47:11.521  3563  4107 D CAE     : onGetSensorHubData(SensorHubParserProvider.java:92) - onGetSensorHubData Event [event buffer len :4], AP_WAKEUP
06-15 13:47:11.521  3563  4107 I CAE     : parse(SensorHubParserProvider.java:188) - buffer size = 4
06-15 13:47:11.521  3563  4107 I CAE     : parse(SensorHubParserProvider.java:199) - 1, 1, 7, 0,
06-15 13:47:11.521  3563  4107 D CAE     : display(ContextProvider.java:375) - ================= AUTO_ROTATION =================
06-15 13:47:11.521  3563  4107 I CAE     : display(ContextProvider.java:391) - Angle=[0]
06-15 13:47:11.521  3563  4110 D SContextService: updateSContext() : event = Auto Rotation
06-15 13:47:12.791 10358 27994 I System.out: ************************* :DRMessage{header=DRMessageHeader{magic_number=-410023267, version=1000, content_flag=3, content_offset=20, length=81, check_code=0, extend={}}, body=DRMessageBody{token='null', recvid='null', content=DRMessageContent{appkey='null', robotkey='null', api='kickout', destid='null', error_msg='null', error_no='null', extra=null}}}
06-15 13:47:12.791 10358 27994 I System.out:  kickout : false
06-15 13:47:12.801 10358 10358 E way     : kickout
06-15 13:47:12.831 10358 27993 E connect : 
06-15 13:47:12.841 10358 27993 I System.out: false
06-15 13:47:12.851 10358 10358 D ViewRootImpl: #1 mView = com.android.internal.policy.PhoneWindow$DecorView{8208161 V.E...... R.....I. 0,0-0,0}
06-15 13:47:12.861  3563  4640 D ISSUE_DEBUG: InputChannelName : 2e84524 
06-15 13:47:12.861  3563  4640 D InputDispatcher: Focus left window: 10358
06-15 13:47:12.861  3563  4640 D InputDispatcher: Focus entered window: 10358
06-15 13:47:12.861  4225  4225 D PhoneStatusBar: setSystemUiVisibility vis=8000 mask=ffffffff oldVal=8600 newVal=8000 diff=600
06-15 13:47:12.861  3563  3671 D PointerIcon: setMouseIconStyle1 pointerType: 1001 iconType:101 flag:0 pid:3563 uid:1000
06-15 13:47:12.861  3563  3671 D PointerIcon: setMouseCustomIcon IconType is same.101
06-15 13:47:12.881  3070  3070 I SurfaceFlinger: id=407 createSurf (257x257),1 flag=4, 
06-15 13:47:12.891  3100  3182 D Sensorhubs: readContextData: 1, 1, 7, -1
06-15 13:47:12.891  3563  4108 D SensorHubManager: onGetSensorHubDataLocked: library(4) = 1, 1, 7, -1
06-15 13:47:12.891  3563  4107 D CAE     : onGetSensorHubData(SensorHubParserProvider.java:92) - onGetSensorHubData Event [event buffer len :4], AP_WAKEUP
06-15 13:47:12.891  3563  4107 I CAE     : parse(SensorHubParserProvider.java:188) - buffer size = 4
06-15 13:47:12.891  3563  4107 I CAE     : parse(SensorHubParserProvider.java:199) - 1, 1, 7, -1,
06-15 13:47:12.891  3563  4107 D CAE     : display(ContextProvider.java:375) - ================= AUTO_ROTATION =================
06-15 13:47:12.891  3563  4107 I CAE     : display(ContextProvider.java:391) - Angle=[-1]
06-15 13:47:12.901  3563  4110 D SContextService: updateSContext() : event = Auto Rotation
06-15 13:47:12.901 10358 10993 D mali_winsys: new_window_surface returns 0x3000,  [1592x1052]-format:1
06-15 13:47:12.911 10358 10358 W DisplayListCanvas: DisplayListCanvas is started on unbinded RenderNode (without mOwningView)
06-15 13:47:12.921  3070  3070 D libEGL  : eglInitialize EGLDisplay = 0x7fcce02e88
06-15 13:47:12.921  3563  4710 V WindowStateAnimator: Finishing drawing window Window{2e84524 u0 d0 com.rongle.desktop}: mDrawState=DRAW_PENDING
06-15 13:47:12.921 10358 10358 D ViewRootImpl: MSG_RESIZED_REPORT: ci=Rect(0, 0 - 0, 0) vi=Rect(0, 0 - 0, 0) or=1
06-15 13:47:12.941  3563  4691 V WindowStateAnimator: Finishing drawing window Window{2e84524 u0 d0 com.rongle.desktop}: mDrawState=HAS_DRAWN
06-15 13:47:12.941  3070  3070 D libEGL  : eglInitialize EGLDisplay = 0x7fcce02e88
06-15 13:47:14.501  3070  3070 D libEGL  : eglInitialize EGLDisplay = 0x7fcce02e88
06-15 13:47:16.971  4225  4225 D KeyguardUpdateMonitor: received broadcast android.intent.action.BATTERY_CHANGED
06-15 13:47:16.971  4225  4225 D KeyguardUpdateMonitor: handleBatteryUpdate
06-15 13:47:16.991  4796  4796 D CommonServiceConfiguration: getStringValueSetting
06-15 13:47:17.001  5241  5241 V HeadsetService: HeadsetService - Received Intent.ACTION_BATTERY_CHANGED
06-15 13:47:17.001  5241  5589 D HeadsetStateMachine: Disconnected process message: 10, size: 0
06-15 13:47:17.011  4796  4796 D BatteryMonitor: new battery level: 37
06-15 13:47:18.231  3563  4119 D InputReader: Input event(3): value=1 when=8483787511000
06-15 13:47:18.231  3563  4119 D InputReader: Input event(3): value=1 when=8483787511000
06-15 13:47:18.231  3563  4119 I InputReader: Touch event's action is 0x0 (deviceType=0) [pCnt=1, s=0.852 ] when=8483787511000
06-15 13:47:18.231  3563  4119 D InputReader: lastThreadEndTime = 8476793584874, currentThreadStartTime = 8476793587499, diff = 0
06-15 13:47:18.231  3563  4118 I InputDispatcher: Delivering touch to (10358): action: 0x0, toolType: 1
06-15 13:47:18.241 10358 10358 D ViewRootImpl: ViewPostImeInputStage processPointer 0
06-15 13:47:18.301  3563  4119 D InputReader: Input event(3): value=0 when=8483857579000
06-15 13:47:18.301  3563  4119 D InputReader: Input event(3): value=0 when=8483857579000
06-15 13:47:18.301  3563  4119 I InputReader: Touch event's action is 0x1 (deviceType=0) [pCnt=1, s=] when=8483857579000
06-15 13:47:18.301  3563  4118 I InputDispatcher: Delivering touch to (10358): action: 0x1, toolType: 1
06-15 13:47:18.301 10358 10358 D ViewRootImpl: ViewPostImeInputStage processPointer 1
06-15 13:47:18.311  3070  4894 D libEGL  : eglTerminate EGLDisplay = 0x7f9f4b7e78
06-15 13:47:18.311  3070  4894 D libEGL  : eglTerminate EGLDisplay = 0x7f9f4b7e78
06-15 13:47:18.311 10358 10358 D ViewRootImpl: #3 mView = null
06-15 13:47:18.321  4225  4225 D PhoneStatusBar: setSystemUiVisibility vis=8600 mask=ffffffff oldVal=8000 newVal=8600 diff=600
06-15 13:47:18.321  3563  4684 D InputDispatcher: Focus left window: 10358
06-15 13:47:18.321  3563  4684 D InputDispatcher: Focus entered window: 10358
06-15 13:47:18.321  3563  3671 D PointerIcon: setMouseIconStyle1 pointerType: 1001 iconType:101 flag:0 pid:3563 uid:1000
06-15 13:47:18.321  3563  3671 D PointerIcon: setMouseCustomIcon IconType is same.101
06-15 13:47:18.321 10358 10358 D TableManager: Table [RobotBean] Exist
06-15 13:47:18.321 10358 10358 V Querier : ----> Query Start: SQLStatement [sql=SELECT id  FROM RobotBean, bindArgs=null, mStatement=null]
06-15 13:47:18.321 10358 10358 I Querier : <---- Query End , cursor size : 1
06-15 13:47:18.321 10358 10358 I Transaction: ----> BeginTransaction
06-15 13:47:18.321 10358 10358 D TableManager: Table [RobotBean] Exist
06-15 13:47:18.321 10358 10358 D SQLStatement: SQL Execute: [DELETE FROM RobotBean WHERE id=?] ARGS--> [50]
06-15 13:47:18.321 10358 10358 V SQLStatement: SQL Execute Delete --> 1
06-15 13:47:18.321 10358 10358 I Transaction: ----> Transaction Successful
06-15 13:47:18.331 10358 10358 I Timeline: Timeline: Activity_launch_request id:com.rongle.desktop time:8483881
06-15 13:47:18.341  3563  4640 D InputDispatcher: Focused application set to: xxxx
06-15 13:47:18.341  3563  4640 D InputDispatcher: Focus left window: 10358
06-15 13:47:18.341  3563  3671 D PointerIcon: setMouseIconStyle1 pointerType: 1001 iconType:101 flag:0 pid:3563 uid:1000
06-15 13:47:18.341  3563  3671 D PointerIcon: setMouseCustomIcon IconType is same.101
06-15 13:47:18.341 10358 10358 E ViewRootImpl: sendUserActionEvent() mView == null
06-15 13:47:18.341  3563  4353 D InputMethodManagerService: windowGainedFocus mCurrentFocusedUserId - 0 and mSecureKeypadEnabled-false
06-15 13:47:18.341 10358 10358 E xw      : onPause
06-15 13:47:18.351 10358 10358 E xw111111: onStop
06-15 13:47:18.351 10358 10358 E xw      : onDestroyView
06-15 13:47:18.371 10358 10358 D Activity: performCreate Call Injection manager
06-15 13:47:18.371 10358 10358 I InjectionManager: dispatchOnViewCreated > Target : com.rongle.desktop.activity.login.activity.LoginActivity isFragment :false
06-15 13:47:18.371 10358 10358 D ViewRootImpl: #1 mView = com.android.internal.policy.PhoneWindow$DecorView{8b2cb40 I.E...... R.....ID 0,0-0,0}
06-15 13:47:18.371  3563  4684 D ISSUE_DEBUG: InputChannelName : 25b4c45 com.rongle.desktop/com.rongle.desktop.activity.login.activity.LoginActivity
06-15 13:47:18.371  3563  5297 D ActivityManager: post active user change for 0 fullscreen true isFloatingActivity() false isHomeActivity() false
06-15 13:47:18.371  3563  5297 D KnoxTimeoutHandler: postActiveUserChange [MsgParam] userId: 0 fullscreen is true showWhenlocked is false
06-15 13:47:18.371  3563  3563 D KnoxTimeoutHandler: handleActiveUserChange [MsgParam] userId: 0 fullscreen is true showWhenlocked is false
06-15 13:47:18.371  3563  3563 I KnoxTimeoutHandler: Shared devices show user statefalse
06-15 13:47:18.381  3070  3070 I SurfaceFlinger: id=408 createSurf (1x1),1 flag=404, MoginActivi
06-15 13:47:18.391  3563  4640 D InputDispatcher: Focus entered window: 10358
06-15 13:47:18.401  3563  3671 D PointerIcon: setMouseIconStyle1 pointerType: 1001 iconType:101 flag:0 pid:3563 uid:1000
06-15 13:47:18.401  3563  3671 D PointerIcon: setMouseCustomIcon IconType is same.101
06-15 13:47:18.401 10358 10993 D mali_winsys: new_window_surface returns 0x3000,  [1440x2560]-format:1
06-15 13:47:18.401 10358 10358 W DisplayListCanvas: DisplayListCanvas is started on unbinded RenderNode (without mOwningView)
06-15 13:47:18.401 10358 10358 W DisplayListCanvas: DisplayListCanvas is started on unbinded RenderNode (without mOwningView)
06-15 13:47:18.411  3563  4268 V WindowStateAnimator: Finishing drawing window Window{25b4c45 u0 d0 com.rongle.desktop/com.rongle.desktop.activity.login.activity.LoginActivity}: mDrawState=DRAW_PENDING
06-15 13:47:18.411 10358 10358 D ViewRootImpl: MSG_RESIZED_REPORT: ci=Rect(0, 96 - 0, 0) vi=Rect(0, 96 - 0, 0) or=1
06-15 13:47:18.411  3070  3070 D libEGL  : eglInitialize EGLDisplay = 0x7fcce02e88
06-15 13:47:18.411  3563  4554 D InputMethodManagerService: windowGainedFocus mCurrentFocusedUserId - 0 and mSecureKeypadEnabled-false
06-15 13:47:18.421  3563  3671 D KnoxTimeoutHandler: notifyActivityDrawn [MsgParam] userId: 0 fullscreen is true showWhenlocked is false
06-15 13:47:18.421  3563  3671 I ActivityManager: Displayed com.rongle.desktop/.activity.login.activity.LoginActivity: +74ms
06-15 13:47:18.421  8948  8948 D SamsungIME: IMPL finishInput
06-15 13:47:18.421  3563  3563 D KnoxTimeoutHandler: activityDrawn [MsgParam] userId: 0 fullscreen is true showWhenlocked is false
06-15 13:47:18.421  8948  8948 D RMHelper: SamsungIME : RMisReady() : client is null
06-15 13:47:18.421  8948  8948 D RMHelper: SamsungIME : RMisReady() : client is null
06-15 13:47:18.421  8948  8948 D RMHelper: RMHelper : initHelper()
06-15 13:47:18.421  8948  8948 D RMHelper: SamsungIME : initHelper() : client is null
06-15 13:47:18.421  8948  8948 D RMHelper: SamsungIME : RMisReady() : client is null
06-15 13:47:18.421  8948  8948 D RMHelper: SamsungIME : RMisReady() : client is null
06-15 13:47:18.421  8948  8948 D RMHelper: RMHelper : initHelper()
06-15 13:47:18.421  8948  8948 D RMHelper: SamsungIME : initHelper() : client is null
06-15 13:47:18.421  8948  8948 D RMHelper: SamsungIME : RMisReady() : client is null
06-15 13:47:18.421  8948  8948 D RMHelper: SamsungIME : RMisReady() : client is null
06-15 13:47:18.421  8948  8948 D RMHelper: RMHelper : initHelper()
06-15 13:47:18.421  3563  3563 I KnoxTimeoutHandler: SD activityfalse
06-15 13:47:18.421  8948  8948 D RMHelper: SamsungIME : initHelper() : client is null
06-15 13:47:18.421 10358 10358 W DisplayListCanvas: DisplayListCanvas is started on unbinded RenderNode (without mOwningView)
06-15 13:47:18.421  3563  4710 V WindowStateAnimator: Finishing drawing window Window{25b4c45 u0 d0 com.rongle.desktop/com.rongle.desktop.activity.login.activity.LoginActivity}: mDrawState=HAS_DRAWN
06-15 13:47:18.431  3070  3070 D libEGL  : eglInitialize EGLDisplay = 0x7fcce02e88
06-15 13:47:18.431  3070  4191 D libEGL  : eglTerminate EGLDisplay = 0x7fa173ee78
06-15 13:47:18.431  3070  4191 D libEGL  : eglTerminate EGLDisplay = 0x7fa173ee78
06-15 13:47:18.431 10358 10358 I Timeline: Timeline: Activity_idle id: android.os.BinderProxy@9356b36 time:8483986
06-15 13:47:18.491  3070  3261 I SurfaceFlinger: id=407 Removed  (10/10)
06-15 13:47:18.501  3070  3263 I SurfaceFlinger: id=407 Removed  (-2/10)
06-15 13:47:18.511  3070  3070 D libEGL  : eglTerminate EGLDisplay = 0x7fcce02fb8
06-15 13:47:18.661  3563  3671 I Timeline: Timeline: Activity_windows_visible id: ActivityRecord{fce988d u0 com.rongle.desktop/.activity.login.activity.LoginActivity t56} time:8484217
06-15 13:47:18.661  3070  4191 I SurfaceFlinger: id=406 Removed IomeActivit (3/9)
06-15 13:47:18.671  3070  3261 I SurfaceFlinger: id=406 Removed IomeActivit (-2/9)
06-15 13:47:18.671  3563  3671 D KnoxTimeoutHandler: notifyActivityDrawn [MsgParam] userId: 0 fullscreen is true showWhenlocked is false
06-15 13:47:18.671  3563  3563 D KnoxTimeoutHandler: activityDrawn [MsgParam] userId: 0 fullscreen is true showWhenlocked is false
06-15 13:47:18.671 10358 10358 D ViewRootImpl: #3 mView = null
06-15 13:47:18.671  3563  3563 I KnoxTimeoutHandler: SD activityfalse
06-15 13:47:18.681  3070  3070 D libEGL  : eglTerminate EGLDisplay = 0x7fcce02fb8
06-15 13:47:18.931  3070  3070 D libEGL  : eglInitialize EGLDisplay = 0x7fcce02e88
06-15 13:47:19.121 10358 27991 I xwsendmsg: DRMessage{header=DRMessageHeader{magic_number=-410023267, version=1000, content_flag=3, content_offset=20, length=267, check_code=0, extend={}}, body=DRMessageBody{token='77e1a10626a217ecefb0d4a387972801ec44587576f7fb5e6af4aa72a90a342bc844b4d272f9c7d0aaa9a25e7debea6e', recvid='1711CP010002001', content=DRMessageContent{appkey='13479110', robotkey='null', api='heartbeat', destid='null', error_msg='success', error_no='200', extra=null}}}
06-15 13:47:19.201 10358 27991 I System.out: ************************* :DRMessage{header=DRMessageHeader{magic_number=-410023267, version=1000, content_flag=3, content_offset=20, length=50, check_code=0, extend={}}, body=DRMessageBody{token='null', recvid='null', content=DRMessageContent{appkey='null', robotkey='null', api='null', destid='null', error_msg='permission denied', error_no='406', extra=null}}}
06-15 13:47:19.201 10358 27991 E way     : ~~~~~~~~~~~~~~~~~~~~~~~~~~~~~~~null
06-15 13:47:19.201 10358 27991 D EventBus: No subscribers registered for event class com.rongle.desktop.event.MessageEvent
06-15 13:47:19.201 10358 27991 D EventBus: No subscribers registered for event class org.greenrobot.eventbus.NoSubscriberEvent
06-15 13:47:19.201 10358 27991 I System.out: token  : false
06-15 13:47:19.201 10358 27991 I System.out: -================================================: key DRMessageContent{appkey='null', robotkey='null', api='null', destid='null', error_msg='permission denied', error_no='406', extra=null}
06-15 13:47:19.211 10358 27988 E connect : 
06-15 13:47:19.211 10358 27988 I System.out: false
06-15 13:47:19.251  3563  4119 D InputReader: Input event(3): value=1 when=8484806386000
06-15 13:47:19.251  3563  4119 D InputReader: Input event(3): value=1 when=8484806386000
06-15 13:47:19.251  3563  4119 I InputReader: Touch event's action is 0x0 (deviceType=0) [pCnt=1, s=0.853 ] when=8484806386000
06-15 13:47:19.251  3563  4119 D InputReader: lastThreadEndTime = 8483857794878, currentThreadStartTime = 8483857799253, diff = 0
06-15 13:47:19.251  3563  4118 I InputDispatcher: Delivering touch to (4225): action: 0x4, toolType: 1
06-15 13:47:19.251  3563  4118 I InputDispatcher: Delivering touch to (6733): action: 0x4, toolType: 1
06-15 13:47:19.251  3563  4118 I InputDispatcher: Delivering touch to (10358): action: 0x0, toolType: 1
06-15 13:47:19.251 10358 10358 D ViewRootImpl: ViewPostImeInputStage processPointer 0
06-15 13:47:19.251  6733  6733 D AutoHideHelper: ###check Single invalid
06-15 13:47:19.311  3563  4119 D InputReader: Input event(3): value=0 when=8484865204000
06-15 13:47:19.311  3563  4119 D InputReader: Input event(3): value=0 when=8484865204000
06-15 13:47:19.311  3563  4119 I InputReader: Touch event's action is 0x1 (deviceType=0) [pCnt=1, s=] when=8484865204000
06-15 13:47:19.311  3563  4118 I InputDispatcher: Delivering touch to (10358): action: 0x1, toolType: 1
06-15 13:47:19.311 10358 10358 D ViewRootImpl: ViewPostImeInputStage processPointer 1
06-15 13:47:19.311  8948  8948 D SamsungIME: IMPL finishInput
06-15 13:47:19.391  8948  8948 D RMHelper: SamsungIME : RMisReady() : client is null
06-15 13:47:19.391  8948  8948 D RMHelper: SamsungIME : RMisReady() : client is null
06-15 13:47:19.391  8948  8948 D RMHelper: RMHelper : initHelper()
06-15 13:47:19.401  8948  8948 D RMHelper: SamsungIME : initHelper() : client is null
06-15 13:47:19.401  8948  8948 D RMHelper: SamsungIME : RMisReady() : client is null
06-15 13:47:19.401  8948  8948 D RMHelper: SamsungIME : RMisReady() : client is null
06-15 13:47:19.401  8948  8948 D RMHelper: RMHelper : initHelper()
06-15 13:47:19.401  8948  8948 D RMHelper: SamsungIME : initHelper() : client is null
06-15 13:47:19.401  8948  8948 D RMHelper: SamsungIME : RMisReady() : client is null
06-15 13:47:19.401  8948  8948 D RMHelper: SamsungIME : RMisReady() : client is null
06-15 13:47:19.401  8948  8948 D RMHelper: RMHelper : initHelper()
06-15 13:47:19.401  8948  8948 D RMHelper: SamsungIME : initHelper() : client is null
06-15 13:47:19.401  8948  8948 D SamsungIME: onViewClicked
06-15 13:47:19.401  8948  8948 E SamsungIME: resetNeedToLoadHwrLibrary : 1
06-15 13:47:19.411  8948  8948 D SamsungIME: onStartInputView requsted restarting value = false
06-15 13:47:19.411  8948  8948 D SamsungIME: onStartInputView After call super -  restarting value = false
06-15 13:47:19.411  8948  8948 D SamsungIME: disable handwriting input icon : handwriting is not enabled or improper edit field
06-15 13:47:19.411  8948  8948 D SamsungIME_HWR: DynamicHwrLoadPerf, InitHwrLib time = 0 ms
06-15 13:47:19.411  8948  8948 D SamsungIME_HWR: DynamicHwrLoadPerf, setAvailableHWRLanguage time = 0 ms
06-15 13:47:19.411  8948  8948 D SamsungIME_HWR: DynamicHwrLoadPerf, updateHwrInputModule time = 0 ms
06-15 13:47:19.411  8948  8948 D DragonTrigger: isVoiceSupportedModelWithoutSvoice : true device : zerofltechn
06-15 13:47:19.411  8948  8948 D SamsungIME: [startInputView] info.inputType = 131201 info.imeOptions = 1140850694
06-15 13:47:19.411  8948  8948 I SamsungIME: Update SetupWizard State usc : 1 pss : false
06-15 13:47:19.411  8948  8948 I SamsungIME: Update SetupWizard State usc : 1 pss : false
06-15 13:47:19.411  8948  8948 D DragonTrigger: isVoiceSupportedModelWithoutSvoice : true device : zerofltechn
06-15 13:47:19.421  8948  8948 I SamsungIME: ET9AWSetFastAdaptation failed
06-15 13:47:19.421  8948  8948 I SamsungIME: ET9KDLMInit : 2
06-15 13:47:19.421  8948  8948 I SamsungIME: ET9JDLMInit : 2
06-15 13:47:19.421  8948  8948 E SamsungIME: lang.getLanguageCode():en, lang.getCountryCode():US
06-15 13:47:19.421  8948  8948 E SamsungIME: lang.getLanguageCode():zh, lang.getCountryCode():CN
06-15 13:47:19.421  8948  8948 W SamsungIME: makeSelectedLanguageList:en_US;zh_CN;
06-15 13:47:19.421  8948  8948 I SamsungIME: [IMI] isChangedMainValues - bRetVal : true
06-15 13:47:19.421  8948 28036 E SamsungIME: sendInputLanguage() : en_US, en_US;zh_CN;
06-15 13:47:19.421  8948  8948 I SamsungIME: getDebugLevel  : 0x4f4c
06-15 13:47:19.431  8948  8948 I SamsungIME: KeybaordView init() : load resources
06-15 13:47:19.431  8948  8948 I SamsungIME: getCurrentKeyboard
06-15 13:47:19.431  8948  8948 I SamsungIME: getTextKeyboard
06-15 13:47:19.431  8948  8948 I SamsungIME: CarMode is off 
06-15 13:47:19.431  8948  8948 D SamsungIME: mDisplayWidth is 1440
06-15 13:47:19.431  8948  8948 D SamsungIME: mDisplayHeight is 2560
06-15 13:47:19.431  8948  8948 D SamsungIME: isOrientationLandscape false
06-15 13:47:19.431  8948  8948 D SamsungIME: mDisplayWidth is 1440
06-15 13:47:19.431  8948  8948 D SamsungIME: mDisplayHeight is 2560
06-15 13:47:19.431  8948  8948 D SamsungIME: isOrientationLandscape false
06-15 13:47:19.441  8948  8948 D SamsungIME: mIsUseStaticTouchRecognizedArea =  false
06-15 13:47:19.441  8948  8948 D SamsungIME: [AbstractKeyboardView] onDetachedFromWindow.
06-15 13:47:19.441  8948  8948 D SamsungIME: Magnification Enabled = false
06-15 13:47:19.441  8948  8948 D SamsungIME: Dismiss ExpandCandiate
06-15 13:47:19.441  8948  8948 E SamsungIME: lang.getLanguageCode():en, lang.getCountryCode():US
06-15 13:47:19.441  8948  8948 E SamsungIME: lang.getLanguageCode():zh, lang.getCountryCode():CN
06-15 13:47:19.441  8948  8948 W SamsungIME: makeSelectedLanguageList:en_US;zh_CN;
06-15 13:47:19.441  8948  8948 D HWManager: hideBoxHandwritingView
06-15 13:47:19.441  8948  8948 D HWManager: hideFSHandwritingView
06-15 13:47:19.441  8948  8948 W SamsungIME: setChineseStrokeMode() current language is not chinese
06-15 13:47:19.441  8948  8948 D HWManager: hideBoxHandwritingView
06-15 13:47:19.441  8948  8948 D HWManager: hideFSHandwritingView
06-15 13:47:19.441  8948  8948 W SamsungIME: setChineseStrokeMode() current language is not chinese
06-15 13:47:19.441  8948  8948 D SamsungIME: Dismiss ExpandCandiate
06-15 13:47:19.441  8948 28037 E SamsungIME: sendInputLanguage() : en_US, en_US;zh_CN;
06-15 13:47:19.441  8948 28038 E SamsungIME: updateShiftState() : 2
06-15 13:47:19.451  8948  8948 I SamsungIME: ET9AWSetFastAdaptation failed
06-15 13:47:19.451  8948  8948 I SamsungIME: ET9KDLMInit : 2
06-15 13:47:19.451  8948  8948 I SamsungIME: ET9JDLMInit : 2
06-15 13:47:19.451  8948  8948 I SamsungIME: getCurrentKeyboard
06-15 13:47:19.451  8948  8948 I SamsungIME: getTextKeyboard
06-15 13:47:19.451  8948  8948 I SamsungIME: CarMode is off 
06-15 13:47:19.451  8948  8948 E SamsungIME: get previous
06-15 13:47:19.451  8948  8948 D SamsungIME: mIsUseStaticTouchRecognizedArea =  false
06-15 13:47:19.451  8948  8948 D HWManager: hideBoxHandwritingView
06-15 13:47:19.451  8948  8948 D HWManager: hideFSHandwritingView
06-15 13:47:19.451  8948  8948 W SamsungIME: setChineseStrokeMode() current language is not chinese
06-15 13:47:19.451  8948  8948 D SamsungIME: Dismiss ExpandCandiate
06-15 13:47:19.461  8948  8948 I SamsungIME: ET9AWSetFastAdaptation failed
06-15 13:47:19.461  8948  8948 I SamsungIME: ET9KDLMInit : 2
06-15 13:47:19.461  8948  8948 I SamsungIME: ET9JDLMInit : 2
06-15 13:47:19.461  8948  8948 D SamsungIME_UnifiedIME: setToolbarVisiblility, visible = true
06-15 13:47:19.461  8948  8948 D SamsungIME_UnifiedIME: InputManagerImpl, mCloudHandler: 72
06-15 13:47:19.461  8948  8948 D SamsungIME_UnifiedIME: InputManagerImpl, mCloudHandler: 72
06-15 13:47:19.461  8948  8948 D SamsungIME: startInputViewContinue : true true
06-15 13:47:19.461  8948  8948 D SamsungIME: [showDiscoverability] this is auto replacement discoverity popup
06-15 13:47:19.461  8948  8948 D SamsungIME: conditions for show dialog : true true true false
06-15 13:47:19.461  8948  8948 D SamsungIME: showDlgMsgBox : true true true
06-15 13:47:19.461  8948  8948 D SamsungIME: showDlgMsgBox inner condition : true true
06-15 13:47:19.461  8948  8948 I SamsungIME: [IMI] startInputView - caller pid : 10358, caller uid : 10875
06-15 13:47:19.461  8948 28040 D InputMethodFrameWorkUtils: InputMethodSubtype is found as local:en_US
06-15 13:47:19.461  8948  8948 D SamsungIME: onWindowShown
06-15 13:47:19.461  8948 28040 D InputMethodFrameWorkUtils: InputMethodSubtype is set as local:en_US
06-15 13:47:19.471  3070  3070 I SurfaceFlinger: id=409 createSurf (1440x1384),1 flag=4, JnputMethod
06-15 13:47:19.471  6733  6733 D EventStateReceiver: [c] IS_VISIBLE_WINDOW #1:true, IS_MOVABLE_KEYPAD:false
06-15 13:47:19.471  6733  6733 E EventStateReceiver: mIsOpenIME:false  isOpenIME:true
06-15 13:47:19.471  6733  6733 I AirMessagePosHelper: imeStatusChanged  isOpenIME:  true
06-15 13:47:19.471  6733  6733 I SpApplication: getIMEService
06-15 13:47:19.471  6733  6733 I SpApplication: getIMEService
06-15 13:47:19.471  6733  6733 I SpApplication: getIMEService
06-15 13:47:19.471  6733  6733 I SpApplication: getIMEService
06-15 13:47:19.471  6733  6733 I SpApplication: getIMEService
06-15 13:47:19.471  6733  6733 E AirMessagePosHelper: mImeService is not binded!!
06-15 13:47:19.471  6733  6733 I AirViewBST: # isShowfalse
06-15 13:47:19.471  8948 11485 D mali_winsys: new_window_surface returns 0x3000,  [1440x1384]-format:1
06-15 13:47:19.471 11488 11488 E ProxyStatusReceiver: no this type!
06-15 13:47:19.471  8948  8948 D DragonTrigger: isVoiceSupportedModelWithoutSvoice : true device : zerofltechn
06-15 13:47:19.471  8948  8948 D SamsungIME_UnifiedIME: ToolBarPage createToolBarView tollbar itemNums = 6
06-15 13:47:19.491  8948  8948 E SamsungIME: <AbstractKeyboardView> - onDraw() called
06-15 13:47:19.491  8948  8948 I SamsungIME: drawAllKey
06-15 13:47:19.531  3563  4141 V WindowStateAnimator: Finishing drawing window Window{feaefbe u0 d0 InputMethod}: mDrawState=DRAW_PENDING
06-15 13:47:19.531  8948  8948 E SamsungIME: <AbstractKeyboardView> - onDraw() called
06-15 13:47:19.531 10358 10358 D ViewRootImpl: MSG_RESIZED: ci=Rect(0, 96 - 0, 0) vi=Rect(0, 96 - 0, 1128) or=1
06-15 13:47:19.531  3070  3070 D libEGL  : eglInitialize EGLDisplay = 0x7fcce02e88
06-15 13:47:19.551  3070  3070 D libEGL  : eglInitialize EGLDisplay = 0x7fcce02e88
06-15 13:47:19.561  8948  8948 D SamsungIME: Dismiss ExpandCandiate
06-15 13:47:19.821 10358 10358 W DisplayListCanvas: DisplayListCanvas is started on unbinded RenderNode (without mOwningView)
06-15 13:47:20.221  4225  4426 D NetworkController.MobileSignalController(0/2147483643): onSignalStrengthsChanged signalStrength=SignalStrength: 24 99 -120 -160 -120 -1 -1 99 2147483647 2147483647 2147483647 -1 2147483647 0x4 gsm|lte level=4
06-15 13:47:20.221  4225  4426 D NetworkController.MobileSignalController(0/2147483643): getMobileIconGroup(): 0
06-15 13:47:20.221  4225  4426 D NetworkController.MobileSignalController(0/2147483643): updateCMCCMobileIconGroup(): 0
06-15 13:47:22.371  3563  4119 D InputReader: Input event(3): value=1 when=8487924154000
06-15 13:47:22.371  3563  4119 D InputReader: Input event(3): value=1 when=8487924154000
06-15 13:47:22.371  3563  4119 I InputReader: Touch event's action is 0x0 (deviceType=0) [pCnt=1, s=0.854 ] when=8487924154000
06-15 13:47:22.371  3563  4119 D InputReader: lastThreadEndTime = 8484865448628, currentThreadStartTime = 8484865453711, diff = 0
06-15 13:47:22.371  3563  4118 I InputDispatcher: Delivering touch to (4225): action: 0x4, toolType: 1
06-15 13:47:22.371  3563  4118 I InputDispatcher: Delivering touch to (6733): action: 0x4, toolType: 1
06-15 13:47:22.371  3563  4118 I InputDispatcher: Delivering touch to (8948): action: 0x0, toolType: 1
06-15 13:47:22.371  8948  8948 D ViewRootImpl: ViewPostImeInputStage processPointer 0
06-15 13:47:22.371  8948  8948 D jisu    : mMiniKeyboardOnScreen=false, pointerCount=1, action=0, eventTime8487924, index=0, id=0
06-15 13:47:22.371  6733  6733 D AutoHideHelper: ###check Single invalid
06-15 13:47:22.371  8948  9005 D SamsungIME: vib call
06-15 13:47:22.371  8948  9005 V Vibrator: Called vibrate(int, int, AudioAttributes, MagnitudeTypes) API - PUID: 1000, repeat: -1, PackageName: com.sec.android.inputmethod, MagnitudeType: TouchMagnitude
06-15 13:47:22.371  8948  9005 V Vibrator: vibrate - PUID: 1000, PackageName: com.sec.android.inputmethod, type: 50025, repeat: -1, mag: 6000, AudioAttr : null
06-15 13:47:22.391  8948  8948 E SamsungIME: <AbstractKeyboardView> - onDraw() called
06-15 13:47:22.401  3070  3070 D libEGL  : eglInitialize EGLDisplay = 0x7fcce02e88
06-15 13:47:22.401  8948  8948 D jisu    : mMiniKeyboardOnScreen=false, pointerCount=1, action=2, eventTime8487952, index=0, id=0
06-15 13:47:22.431  8948  8948 D jisu    : mMiniKeyboardOnScreen=false, pointerCount=1, action=2, eventTime8487965, index=0, id=0
06-15 13:47:22.441  8948  8948 D jisu    : mMiniKeyboardOnScreen=false, pointerCount=1, action=2, eventTime8487993, index=0, id=0
06-15 13:47:22.451  3563  4119 D InputReader: Input event(3): value=0 when=8488007544000
06-15 13:47:22.451  3563  4119 D InputReader: Input event(3): value=0 when=8488007544000
06-15 13:47:22.451  3563  4119 I InputReader: Touch event's action is 0x1 (deviceType=0) [pCnt=1, s=] when=8488007544000
06-15 13:47:22.451  3563  4118 I InputDispatcher: Delivering touch to (8948): action: 0x1, toolType: 1
06-15 13:47:22.451  8948  8948 D jisu    : mMiniKeyboardOnScreen=false, pointerCount=1, action=2, eventTime8487995, index=0, id=0
06-15 13:47:22.451  8948  8948 D ViewRootImpl: ViewPostImeInputStage processPointer 1
06-15 13:47:22.451  8948  8948 D jisu    : mMiniKeyboardOnScreen=false, pointerCount=1, action=1, eventTime8488007, index=0, id=0
06-15 13:47:22.461  8948  8948 I SamsungIME: [AKV] detectAndSendKey - index : 7, mCurrentInputMethod : 0, mInputLanguage : 1701729619
06-15 13:47:22.461  8948  8948 E SamsungIME: <AbstractKeyboardView> - onDraw() called
06-15 13:47:22.461 10358 10358 W DisplayListCanvas: DisplayListCanvas is started on unbinded RenderNode (without mOwningView)
06-15 13:47:22.651  3563  4119 D InputReader: Input event(3): value=1 when=8488208504000
06-15 13:47:22.651  3563  4119 D InputReader: Input event(3): value=1 when=8488208504000
06-15 13:47:22.651  3563  4119 I InputReader: Touch event's action is 0x0 (deviceType=0) [pCnt=1, s=0.855 ] when=8488208504000
06-15 13:47:22.651  3563  4119 D InputReader: lastThreadEndTime = 8488008021296, currentThreadStartTime = 8488008026421, diff = 0
06-15 13:47:22.651  3563  4118 I InputDispatcher: Delivering touch to (4225): action: 0x4, toolType: 1
06-15 13:47:22.651  3563  4118 I InputDispatcher: Delivering touch to (6733): action: 0x4, toolType: 1
06-15 13:47:22.661  3563  4118 I InputDispatcher: Delivering touch to (8948): action: 0x0, toolType: 1
06-15 13:47:22.661  6733  6733 D AutoHideHelper: ###check Single invalid
06-15 13:47:22.661  8948  8948 D ViewRootImpl: ViewPostImeInputStage processPointer 0
06-15 13:47:22.661  8948  8948 D jisu    : mMiniKeyboardOnScreen=false, pointerCount=1, action=0, eventTime8488208, index=0, id=0
06-15 13:47:22.661  8948  9005 D SamsungIME: vib call
06-15 13:47:22.661  8948  9005 V Vibrator: Called vibrate(int, int, AudioAttributes, MagnitudeTypes) API - PUID: 1000, repeat: -1, PackageName: com.sec.android.inputmethod, MagnitudeType: TouchMagnitude
06-15 13:47:22.661  8948  9005 V Vibrator: vibrate - PUID: 1000, PackageName: com.sec.android.inputmethod, type: 50025, repeat: -1, mag: 6000, AudioAttr : null
06-15 13:47:22.661  8948  8948 E SamsungIME: <AbstractKeyboardView> - onDraw() called
06-15 13:47:22.681  8948  8948 D jisu    : mMiniKeyboardOnScreen=false, pointerCount=1, action=2, eventTime8488227, index=0, id=0
06-15 13:47:22.701  8948  8948 D jisu    : mMiniKeyboardOnScreen=false, pointerCount=1, action=2, eventTime8488244, index=0, id=0
06-15 13:47:22.711  8948  8948 D jisu    : mMiniKeyboardOnScreen=false, pointerCount=1, action=2, eventTime8488261, index=0, id=0
06-15 13:47:22.731  8948  8948 D jisu    : mMiniKeyboardOnScreen=false, pointerCount=1, action=2, eventTime8488278, index=0, id=0
06-15 13:47:22.751  8948  8948 D jisu    : mMiniKeyboardOnScreen=false, pointerCount=1, action=2, eventTime8488294, index=0, id=0
06-15 13:47:22.751  3563  4119 D InputReader: Input event(3): value=0 when=8488302987000
06-15 13:47:22.751  3563  4119 D InputReader: Input event(3): value=0 when=8488302987000
06-15 13:47:22.751  3563  4119 I InputReader: Touch event's action is 0x1 (deviceType=0) [pCnt=1, s=] when=8488302987000
06-15 13:47:22.751  3563  4118 I InputDispatcher: Delivering touch to (8948): action: 0x1, toolType: 1
06-15 13:47:22.751  8948  8948 D ViewRootImpl: ViewPostImeInputStage processPointer 1
06-15 13:47:22.751  8948  8948 D jisu    : mMiniKeyboardOnScreen=false, pointerCount=1, action=1, eventTime8488302, index=0, id=0
06-15 13:47:22.751  8948  8948 I SamsungIME: [AKV] detectAndSendKey - index : 7, mCurrentInputMethod : 0, mInputLanguage : 1701729619
06-15 13:47:22.761  8948  8948 E SamsungIME: <AbstractKeyboardView> - onDraw() called
06-15 13:47:22.761 10358 10358 W DisplayListCanvas: DisplayListCanvas is started on unbinded RenderNode (without mOwningView)
06-15 13:47:22.891  3563  4119 D InputReader: Input event(3): value=1 when=8488444990000
06-15 13:47:22.891  3563  4119 D InputReader: Input event(3): value=1 when=8488444990000
06-15 13:47:22.891  3563  4119 I InputReader: Touch event's action is 0x0 (deviceType=0) [pCnt=1, s=0.856 ] when=8488444990000
06-15 13:47:22.891  3563  4119 D InputReader: lastThreadEndTime = 8488303166380, currentThreadStartTime = 8488303169380, diff = 0
06-15 13:47:22.891  3563  4118 I InputDispatcher: Delivering touch to (4225): action: 0x4, toolType: 1
06-15 13:47:22.891  3563  4118 I InputDispatcher: Delivering touch to (6733): action: 0x4, toolType: 1
06-15 13:47:22.891  3563  4118 I InputDispatcher: Delivering touch to (8948): action: 0x0, toolType: 1
06-15 13:47:22.891  6733  6733 D AutoHideHelper: ###check Single invalid
06-15 13:47:22.891  8948  8948 D ViewRootImpl: ViewPostImeInputStage processPointer 0
06-15 13:47:22.891  8948  8948 D jisu    : mMiniKeyboardOnScreen=false, pointerCount=1, action=0, eventTime8488444, index=0, id=0
06-15 13:47:22.901  8948  9005 D SamsungIME: vib call
06-15 13:47:22.901  8948  9005 V Vibrator: Called vibrate(int, int, AudioAttributes, MagnitudeTypes) API - PUID: 1000, repeat: -1, PackageName: com.sec.android.inputmethod, MagnitudeType: TouchMagnitude
06-15 13:47:22.901  8948  9005 V Vibrator: vibrate - PUID: 1000, PackageName: com.sec.android.inputmethod, type: 50025, repeat: -1, mag: 6000, AudioAttr : null
06-15 13:47:22.911  8948  8948 D jisu    : mMiniKeyboardOnScreen=false, pointerCount=1, action=2, eventTime8488461, index=0, id=0
06-15 13:47:22.911  8948  8948 E SamsungIME: <AbstractKeyboardView> - onDraw() called
06-15 13:47:22.931  8948  8948 D jisu    : mMiniKeyboardOnScreen=false, pointerCount=1, action=2, eventTime8488479, index=0, id=0
06-15 13:47:22.951  8948  8948 D jisu    : mMiniKeyboardOnScreen=false, pointerCount=1, action=2, eventTime8488495, index=0, id=0
06-15 13:47:22.951  3563  4119 D InputReader: Input event(3): value=0 when=8488503814000
06-15 13:47:22.951  3563  4119 D InputReader: Input event(3): value=0 when=8488503814000
06-15 13:47:22.951  3563  4119 I InputReader: Touch event's action is 0x1 (deviceType=0) [pCnt=1, s=] when=8488503814000
06-15 13:47:22.951  3563  4118 I InputDispatcher: Delivering touch to (8948): action: 0x1, toolType: 1
06-15 13:47:22.951  8948  8948 D ViewRootImpl: ViewPostImeInputStage processPointer 1
