06-15 13:45:38.071  3563  3671 I ActivityManager: Displayed com.rongle.desktop/.activity.login.activity.LoginActivity: +70ms
06-15 13:45:38.071  3563  3563 I KnoxTimeoutHandler: SD activityfalse
06-15 13:45:38.071  8948  8948 D SamsungIME: IMPL finishInput
06-15 13:45:38.071  8948  8948 D RMHelper: SamsungIME : RMisReady() : client is null
06-15 13:45:38.071  8948  8948 D RMHelper: SamsungIME : RMisReady() : client is null
06-15 13:45:38.071  8948  8948 D RMHelper: RMHelper : initHelper()
06-15 13:45:38.071  8948  8948 D RMHelper: SamsungIME : initHelper() : client is null
06-15 13:45:38.071  8948  8948 D RMHelper: SamsungIME : RMisReady() : client is null
06-15 13:45:38.071  8948  8948 D RMHelper: SamsungIME : RMisReady() : client is null
06-15 13:45:38.071  8948  8948 D RMHelper: RMHelper : initHelper()
06-15 13:45:38.071  8948  8948 D RMHelper: SamsungIME : initHelper() : client is null
06-15 13:45:38.071  8948  8948 D RMHelper: SamsungIME : RMisReady() : client is null
06-15 13:45:38.071  8948  8948 D RMHelper: SamsungIME : RMisReady() : client is null
06-15 13:45:38.071  8948  8948 D RMHelper: RMHelper : initHelper()
06-15 13:45:38.071  8948  8948 D RMHelper: SamsungIME : initHelper() : client is null
06-15 13:45:38.071 10358 10358 W DisplayListCanvas: DisplayListCanvas is started on unbinded RenderNode (without mOwningView)
06-15 13:45:38.081  3563  4691 V WindowStateAnimator: Finishing drawing window Window{8098f9c u0 d0 com.rongle.desktop/com.rongle.desktop.activity.login.activity.LoginActivity}: mDrawState=HAS_DRAWN
06-15 13:45:38.081  3070  3070 D libEGL  : eglInitialize EGLDisplay = 0x7fcce02e88
06-15 13:45:38.081  3070  4191 D libEGL  : eglTerminate EGLDisplay = 0x7fa173ee78
06-15 13:45:38.081  3070  4191 D libEGL  : eglTerminate EGLDisplay = 0x7fa173ee78
06-15 13:45:38.091 10358 10358 I Timeline: Timeline: Activity_idle id: android.os.BinderProxy@9a12919 time:8383641
06-15 13:45:38.101  4225  4426 D NetworkController: onReceive: intent=Intent { act=android.net.wifi.RSSI_CHANGED flg=0x4000010 bqHint=4 (has extras) }
06-15 13:45:38.171  3070  4894 I SurfaceFlinger: id=396 Removed  (10/10)
06-15 13:45:38.171  3070  4191 I SurfaceFlinger: id=396 Removed  (-2/10)
06-15 13:45:38.181  3070  3070 D libEGL  : eglTerminate EGLDisplay = 0x7fcce02fb8
06-15 13:45:38.331  3563  3671 I Timeline: Timeline: Activity_windows_visible id: ActivityRecord{3bfc404 u0 com.rongle.desktop/.activity.login.activity.LoginActivity t56} time:8383889
06-15 13:45:38.341  3070  3263 I SurfaceFlinger: id=395 Removed IomeActivit (3/9)
06-15 13:45:38.341  3070  4191 I SurfaceFlinger: id=395 Removed IomeActivit (-2/9)
06-15 13:45:38.341 10358 10358 D ViewRootImpl: #3 mView = null
06-15 13:45:38.341  3563  3671 D KnoxTimeoutHandler: notifyActivityDrawn [MsgParam] userId: 0 fullscreen is true showWhenlocked is false
06-15 13:45:38.341  3563  3563 D KnoxTimeoutHandler: activityDrawn [MsgParam] userId: 0 fullscreen is true showWhenlocked is false
06-15 13:45:38.341  3563  3563 I KnoxTimeoutHandler: SD activityfalse
06-15 13:45:38.351  3070  3070 D libEGL  : eglTerminate EGLDisplay = 0x7fcce02fb8
06-15 13:45:38.601  3070  3070 D libEGL  : eglInitialize EGLDisplay = 0x7fcce02e88
06-15 13:45:44.991 10358 27825 I System.out: ************************* :DRMessage{header=DRMessageHeader{magic_number=-410023267, version=1000, content_flag=3, content_offset=20, length=81, check_code=0, extend={}}, body=DRMessageBody{token='null', recvid='null', content=DRMessageContent{appkey='null', robotkey='null', api='kickout', destid='null', error_msg='null', error_no='null', extra=null}}}
06-15 13:45:44.991 10358 27825 I System.out:  kickout : false
06-15 13:45:44.991 10358 27825 D EventBus: No subscribers registered for event class com.songnide.netty.Model.KIckoutEvent
06-15 13:45:44.991 10358 27825 D EventBus: No subscribers registered for event class org.greenrobot.eventbus.NoSubscriberEvent
06-15 13:45:44.991 10358 27825 D EventBus: No subscribers registered for event class com.rongle.desktop.event.MessageEvent
06-15 13:45:44.991 10358 27825 D EventBus: No subscribers registered for event class org.greenrobot.eventbus.NoSubscriberEvent
06-15 13:45:45.021 10358 27824 E connect : 
06-15 13:45:45.031 10358 27824 I System.out: false
06-15 13:45:46.051  4225  4426 D NetworkController.MobileSignalController(0/2147483643): onSignalStrengthsChanged signalStrength=SignalStrength: 26 99 -120 -160 -120 -1 -1 99 2147483647 2147483647 2147483647 -1 2147483647 0x4 gsm|lte level=4
06-15 13:45:46.061  4225  4426 D NetworkController.MobileSignalController(0/2147483643): getMobileIconGroup(): 0
06-15 13:45:46.061  4225  4426 D NetworkController.MobileSignalController(0/2147483643): updateCMCCMobileIconGroup(): 0
06-15 13:45:46.811  4225  4225 D KeyguardUpdateMonitor: received broadcast android.intent.action.BATTERY_CHANGED
06-15 13:45:46.811  4225  4225 D KeyguardUpdateMonitor: handleBatteryUpdate
06-15 13:45:46.831  4796  4796 D CommonServiceConfiguration: getStringValueSetting
06-15 13:45:46.831  5241  5241 V HeadsetService: HeadsetService - Received Intent.ACTION_BATTERY_CHANGED
06-15 13:45:46.831  5241  5589 D HeadsetStateMachine: Disconnected process message: 10, size: 0
06-15 13:45:46.831  4796  4796 D BatteryMonitor: new battery level: 38
06-15 13:45:55.471  4225  4426 D NetworkController.MobileSignalController(0/2147483643): onSignalStrengthsChanged signalStrength=SignalStrength: 23 99 -120 -160 -120 -1 -1 99 2147483647 2147483647 2147483647 -1 2147483647 0x4 gsm|lte level=4
06-15 13:45:55.471  4225  4426 D NetworkController.MobileSignalController(0/2147483643): getMobileIconGroup(): 0
06-15 13:45:55.471  4225  4426 D NetworkController.MobileSignalController(0/2147483643): updateCMCCMobileIconGroup(): 0
06-15 13:45:59.251  4225  4426 D NetworkController: onReceive: intent=Intent { act=android.net.wifi.RSSI_CHANGED flg=0x4000010 bqHint=4 (has extras) }
06-15 13:46:00.001  4225  4225 D KeyguardUpdateMonitor: received broadcast android.intent.action.TIME_TICK
06-15 13:46:00.001  4225  4225 D KeyguardUpdateMonitor: handleTimeUpdate
06-15 13:46:00.031  4225  4225 D Clock   : received broadcast android.intent.action.TIME_TICK
06-15 13:46:00.101  4225  4225 D DateView: received broadcast android.intent.action.TIME_TICK
06-15 13:46:00.181 14763 14763 D [WeatherWidget(1347)]  WeatherService: {[B73D43639EB27FAA34EF41A6129C1FA74EE523C06D7536E6814BAB417862AF9BA63017AC2C1E20CC004E1F7C09A488FE6E8405EF4D3F04CE1548AAA5BC357D19]}
06-15 13:46:00.181 14763 14763 D [WeatherWidget(1347)]  : {[3AE6950019B083611567B0F9442DB03E46FB6DE766AD55CE2B94B9E5E5C0C8EB]}
06-15 13:46:00.191 14763 14763 D [WeatherWidget(1347)]  : {[3AE6950019B083611567B0F9442DB03EBE3344DB7EA709231FA889CBE1BA042A320074BE8FD000B75A46F83623A94B345781FFA4E571FCB567CDD3ACBB4B71CA9A8DA816B62AD258F47FED804A81BE3F]}
06-15 13:46:00.191 14763 14763 D [WeatherWidget(1347)]  : {[A1AF0F6A1A65A89C43D705938923D0FE9D71D1E79F916BF028A9BE05C24DCFF6325489ACDDEBE2E457F72259BC6C2EAAF709C3268F3DFAF1155E85EC17130C8BA36A6CE8762F34272CAD23369CED9D7597433602BBF4A7597CA528FB7DD29F52B02CFDF1406AC410867E135655604B9B]}
06-15 13:46:00.191 14763 14763 D [WeatherWidget(1347)]  : {[483B5B7E147A3DD4E13C8EC20B3BDD854E22413F3C9169F664B5925485A18F29]}
06-15 13:46:02.271  4225  4426 D NetworkController: onReceive: intent=Intent { act=android.net.wifi.RSSI_CHANGED flg=0x4000010 bqHint=4 (has extras) }
06-15 13:46:02.541  4225  4426 D NetworkController.MobileSignalController(0/2147483643): onSignalStrengthsChanged signalStrength=SignalStrength: 25 99 -120 -160 -120 -1 -1 99 2147483647 2147483647 2147483647 -1 2147483647 0x4 gsm|lte level=4
06-15 13:46:02.541  4225  4426 D NetworkController.MobileSignalController(0/2147483643): getMobileIconGroup(): 0
06-15 13:46:02.541  4225  4426 D NetworkController.MobileSignalController(0/2147483643): updateCMCCMobileIconGroup(): 0
06-15 13:46:05.731  8948 27843 I SamsungIME: call writeDBdataToFileOnFinishInput()
06-15 13:46:09.591  4225  4426 D NetworkController.MobileSignalController(0/2147483643): onSignalStrengthsChanged signalStrength=SignalStrength: 27 99 -120 -160 -120 -1 -1 99 2147483647 2147483647 2147483647 -1 2147483647 0x4 gsm|lte level=4
06-15 13:46:09.601  4225  4426 D NetworkController.MobileSignalController(0/2147483643): getMobileIconGroup(): 0
06-15 13:46:09.601  4225  4426 D NetworkController.MobileSignalController(0/2147483643): updateCMCCMobileIconGroup(): 0
06-15 13:46:13.751  3563  4087 I TLC_TIMA_PKM_measure_kernel: TIMA: response_id = 3
06-15 13:46:13.751  3563  4087 I TLC_TIMA_PKM_measure_kernel: TIMA: response ret = 0, result_ondemand = MSG=Kernel Verification Success;
06-15 13:46:16.841  4225  4225 D KeyguardUpdateMonitor: received broadcast android.intent.action.BATTERY_CHANGED
06-15 13:46:16.841  4225  4225 D KeyguardUpdateMonitor: handleBatteryUpdate
06-15 13:46:16.851  4796  4796 D CommonServiceConfiguration: getStringValueSetting
06-15 13:46:16.851  5241  5241 V HeadsetService: HeadsetService - Received Intent.ACTION_BATTERY_CHANGED
06-15 13:46:16.851  5241  5589 D HeadsetStateMachine: Disconnected process message: 10, size: 0
06-15 13:46:16.851  4796  4796 D BatteryMonitor: new battery level: 38
06-15 13:46:20.191  4225  4426 D NetworkController.MobileSignalController(0/2147483643): onSignalStrengthsChanged signalStrength=SignalStrength: 26 99 -120 -160 -120 -1 -1 99 2147483647 2147483647 2147483647 -1 2147483647 0x4 gsm|lte level=4
06-15 13:46:20.191  4225  4426 D NetworkController.MobileSignalController(0/2147483643): getMobileIconGroup(): 0
06-15 13:46:20.191  4225  4426 D NetworkController.MobileSignalController(0/2147483643): updateCMCCMobileIconGroup(): 0
06-15 13:46:27.371  4626  4688 D ContactsProvider_EventLog: contents_sample_state: [contacts(0) raw_contacts(0) raw_contacts deleted(0) data(0) accounts({}) accounts deleted({}) ]
06-15 13:46:34.181 20788 20805 I Quasar  : start to send events
06-15 13:46:37.031  3563  4119 D InputReader: Input event(3): value=1 when=8442586909000
06-15 13:46:37.031  3563  4119 D InputReader: Input event(3): value=1 when=8442586909000
06-15 13:46:37.031  3563  4119 I InputReader: Touch event's action is 0x0 (deviceType=0) [pCnt=1, s=0.818 ] when=8442586909000
06-15 13:46:37.031  3563  4119 D InputReader: lastThreadEndTime = 8416791739721, currentThreadStartTime = 8416791763887, diff = 0
06-15 13:46:37.031  3563  4118 I InputDispatcher: Delivering touch to (4225): action: 0x4, toolType: 1
06-15 13:46:37.031  3563  4118 I InputDispatcher: Delivering touch to (6733): action: 0x4, toolType: 1
06-15 13:46:37.031  3563  4118 I InputDispatcher: Delivering touch to (10358): action: 0x0, toolType: 1
06-15 13:46:37.031 10358 10358 D ViewRootImpl: ViewPostImeInputStage processPointer 0
06-15 13:46:37.041  6733  6733 D AutoHideHelper: ###check Single invalid
06-15 13:46:37.101  3563  4119 D InputReader: Input event(3): value=0 when=8442656073000
06-15 13:46:37.101  3563  4119 D InputReader: Input event(3): value=0 when=8442656073000
06-15 13:46:37.101  3563  4119 I InputReader: Touch event's action is 0x1 (deviceType=0) [pCnt=1, s=] when=8442656073000
06-15 13:46:37.101  3563  4118 I InputDispatcher: Delivering touch to (10358): action: 0x1, toolType: 1
06-15 13:46:37.101 10358 10358 D ViewRootImpl: ViewPostImeInputStage processPointer 1
06-15 13:46:37.101  8948  8948 D SamsungIME: IMPL finishInput
06-15 13:46:37.191  8948  8948 D RMHelper: SamsungIME : RMisReady() : client is null
06-15 13:46:37.191  8948  8948 D RMHelper: SamsungIME : RMisReady() : client is null
06-15 13:46:37.191  8948  8948 D RMHelper: RMHelper : initHelper()
06-15 13:46:37.191  8948  8948 D RMHelper: SamsungIME : initHelper() : client is null
06-15 13:46:37.191  8948  8948 D RMHelper: SamsungIME : RMisReady() : client is null
06-15 13:46:37.191  8948  8948 D RMHelper: SamsungIME : RMisReady() : client is null
06-15 13:46:37.191  8948  8948 D RMHelper: RMHelper : initHelper()
06-15 13:46:37.191  8948  8948 D RMHelper: SamsungIME : initHelper() : client is null
06-15 13:46:37.191  8948  8948 D RMHelper: SamsungIME : RMisReady() : client is null
06-15 13:46:37.191  8948  8948 D RMHelper: SamsungIME : RMisReady() : client is null
06-15 13:46:37.191  8948  8948 D RMHelper: RMHelper : initHelper()
06-15 13:46:37.191  8948  8948 D RMHelper: SamsungIME : initHelper() : client is null
06-15 13:46:37.191  8948  8948 D SamsungIME: onViewClicked
06-15 13:46:37.191  8948  8948 E SamsungIME: resetNeedToLoadHwrLibrary : 1
06-15 13:46:37.201  8948  8948 D SamsungIME: onStartInputView requsted restarting value = false
06-15 13:46:37.201  8948  8948 D SamsungIME: onStartInputView After call super -  restarting value = false
06-15 13:46:37.201  8948  8948 D SamsungIME: disable handwriting input icon : handwriting is not enabled or improper edit field
06-15 13:46:37.201  8948  8948 D SamsungIME_HWR: DynamicHwrLoadPerf, InitHwrLib time = 0 ms
06-15 13:46:37.201  8948  8948 D SamsungIME_HWR: DynamicHwrLoadPerf, setAvailableHWRLanguage time = 0 ms
06-15 13:46:37.201  8948  8948 D SamsungIME_HWR: DynamicHwrLoadPerf, updateHwrInputModule time = 0 ms
06-15 13:46:37.201  8948  8948 D DragonTrigger: isVoiceSupportedModelWithoutSvoice : true device : zerofltechn
06-15 13:46:37.201  8948  8948 D SamsungIME: [startInputView] info.inputType = 131201 info.imeOptions = 1140850694
06-15 13:46:37.201  8948  8948 I SamsungIME: Update SetupWizard State usc : 1 pss : false
06-15 13:46:37.211  8948  8948 I SamsungIME: Update SetupWizard State usc : 1 pss : false
06-15 13:46:37.211  8948  8948 D DragonTrigger: isVoiceSupportedModelWithoutSvoice : true device : zerofltechn
06-15 13:46:37.221  8948  8948 I SamsungIME: ET9AWSetFastAdaptation failed
06-15 13:46:37.221  8948  8948 I SamsungIME: ET9KDLMInit : 2
06-15 13:46:37.221  8948  8948 I SamsungIME: ET9JDLMInit : 2
06-15 13:46:37.221  8948  8948 E SamsungIME: lang.getLanguageCode():en, lang.getCountryCode():US
06-15 13:46:37.221  8948  8948 E SamsungIME: lang.getLanguageCode():zh, lang.getCountryCode():CN
06-15 13:46:37.221  8948  8948 W SamsungIME: makeSelectedLanguageList:en_US;zh_CN;
06-15 13:46:37.221  8948  8948 I SamsungIME: [IMI] isChangedMainValues - bRetVal : true
06-15 13:46:37.221  8948 27871 E SamsungIME: sendInputLanguage() : en_US, en_US;zh_CN;
06-15 13:46:37.221  8948  8948 I SamsungIME: getDebugLevel  : 0x4f4c
06-15 13:46:37.221  8948  8948 I SamsungIME: KeybaordView init() : load resources
06-15 13:46:37.221  8948  8948 I SamsungIME: getCurrentKeyboard
06-15 13:46:37.221  8948  8948 I SamsungIME: getTextKeyboard
06-15 13:46:37.221  8948  8948 I SamsungIME: CarMode is off 
06-15 13:46:37.221  8948  8948 D SamsungIME: mDisplayWidth is 1440
06-15 13:46:37.221  8948  8948 D SamsungIME: mDisplayHeight is 2560
06-15 13:46:37.221  8948  8948 D SamsungIME: isOrientationLandscape false
06-15 13:46:37.221  8948  8948 D SamsungIME: mDisplayWidth is 1440
06-15 13:46:37.221  8948  8948 D SamsungIME: mDisplayHeight is 2560
06-15 13:46:37.221  8948  8948 D SamsungIME: isOrientationLandscape false
06-15 13:46:37.231  8948  8948 D SamsungIME: mIsUseStaticTouchRecognizedArea =  false
06-15 13:46:37.231  8948  8948 E SamsungIME: ET9KDB_GetKdbNum : 39
06-15 13:46:37.231  8948  8948 E SamsungIME: ET9KDB_GetPageNum : 39
06-15 13:46:37.231  8948  8948 D SamsungIME: [AbstractKeyboardView] onDetachedFromWindow.
06-15 13:46:37.231  8948  8948 D SamsungIME: Magnification Enabled = false
06-15 13:46:37.231  8948  8948 D SamsungIME: Dismiss ExpandCandiate
06-15 13:46:37.231  8948  8948 E SamsungIME: lang.getLanguageCode():en, lang.getCountryCode():US
06-15 13:46:37.231  8948  8948 E SamsungIME: lang.getLanguageCode():zh, lang.getCountryCode():CN
06-15 13:46:37.231  8948  8948 W SamsungIME: makeSelectedLanguageList:en_US;zh_CN;
06-15 13:46:37.231  8948 27872 E SamsungIME: sendInputLanguage() : en_US, en_US;zh_CN;
06-15 13:46:37.231  8948  8948 D HWManager: hideBoxHandwritingView
06-15 13:46:37.231  8948  8948 D HWManager: hideFSHandwritingView
06-15 13:46:37.231  8948  8948 W SamsungIME: setChineseStrokeMode() current language is not chinese
06-15 13:46:37.231  8948  8948 D HWManager: hideBoxHandwritingView
06-15 13:46:37.231  8948  8948 D HWManager: hideFSHandwritingView
06-15 13:46:37.231  8948  8948 W SamsungIME: setChineseStrokeMode() current language is not chinese
06-15 13:46:37.231  8948  8948 D SamsungIME: Dismiss ExpandCandiate
06-15 13:46:37.241  8948  8948 I SamsungIME: ET9AWSetFastAdaptation failed
06-15 13:46:37.241  8948  8948 I SamsungIME: ET9KDLMInit : 2
06-15 13:46:37.241  8948  8948 I SamsungIME: ET9JDLMInit : 2
06-15 13:46:37.241  8948  8948 I SamsungIME: getCurrentKeyboard
06-15 13:46:37.241  8948  8948 I SamsungIME: getTextKeyboard
06-15 13:46:37.241  8948  8948 I SamsungIME: CarMode is off 
06-15 13:46:37.241  8948  8948 E SamsungIME: get previous
06-15 13:46:37.241  8948  8948 D SamsungIME: mIsUseStaticTouchRecognizedArea =  false
06-15 13:46:37.251  8948  8948 D HWManager: hideBoxHandwritingView
06-15 13:46:37.251  8948  8948 D HWManager: hideFSHandwritingView
06-15 13:46:37.251  8948  8948 W SamsungIME: setChineseStrokeMode() current language is not chinese
06-15 13:46:37.251  8948  8948 D SamsungIME: Dismiss ExpandCandiate
06-15 13:46:37.261  8948  8948 I SamsungIME: ET9AWSetFastAdaptation failed
06-15 13:46:37.261  8948  8948 I SamsungIME: ET9KDLMInit : 2
06-15 13:46:37.261  8948  8948 I SamsungIME: ET9JDLMInit : 2
06-15 13:46:37.261  8948  8948 D SamsungIME_UnifiedIME: setToolbarVisiblility, visible = true
06-15 13:46:37.261  8948  8948 D SamsungIME_UnifiedIME: InputManagerImpl, mCloudHandler: 72
06-15 13:46:37.261  8948  8948 D SamsungIME_UnifiedIME: InputManagerImpl, mCloudHandler: 72
06-15 13:46:37.261  8948  8948 D SamsungIME: startInputViewContinue : true true
06-15 13:46:37.261  8948  8948 D SamsungIME: [showDiscoverability] this is auto replacement discoverity popup
06-15 13:46:37.261  8948  8948 D SamsungIME: conditions for show dialog : true true true false
06-15 13:46:37.261  8948  8948 D SamsungIME: showDlgMsgBox : true true true
06-15 13:46:37.261  8948  8948 D SamsungIME: showDlgMsgBox inner condition : true true
06-15 13:46:37.261  8948  8948 I SamsungIME: [IMI] startInputView - caller pid : 10358, caller uid : 10875
06-15 13:46:37.261  8948 27875 D InputMethodFrameWorkUtils: InputMethodSubtype is found as local:en_US
06-15 13:46:37.261  8948  8948 D SamsungIME: onWindowShown
06-15 13:46:37.261  8948 27875 D InputMethodFrameWorkUtils: InputMethodSubtype is set as local:en_US
06-15 13:46:37.261  3070  3070 I SurfaceFlinger: id=398 createSurf (1440x1384),1 flag=4, JnputMethod
06-15 13:46:37.261  8948 11485 D mali_winsys: new_window_surface returns 0x3000,  [1440x1384]-format:1
06-15 13:46:37.261  6733  6733 D EventStateReceiver: [c] IS_VISIBLE_WINDOW #1:true, IS_MOVABLE_KEYPAD:false
06-15 13:46:37.261  6733  6733 E EventStateReceiver: mIsOpenIME:false  isOpenIME:true
06-15 13:46:37.261  6733  6733 I AirMessagePosHelper: imeStatusChanged  isOpenIME:  true
06-15 13:46:37.261  6733  6733 I SpApplication: getIMEService
06-15 13:46:37.261  6733  6733 I SpApplication: getIMEService
06-15 13:46:37.261  6733  6733 I SpApplication: getIMEService
06-15 13:46:37.261  6733  6733 I SpApplication: getIMEService
06-15 13:46:37.261  6733  6733 I SpApplication: getIMEService
06-15 13:46:37.261  6733  6733 E AirMessagePosHelper: mImeService is not binded!!
06-15 13:46:37.261  6733  6733 I AirViewBST: # isShowfalse
06-15 13:46:37.271  8948  8948 D DragonTrigger: isVoiceSupportedModelWithoutSvoice : true device : zerofltechn
06-15 13:46:37.271 11488 11488 E ProxyStatusReceiver: no this type!
06-15 13:46:37.271  8948  8948 D SamsungIME_UnifiedIME: ToolBarPage createToolBarView tollbar itemNums = 6
06-15 13:46:37.281  8948  8948 E SamsungIME: <AbstractKeyboardView> - onDraw() called
06-15 13:46:37.291  8948  8948 I SamsungIME: drawAllKey
06-15 13:46:37.331  3563  4710 V WindowStateAnimator: Finishing drawing window Window{feaefbe u0 d0 InputMethod}: mDrawState=DRAW_PENDING
06-15 13:46:37.331  8948  8948 E SamsungIME: <AbstractKeyboardView> - onDraw() called
06-15 13:46:37.331 10358 10358 D ViewRootImpl: MSG_RESIZED: ci=Rect(0, 96 - 0, 0) vi=Rect(0, 96 - 0, 1128) or=1
06-15 13:46:37.341  3070  3070 D libEGL  : eglInitialize EGLDisplay = 0x7fcce02e88
06-15 13:46:37.361  8948  8948 D SamsungIME: Dismiss ExpandCandiate
06-15 13:46:37.361  3070  3070 D libEGL  : eglInitialize EGLDisplay = 0x7fcce02e88
06-15 13:46:37.611 10358 10358 W DisplayListCanvas: DisplayListCanvas is started on unbinded RenderNode (without mOwningView)
06-15 13:46:40.281  3563  4119 D InputReader: Input event(3): value=1 when=8445837084000
06-15 13:46:40.281  3563  4119 D InputReader: Input event(3): value=1 when=8445837084000
06-15 13:46:40.281  3563  4119 I InputReader: Touch event's action is 0x0 (deviceType=0) [pCnt=1, s=0.819 ] when=8445837084000
06-15 13:46:40.281  3563  4119 D InputReader: lastThreadEndTime = 8442656310525, currentThreadStartTime = 8442656311775, diff = 0
06-15 13:46:40.281  3563  4118 I InputDispatcher: Delivering touch to (4225): action: 0x4, toolType: 1
06-15 13:46:40.281  3563  4118 I InputDispatcher: Delivering touch to (6733): action: 0x4, toolType: 1
06-15 13:46:40.281  3563  4118 I InputDispatcher: Delivering touch to (10358): action: 0x0, toolType: 1
06-15 13:46:40.281  6733  6733 D AutoHideHelper: ###check Single invalid
06-15 13:46:40.291 10358 10358 D ViewRootImpl: ViewPostImeInputStage processPointer 0
06-15 13:46:40.401  3563  4119 D InputReader: Input event(3): value=0 when=8445954383000
06-15 13:46:40.401  3563  4119 D InputReader: Input event(3): value=0 when=8445954383000
06-15 13:46:40.401  3563  4119 I InputReader: Touch event's action is 0x1 (deviceType=0) [pCnt=1, s=] when=8445954383000
06-15 13:46:40.401  3563  4118 I InputDispatcher: Delivering touch to (10358): action: 0x1, toolType: 1
06-15 13:46:40.401 10358 10358 D ViewRootImpl: ViewPostImeInputStage processPointer 1
06-15 13:46:40.401  8948  8948 D HWManager: hideBoxHandwritingView
06-15 13:46:40.401  8948  8948 D HWManager: hideFSHandwritingView
06-15 13:46:40.401  8948  8948 D HWManager: dismissHandwritingView 
06-15 13:46:40.401  8948  8948 E KeyboardInfoUtils: getInstance start
06-15 13:46:40.401  8948  8948 E KeyboardInfoUtils: sendSIPInformation state:6  isAbstractKeyboardView : true
06-15 13:46:40.401  8948  8948 E KeyboardInfoUtils: sending null keyboardInfo as SIP is closed
06-15 13:46:40.401  8948  8948 D SamsungIME_UnifiedIME: InputManagerImpl, mCloudHandler: 72
06-15 13:46:40.411  8948  8948 D SamsungIME_UnifiedIME: setToolbarVisiblility, visible = false
06-15 13:46:40.411  8948  8948 D SamsungIME: IMPL finishInput
06-15 13:46:40.411 10358 10358 D ViewRootImpl: #1 mView = android.widget.PopupWindow$PopupDecorView{a706843 V.E...... ......I. 0,0-0,0}
06-15 13:46:40.411  3563  4554 D ISSUE_DEBUG: InputChannelName : a8281a0 PopupWindow:cf149f2
06-15 13:46:40.431  3070  3070 I SurfaceFlinger: id=399 createSurf (1x1),1 flag=4, QopupWindow
06-15 13:46:40.471 10358 10993 D mali_winsys: new_window_surface returns 0x3000,  [160x160]-format:1
06-15 13:46:40.471 10358 10358 D ViewRootImpl: MSG_RESIZED_REPORT: ci=Rect(0, 0 - 0, 0) vi=Rect(0, 0 - 0, 0) or=1
06-15 13:46:40.471 10358 10358 W DisplayListCanvas: DisplayListCanvas is started on unbinded RenderNode (without mOwningView)
06-15 13:46:40.481  3563  6177 V WindowStateAnimator: Finishing drawing window Window{a8281a0 u0 d0 PopupWindow:cf149f2}: mDrawState=DRAW_PENDING
06-15 13:46:40.491  3070  3070 D libEGL  : eglInitialize EGLDisplay = 0x7fcce02e88
06-15 13:46:40.501  3563  3671 D KnoxTimeoutHandler: notifyActivityDrawn [MsgParam] userId: 0 fullscreen is true showWhenlocked is false
06-15 13:46:40.501  3563  3563 D KnoxTimeoutHandler: activityDrawn [MsgParam] userId: 0 fullscreen is true showWhenlocked is false
06-15 13:46:40.501  3563  3563 I KnoxTimeoutHandler: SD activityfalse
06-15 13:46:40.521  8948  8948 D RMHelper: SamsungIME : RMisReady() : client is null
06-15 13:46:40.521  8948  8948 D RMHelper: SamsungIME : RMisReady() : client is null
06-15 13:46:40.521  8948  8948 D RMHelper: RMHelper : initHelper()
06-15 13:46:40.531  8948  8948 D RMHelper: SamsungIME : initHelper() : client is null
06-15 13:46:40.531  8948  8948 D RMHelper: SamsungIME : RMisReady() : client is null
06-15 13:46:40.531  8948  8948 D RMHelper: SamsungIME : RMisReady() : client is null
06-15 13:46:40.531  8948  8948 D RMHelper: RMHelper : initHelper()
06-15 13:46:40.531  8948  8948 D RMHelper: SamsungIME : initHelper() : client is null
06-15 13:46:40.531  8948  8948 D RMHelper: SamsungIME : RMisReady() : client is null
06-15 13:46:40.531  8948  8948 D RMHelper: SamsungIME : RMisReady() : client is null
06-15 13:46:40.531  8948  8948 D RMHelper: RMHelper : initHelper()
06-15 13:46:40.531  8948  8948 D RMHelper: SamsungIME : initHelper() : client is null
06-15 13:46:40.531  8948  8948 D SamsungIME: onStartInputView requsted restarting value = false
06-15 13:46:40.531  8948  8948 D SamsungIME: onStartInputView After call super -  restarting value = false
06-15 13:46:40.531  8948  8948 E SamsungIME: resetNeedToLoadHwrLibrary : 1
06-15 13:46:40.531  8948  8948 D SamsungIME: disable handwriting input icon : handwriting is not enabled or improper edit field
06-15 13:46:40.531  8948  8948 D SamsungIME_HWR: DynamicHwrLoadPerf, InitHwrLib time = 0 ms
06-15 13:46:40.531  8948  8948 D SamsungIME_HWR: DynamicHwrLoadPerf, setAvailableHWRLanguage time = 0 ms
06-15 13:46:40.531  8948  8948 D SamsungIME_HWR: DynamicHwrLoadPerf, updateHwrInputModule time = 1 ms
06-15 13:46:40.531  8948  8948 D DragonTrigger: isVoiceSupportedModelWithoutSvoice : true device : zerofltechn
06-15 13:46:40.541  8948  8948 D SamsungIME: [startInputView] info.inputType = 3 info.imeOptions = 134217733
06-15 13:46:40.541  8948  8948 I SamsungIME: Update SetupWizard State usc : 1 pss : false
06-15 13:46:40.541  8948  8948 I SamsungIME: Update SetupWizard State usc : 1 pss : false
06-15 13:46:40.551  8948  8948 D DragonTrigger: isVoiceSupportedModelWithoutSvoice : true device : zerofltechn
06-15 13:46:40.581  8948  8948 I SamsungIME: ET9AWSetFastAdaptation failed
06-15 13:46:40.581  8948  8948 I SamsungIME: ET9KDLMInit : 2
06-15 13:46:40.581  8948  8948 I SamsungIME: ET9JDLMInit : 2
06-15 13:46:40.581  8948  8948 E SamsungIME: lang.getLanguageCode():en, lang.getCountryCode():US
06-15 13:46:40.581  8948  8948 E SamsungIME: lang.getLanguageCode():zh, lang.getCountryCode():CN
06-15 13:46:40.581  8948  8948 W SamsungIME: makeSelectedLanguageList:en_US;zh_CN;
06-15 13:46:40.581  8948  8948 I SamsungIME: [IMI] isChangedMainValues - bRetVal : true
06-15 13:46:40.581  8948 27879 E SamsungIME: sendInputLanguage() : en_US, en_US;zh_CN;
06-15 13:46:40.581  8948  8948 D HWManager: hideBoxHandwritingView
06-15 13:46:40.581  8948  8948 D HWManager: hideFSHandwritingView
06-15 13:46:40.581  8948  8948 W SamsungIME: setChineseStrokeMode() current language is not chinese
06-15 13:46:40.581  8948  8948 D SamsungIME: Dismiss ExpandCandiate
06-15 13:46:40.611  8948  8948 I SamsungIME: ET9AWSetFastAdaptation failed
06-15 13:46:40.611  8948  8948 I SamsungIME: ET9KDLMInit : 2
06-15 13:46:40.611  8948  8948 I SamsungIME: ET9JDLMInit : 2
06-15 13:46:40.611  8948  8948 D SamsungIME: [AbstractKeyboardView] onDetachedFromWindow.
06-15 13:46:40.611  8948  8948 D SamsungIME: Magnification Enabled = false
06-15 13:46:40.611  8948  8948 D SamsungIME: Dismiss ExpandCandiate
06-15 13:46:40.611  8948  8948 E SamsungIME: lang.getLanguageCode():en, lang.getCountryCode():US
06-15 13:46:40.611  8948  8948 E SamsungIME: lang.getLanguageCode():zh, lang.getCountryCode():CN
06-15 13:46:40.611  8948  8948 W SamsungIME: makeSelectedLanguageList:en_US;zh_CN;
06-15 13:46:40.611  8948  8948 D HWManager: hideBoxHandwritingView
06-15 13:46:40.611  8948  8948 D HWManager: hideFSHandwritingView
06-15 13:46:40.611  8948  8948 W SamsungIME: setChineseStrokeMode() current language is not chinese
06-15 13:46:40.611  8948  8948 D HWManager: hideBoxHandwritingView
06-15 13:46:40.611  8948  8948 D HWManager: hideFSHandwritingView
06-15 13:46:40.611  8948  8948 W SamsungIME: setChineseStrokeMode() current language is not chinese
06-15 13:46:40.611  8948  8948 D SamsungIME: Dismiss ExpandCandiate
06-15 13:46:40.611  8948 27880 E SamsungIME: sendInputLanguage() : en_US, en_US;zh_CN;
06-15 13:46:40.611  8948 27881 E SamsungIME: updateShiftState() : 2
06-15 13:46:40.631  8948  8948 I SamsungIME: ET9AWSetFastAdaptation failed
06-15 13:46:40.631  8948  8948 I SamsungIME: ET9KDLMInit : 2
06-15 13:46:40.631  8948  8948 I SamsungIME: ET9JDLMInit : 2
06-15 13:46:40.631  8948  8948 I SamsungIME: getDebugLevel  : 0x4f4c
06-15 13:46:40.631  8948  8948 I SamsungIME: KeybaordView init() : load resources
06-15 13:46:40.631  8948  8948 I SamsungIME: getCurrentKeyboard
06-15 13:46:40.631  8948  8948 I SamsungIME: getNumberKeyboard
06-15 13:46:40.631  8948  8948 D SamsungIME: mDisplayWidth is 1440
06-15 13:46:40.631  8948  8948 D SamsungIME: mDisplayHeight is 2560
06-15 13:46:40.631  8948  8948 D SamsungIME: isOrientationLandscape false
06-15 13:46:40.631  8948  8948 D SamsungIME: mDisplayWidth is 1440
06-15 13:46:40.631  8948  8948 D SamsungIME: mDisplayHeight is 2560
06-15 13:46:40.631  8948  8948 D SamsungIME: isOrientationLandscape false
06-15 13:46:40.641  8948  8948 D SamsungIME: mIsUseStaticTouchRecognizedArea =  false
06-15 13:46:40.641  8948  8948 E SamsungIME: ET9KDB_GetKdbNum : 39
06-15 13:46:40.641  8948  8948 E SamsungIME: ET9KDB_GetPageNum : 39
06-15 13:46:40.641  8948  8948 D SamsungIME: [AbstractKeyboardView] onDetachedFromWindow.
06-15 13:46:40.641  8948  8948 D SamsungIME: Magnification Enabled = false
06-15 13:46:40.641  8948  8948 I SamsungIME: getCurrentKeyboard
06-15 13:46:40.641  8948  8948 I SamsungIME: getNumberKeyboard
06-15 13:46:40.641  8948  8948 D SamsungIME: mIsUseStaticTouchRecognizedArea =  false
06-15 13:46:40.641  8948  8948 D HWManager: hideBoxHandwritingView
06-15 13:46:40.641  8948  8948 D HWManager: hideFSHandwritingView
06-15 13:46:40.641  8948  8948 W SamsungIME: setChineseStrokeMode() current language is not chinese
06-15 13:46:40.641  8948  8948 D SamsungIME: Dismiss ExpandCandiate
06-15 13:46:40.651  8948  8948 I SamsungIME: ET9AWSetFastAdaptation failed
06-15 13:46:40.651  8948  8948 I SamsungIME: ET9KDLMInit : 2
06-15 13:46:40.651  8948  8948 I SamsungIME: ET9JDLMInit : 2
06-15 13:46:40.651  8948  8948 D SamsungIME_UnifiedIME: setToolbarVisiblility, visible = false
06-15 13:46:40.651  8948  8948 D SamsungIME: startInputViewContinue : true true
06-15 13:46:40.661  8948  8948 D SamsungIME: [showDiscoverability] this is auto replacement discoverity popup
06-15 13:46:40.661  8948  8948 D SamsungIME: conditions for show dialog : true false true false
06-15 13:46:40.661  8948  8948 D SamsungIME: showDlgMsgBox : true true true
06-15 13:46:40.661  8948  8948 D SamsungIME: showDlgMsgBox inner condition : true true
06-15 13:46:40.661  8948  8948 I SamsungIME: [IMI] startInputView - caller pid : 10358, caller uid : 10875
06-15 13:46:40.661  8948 27883 D InputMethodFrameWorkUtils: InputMethodSubtype is found as local:en_US
06-15 13:46:40.661  8948 27883 D InputMethodFrameWorkUtils: InputMethodSubtype is set as local:en_US
06-15 13:46:40.661  8948  8948 D SamsungIME: onViewClicked
06-15 13:46:40.681  6733  6733 D EventStateReceiver: [c] IS_VISIBLE_WINDOW #1:true, IS_MOVABLE_KEYPAD:false
06-15 13:46:40.681  6733  6733 E EventStateReceiver: mIsOpenIME:true  isOpenIME:true
06-15 13:46:40.691 11488 11488 E ProxyStatusReceiver: no this type!
06-15 13:46:40.691 10358 10358 D ViewRootImpl: MSG_RESIZED: ci=Rect(0, 96 - 0, 0) vi=Rect(0, 96 - 0, 1000) or=1
06-15 13:46:40.701  8948  8948 E SamsungIME: <AbstractKeyboardView> - onDraw() called
06-15 13:46:40.701  8948  8948 I SamsungIME: drawAllKey
06-15 13:46:40.711  6733  6733 D EventStateReceiver: [c] IS_VISIBLE_WINDOW #1:true, IS_MOVABLE_KEYPAD:false
06-15 13:46:40.711  6733  6733 E EventStateReceiver: mIsOpenIME:true  isOpenIME:true
06-15 13:46:40.731 11488 11488 E ProxyStatusReceiver: no this type!
06-15 13:46:40.741  8948  8948 E SamsungIME: <AbstractKeyboardView> - onDraw() called
06-15 13:46:40.761  3070  3070 D libEGL  : eglInitialize EGLDisplay = 0x7fcce02e88
06-15 13:46:40.761  8948  8948 D SamsungIME: Dismiss ExpandCandiate
06-15 13:46:40.921 10358 10358 W DisplayListCanvas: DisplayListCanvas is started on unbinded RenderNode (without mOwningView)
06-15 13:46:41.891  3563  4119 D InputReader: Input event(3): value=1 when=8447440192000
06-15 13:46:41.891  3563  4119 D InputReader: Input event(3): value=1 when=8447440192000
06-15 13:46:41.891  3563  4119 I InputReader: Touch event's action is 0x0 (deviceType=0) [pCnt=1, s=0.820 ] when=8447440192000
06-15 13:46:41.891  3563  4119 D InputReader: lastThreadEndTime = 8446794130818, currentThreadStartTime = 8446794160235, diff = 0
06-15 13:46:41.891  3563  4118 I InputDispatcher: Delivering touch to (4225): action: 0x4, toolType: 1
06-15 13:46:41.891  3563  4118 I InputDispatcher: Delivering touch to (6733): action: 0x4, toolType: 1
06-15 13:46:41.891  3563  4118 I InputDispatcher: Delivering touch to (8948): action: 0x0, toolType: 1
06-15 13:46:41.891  6733  6733 D AutoHideHelper: ###check Single invalid
06-15 13:46:41.891  8948  8948 D ViewRootImpl: ViewPostImeInputStage processPointer 0
06-15 13:46:41.891  8948  8948 D jisu    : mMiniKeyboardOnScreen=false, pointerCount=1, action=0, eventTime8447440, index=0, id=0
06-15 13:46:41.891  8948  9005 D SamsungIME: vib call
06-15 13:46:41.891  8948  9005 V Vibrator: Called vibrate(int, int, AudioAttributes, MagnitudeTypes) API - PUID: 1000, repeat: -1, PackageName: com.sec.android.inputmethod, MagnitudeType: TouchMagnitude
06-15 13:46:41.891  8948  9005 V Vibrator: vibrate - PUID: 1000, PackageName: com.sec.android.inputmethod, type: 50025, repeat: -1, mag: 6000, AudioAttr : null
06-15 13:46:41.891  8948  8948 I SamsungIME: [AKV] detectAndSendKey - index : 3, mCurrentInputMethod : 1, mInputLanguage : 1701729619
06-15 13:46:41.891  8948  8948 E SamsungIME: ET9KDB_TouchCancel : 104
06-15 13:46:41.891  8948  8948 D SamsungIME_UnifiedIME: setToolbarVisiblility, visible = false
06-15 13:46:41.891 10358 10358 D ViewRootImpl: ViewPostImeInputStage processKey 0
06-15 13:46:41.901 10358 10358 D ViewRootImpl: #3 mView = null
06-15 13:46:41.901 10358 10358 D ViewRootImpl: ViewPostImeInputStage processKey 1
06-15 13:46:41.911  8948  8948 E SamsungIME: <AbstractKeyboardView> - onDraw() called
06-15 13:46:41.911 10358 10358 W DisplayListCanvas: DisplayListCanvas is started on unbinded RenderNode (without mOwningView)
06-15 13:46:41.931  8948  8948 D jisu    : mMiniKeyboardOnScreen=false, pointerCount=1, action=2, eventTime8447475, index=0, id=0
06-15 13:46:41.941  8948  8948 D jisu    : mMiniKeyboardOnScreen=false, pointerCount=1, action=2, eventTime8447491, index=0, id=0
06-15 13:46:41.961  8948  8948 D jisu    : mMiniKeyboardOnScreen=false, pointerCount=1, action=2, eventTime8447508, index=0, id=0
06-15 13:46:41.981  8948  8948 D jisu    : mMiniKeyboardOnScreen=false, pointerCount=1, action=2, eventTime8447517, index=0, id=0
06-15 13:46:42.031  8948  8948 D jisu    : mMiniKeyboardOnScreen=false, pointerCount=1, action=2, eventTime8447569, index=0, id=0
06-15 13:46:42.041  3070  3263 I SurfaceFlinger: id=399 Removed QopupWindow (7/10)
06-15 13:46:42.041  3070  4894 I SurfaceFlinger: id=399 Removed QopupWindow (-2/10)
06-15 13:46:42.051  3070  3070 D libEGL  : eglTerminate EGLDisplay = 0x7fcce02fb8
06-15 13:46:42.051  8948  8948 D jisu    : mMiniKeyboardOnScreen=false, pointerCount=1, action=2, eventTime8447593, index=0, id=0
06-15 13:46:42.111  8948  8948 D jisu    : mMiniKeyboardOnScreen=false, pointerCount=1, action=2, eventTime8447652, index=0, id=0
06-15 13:46:42.301  8948  8948 I SamsungIME: [AKV] detectAndSendKey - index : 3, mCurrentInputMethod : 1, mInputLanguage : 1701729619
06-15 13:46:42.301  8948  8948 E SamsungIME: ET9KDB_TouchCancel : 104
06-15 13:46:42.311  8948  8948 D SamsungIME_UnifiedIME: setToolbarVisiblility, visible = false
06-15 13:46:42.311 10358 10358 D ViewRootImpl: ViewPostImeInputStage processKey 0
06-15 13:46:42.331 10358 10358 W DisplayListCanvas: DisplayListCanvas is started on unbinded RenderNode (without mOwningView)
06-15 13:46:42.331 10358 10358 D ViewRootImpl: ViewPostImeInputStage processKey 1
06-15 13:46:42.371  8948  8948 I SamsungIME: [AKV] detectAndSendKey - index : 3, mCurrentInputMethod : 1, mInputLanguage : 1701729619
06-15 13:46:42.381  8948  8948 E SamsungIME: ET9KDB_TouchCancel : 104
06-15 13:46:42.381  8948  8948 D SamsungIME_UnifiedIME: setToolbarVisiblility, visible = false
06-15 13:46:42.381 10358 10358 D ViewRootImpl: ViewPostImeInputStage processKey 0
06-15 13:46:42.391 10358 10358 D ViewRootImpl: ViewPostImeInputStage processKey 1
06-15 13:46:42.411 10358 10358 W DisplayListCanvas: DisplayListCanvas is started on unbinded RenderNode (without mOwningView)
06-15 13:46:42.441  8948  8948 I SamsungIME: [AKV] detectAndSendKey - index : 3, mCurrentInputMethod : 1, mInputLanguage : 1701729619
06-15 13:46:42.441  8948  8948 E SamsungIME: ET9KDB_TouchCancel : 104
06-15 13:46:42.441  8948  8948 D SamsungIME_UnifiedIME: setToolbarVisiblility, visible = false
06-15 13:46:42.441 10358 10358 D ViewRootImpl: ViewPostImeInputStage processKey 0
06-15 13:46:42.461 10358 10358 W DisplayListCanvas: DisplayListCanvas is started on unbinded RenderNode (without mOwningView)
06-15 13:46:42.461 10358 10358 D ViewRootImpl: ViewPostImeInputStage processKey 1
06-15 13:46:42.501  8948  8948 I SamsungIME: [AKV] detectAndSendKey - index : 3, mCurrentInputMethod : 1, mInputLanguage : 1701729619
06-15 13:46:42.511  8948  8948 E SamsungIME: ET9KDB_TouchCancel : 104
06-15 13:46:42.511  8948  8948 D SamsungIME_UnifiedIME: setToolbarVisiblility, visible = false
06-15 13:46:42.511 10358 10358 D ViewRootImpl: ViewPostImeInputStage processKey 0
06-15 13:46:42.531 10358 10358 W DisplayListCanvas: DisplayListCanvas is started on unbinded RenderNode (without mOwningView)
06-15 13:46:42.531 10358 10358 D ViewRootImpl: ViewPostImeInputStage processKey 1
06-15 13:46:42.571  8948  8948 I SamsungIME: [AKV] detectAndSendKey - index : 3, mCurrentInputMethod : 1, mInputLanguage : 1701729619
06-15 13:46:42.571  8948  8948 E SamsungIME: ET9KDB_TouchCancel : 104
06-15 13:46:42.571  8948  8948 D SamsungIME_UnifiedIME: setToolbarVisiblility, visible = false
06-15 13:46:42.571 10358 10358 D ViewRootImpl: ViewPostImeInputStage processKey 0
06-15 13:46:42.581 10358 10358 D ViewRootImpl: ViewPostImeInputStage processKey 1
06-15 13:46:42.581 10358 10358 W DisplayListCanvas: DisplayListCanvas is started on unbinded RenderNode (without mOwningView)
06-15 13:46:42.631  8948  8948 I SamsungIME: [AKV] detectAndSendKey - index : 3, mCurrentInputMethod : 1, mInputLanguage : 1701729619
06-15 13:46:42.631  8948  8948 E SamsungIME: ET9KDB_TouchCancel : 104
06-15 13:46:42.631  8948  8948 D SamsungIME_UnifiedIME: setToolbarVisiblility, visible = false
06-15 13:46:42.631 10358 10358 D ViewRootImpl: ViewPostImeInputStage processKey 0
06-15 13:46:42.641 10358 10358 D ViewRootImpl: ViewPostImeInputStage processKey 1
06-15 13:46:42.661 10358 10358 W DisplayListCanvas: DisplayListCanvas is started on unbinded RenderNode (without mOwningView)
06-15 13:46:42.691  8948  8948 I SamsungIME: [AKV] detectAndSendKey - index : 3, mCurrentInputMethod : 1, mInputLanguage : 1701729619
06-15 13:46:42.691  8948  8948 E SamsungIME: ET9KDB_TouchCancel : 104
06-15 13:46:42.701  8948  8948 D SamsungIME_UnifiedIME: setToolbarVisiblility, visible = false
06-15 13:46:42.701 10358 10358 D ViewRootImpl: ViewPostImeInputStage processKey 0
06-15 13:46:42.701 10358 10358 W DisplayListCanvas: DisplayListCanvas is started on unbinded RenderNode (without mOwningView)
06-15 13:46:42.711 10358 10358 D ViewRootImpl: ViewPostImeInputStage processKey 1
06-15 13:46:42.751  8948  8948 I SamsungIME: [AKV] detectAndSendKey - index : 3, mCurrentInputMethod : 1, mInputLanguage : 1701729619
06-15 13:46:42.751  8948  8948 E SamsungIME: ET9KDB_TouchCancel : 104
06-15 13:46:42.761  8948  8948 D SamsungIME_UnifiedIME: setToolbarVisiblility, visible = false
06-15 13:46:42.761 10358 10358 D ViewRootImpl: ViewPostImeInputStage processKey 0
06-15 13:46:42.761 10358 10358 D ViewRootImpl: ViewPostImeInputStage processKey 1
06-15 13:46:42.771 10358 10358 W DisplayListCanvas: DisplayListCanvas is started on unbinded RenderNode (without mOwningView)
06-15 13:46:42.811  8948  8948 I SamsungIME: [AKV] detectAndSendKey - index : 3, mCurrentInputMethod : 1, mInputLanguage : 1701729619
06-15 13:46:42.811  8948  8948 E SamsungIME: ET9KDB_TouchCancel : 104
06-15 13:46:42.821  8948  8948 D SamsungIME_UnifiedIME: setToolbarVisiblility, visible = false
06-15 13:46:42.821  3563  4119 D InputReader: Input event(3): value=0 when=8448371537000
06-15 13:46:42.821 10358 10358 D ViewRootImpl: ViewPostImeInputStage processKey 0
06-15 13:46:42.821  3563  4119 D InputReader: Input event(3): value=0 when=8448371537000
06-15 13:46:42.821  3563  4119 I InputReader: Touch event's action is 0x1 (deviceType=0) [pCnt=1, s=] when=8448371537000
06-15 13:46:42.821  3563  4118 I InputDispatcher: Delivering touch to (8948): action: 0x1, toolType: 1
06-15 13:46:42.831 10358 10358 D ViewRootImpl: ViewPostImeInputStage processKey 1
06-15 13:46:42.831  8948  8948 D jisu    : mMiniKeyboardOnScreen=false, pointerCount=1, action=2, eventTime8448359, index=0, id=0
06-15 13:46:42.831  8948  8948 D ViewRootImpl: ViewPostImeInputStage processPointer 1
06-15 13:46:42.831  8948  8948 D jisu    : mMiniKeyboardOnScreen=false, pointerCount=1, action=1, eventTime8448371, index=0, id=0
06-15 13:46:42.841 10358 10358 W DisplayListCanvas: DisplayListCanvas is started on unbinded RenderNode (without mOwningView)
06-15 13:46:42.841  8948  8948 E SamsungIME: <AbstractKeyboardView> - onDraw() called
06-15 13:46:43.041  3563  4119 D InputReader: Input event(3): value=1 when=8448599105000
06-15 13:46:43.041  3563  4119 D InputReader: Input event(3): value=1 when=8448599105000
06-15 13:46:43.051  3563  4119 I InputReader: Touch event's action is 0x0 (deviceType=0) [pCnt=1, s=0.821 ] when=8448599105000
06-15 13:46:43.051  3563  4119 D InputReader: lastThreadEndTime = 8448372247694, currentThreadStartTime = 8448372261736, diff = 0
06-15 13:46:43.051  3563  4118 I InputDispatcher: Delivering touch to (4225): action: 0x4, toolType: 1
06-15 13:46:43.051  3563  4118 I InputDispatcher: Delivering touch to (6733): action: 0x4, toolType: 1
06-15 13:46:43.051  3563  4118 I InputDispatcher: Delivering touch to (8948): action: 0x0, toolType: 1
06-15 13:46:43.051  8948  8948 D ViewRootImpl: ViewPostImeInputStage processPointer 0
06-15 13:46:43.051  8948  8948 D jisu    : mMiniKeyboardOnScreen=false, pointerCount=1, action=0, eventTime8448599, index=0, id=0
06-15 13:46:43.051  6733  6733 D AutoHideHelper: ###check Single invalid
06-15 13:46:43.051  8948  9005 D SamsungIME: vib call
06-15 13:46:43.051  8948  9005 V Vibrator: Called vibrate(int, int, AudioAttributes, MagnitudeTypes) API - PUID: 1000, repeat: -1, PackageName: com.sec.android.inputmethod, MagnitudeType: TouchMagnitude
06-15 13:46:43.051  8948  9005 V Vibrator: vibrate - PUID: 1000, PackageName: com.sec.android.inputmethod, type: 50025, repeat: -1, mag: 6000, AudioAttr : null
06-15 13:46:43.051  8948  8948 I SamsungIME: [AKV] detectAndSendKey - index : 3, mCurrentInputMethod : 1, mInputLanguage : 1701729619
06-15 13:46:43.051  8948  8948 E SamsungIME: ET9KDB_TouchCancel : 104
06-15 13:46:43.051  8948  8948 D SamsungIME_UnifiedIME: setToolbarVisiblility, visible = false
06-15 13:46:43.051 10358 10358 D ViewRootImpl: ViewPostImeInputStage processKey 0
06-15 13:46:43.051 10358 10358 D ViewRootImpl: ViewPostImeInputStage processKey 1
06-15 13:46:43.071  3563  4119 D InputReader: Input event(3): value=0 when=8448620052000
06-15 13:46:43.071  3563  4119 D InputReader: Input event(3): value=0 when=8448620052000
06-15 13:46:43.071  3563  4119 I InputReader: Touch event's action is 0x1 (deviceType=0) [pCnt=1, s=] when=8448620052000
06-15 13:46:43.071  3563  4118 I InputDispatcher: Delivering touch to (8948): action: 0x1, toolType: 1
06-15 13:46:43.071  8948  8948 D jisu    : mMiniKeyboardOnScreen=false, pointerCount=1, action=2, eventTime8448608, index=0, id=0
06-15 13:46:43.071  8948  8948 D ViewRootImpl: ViewPostImeInputStage processPointer 1
06-15 13:46:43.071  8948  8948 D jisu    : mMiniKeyboardOnScreen=false, pointerCount=1, action=1, eventTime8448620, index=0, id=0
06-15 13:46:43.071  8948  8948 E SamsungIME: <AbstractKeyboardView> - onDraw() called
06-15 13:46:43.941  3563  4119 D InputReader: Input event(3): value=1 when=8449493087000
06-15 13:46:43.941  3563  4119 D InputReader: Input event(3): value=1 when=8449493087000
06-15 13:46:43.941  3563  4119 I InputReader: Touch event's action is 0x0 (deviceType=0) [pCnt=1, s=0.822 ] when=8449493087000
06-15 13:46:43.941  3563  4119 D InputReader: lastThreadEndTime = 8448620243611, currentThreadStartTime = 8448620247027, diff = 0
06-15 13:46:43.941  3563  4118 I InputDispatcher: Delivering touch to (4225): action: 0x4, toolType: 1
06-15 13:46:43.941  3563  4118 I InputDispatcher: Delivering touch to (6733): action: 0x4, toolType: 1
06-15 13:46:43.941  3563  4118 I InputDispatcher: Delivering touch to (8948): action: 0x0, toolType: 1
06-15 13:46:43.941  8948  8948 D ViewRootImpl: ViewPostImeInputStage processPointer 0
06-15 13:46:43.941  8948  8948 D jisu    : mMiniKeyboardOnScreen=false, pointerCount=1, action=0, eventTime8449493, index=0, id=0
06-15 13:46:43.941  6733  6733 D AutoHideHelper: ###check Single invalid
06-15 13:46:43.941  8948  9005 D SamsungIME: vib call
06-15 13:46:43.941  8948  9005 V Vibrator: Called vibrate(int, int, AudioAttributes, MagnitudeTypes) API - PUID: 1000, repeat: -1, PackageName: com.sec.android.inputmethod, MagnitudeType: TouchMagnitude
06-15 13:46:43.941  8948  9005 V Vibrator: vibrate - PUID: 1000, PackageName: com.sec.android.inputmethod, type: 50025, repeat: -1, mag: 6000, AudioAttr : null
06-15 13:46:43.951  8948  8948 E SamsungIME: <AbstractKeyboardView> - onDraw() called
06-15 13:46:43.971  8948  8948 D jisu    : mMiniKeyboardOnScreen=false, pointerCount=1, action=2, eventTime8449518, index=0, id=0
06-15 13:46:43.991  8948  8948 D jisu    : mMiniKeyboardOnScreen=false, pointerCount=1, action=2, eventTime8449534, index=0, id=0
06-15 13:46:43.991  3563  4119 D InputReader: Input event(3): value=0 when=8449549335000
06-15 13:46:43.991  3563  4119 D InputReader: Input event(3): value=0 when=8449549335000
06-15 13:46:43.991  3563  4119 I InputReader: Touch event's action is 0x1 (deviceType=0) [pCnt=1, s=] when=8449549335000
06-15 13:46:43.991  3563  4118 I InputDispatcher: Delivering touch to (8948): action: 0x1, toolType: 1
06-15 13:46:43.991  8948  8948 D jisu    : mMiniKeyboardOnScreen=false, pointerCount=1, action=2, eventTime8449538, index=0, id=0
06-15 13:46:43.991  8948  8948 D ViewRootImpl: ViewPostImeInputStage processPointer 1
06-15 13:46:43.991  8948  8948 D jisu    : mMiniKeyboardOnScreen=false, pointerCount=1, action=1, eventTime8449549, index=0, id=0
06-15 13:46:44.001  8948  8948 I SamsungIME: [AKV] detectAndSendKey - index : 0, mCurrentInputMethod : 1, mInputLanguage : 1701729619
06-15 13:46:44.001  8948  8948 E SamsungIME: <AbstractKeyboardView> - onDraw() called
06-15 13:46:44.001 10358 10358 W DisplayListCanvas: DisplayListCanvas is started on unbinded RenderNode (without mOwningView)
06-15 13:46:44.211  3563  4119 D InputReader: Input event(3): value=1 when=8449763822000
06-15 13:46:44.211  3563  4119 D InputReader: Input event(3): value=1 when=8449763822000
06-15 13:46:44.211  3563  4119 I InputReader: Touch event's action is 0x0 (deviceType=0) [pCnt=1, s=0.823 ] when=8449763822000
06-15 13:46:44.211  3563  4119 D InputReader: lastThreadEndTime = 8449549462694, currentThreadStartTime = 8449549464236, diff = 0
06-15 13:46:44.211  3563  4118 I InputDispatcher: Delivering touch to (4225): action: 0x4, toolType: 1
06-15 13:46:44.211  3563  4118 I InputDispatcher: Delivering touch to (6733): action: 0x4, toolType: 1
06-15 13:46:44.211  3563  4118 I InputDispatcher: Delivering touch to (8948): action: 0x0, toolType: 1
06-15 13:46:44.211  6733  6733 D AutoHideHelper: ###check Single invalid
06-15 13:46:44.211  8948  8948 D ViewRootImpl: ViewPostImeInputStage processPointer 0
06-15 13:46:44.211  8948  8948 D jisu    : mMiniKeyboardOnScreen=false, pointerCount=1, action=0, eventTime8449763, index=0, id=0
06-15 13:46:44.211  8948  9005 D SamsungIME: vib call
06-15 13:46:44.211  8948  9005 V Vibrator: Called vibrate(int, int, AudioAttributes, MagnitudeTypes) API - PUID: 1000, repeat: -1, PackageName: com.sec.android.inputmethod, MagnitudeType: TouchMagnitude
06-15 13:46:44.211  8948  9005 V Vibrator: vibrate - PUID: 1000, PackageName: com.sec.android.inputmethod, type: 50025, repeat: -1, mag: 6000, AudioAttr : null
06-15 13:46:44.221  8948  8948 E SamsungIME: <AbstractKeyboardView> - onDraw() called
06-15 13:46:44.241  8948  8948 D jisu    : mMiniKeyboardOnScreen=false, pointerCount=1, action=2, eventTime8449787, index=0, id=0
06-15 13:46:44.251  8948  8948 D jisu    : mMiniKeyboardOnScreen=false, pointerCount=1, action=2, eventTime8449803, index=0, id=0
06-15 13:46:44.251  3563  4119 D InputReader: Input event(3): value=0 when=8449809606000
