06-15 13:49:43.891  3563  4710 I AppOps  : sendInfoToFLP, code=42 , uid=10875 , packageName=com.rongle.desktop , type=finishOp
06-15 13:49:43.891  3563  4710 D LocationManagerService: provider request: gps ProviderRequest[OFF]
06-15 13:49:43.891  3563  3631 D GpsLocationProvider: setRequest ProviderRequest[OFF]
06-15 13:49:43.891  3563  3631 D GpsLocationProvider: stopNavigating
06-15 13:49:43.901  3563  6177 D LocationManagerService: request 5b2c32d network Request[POWER_LOW network requested=+2s0ms fastest=+2s0ms] from com.rongle.desktop(10875)
06-15 13:49:43.901  3563  6177 D LocationManagerService: provider request: network ProviderRequest[ON interval=+2s0ms]
06-15 13:49:43.911  3563  6177 I AppOps  : sendInfoToFLP, code=41 , uid=10875 , packageName=com.rongle.desktop , type=startOp
06-15 13:49:43.911  4545  4545 D FusedRequestManager: manageLocationRequest, new network request from com.rongle.desktop with 5b2c32d , interval = 2000 through LocationManagerService
06-15 13:49:43.911  4225  4426 D NetworkController.MobileSignalController(0/2147483643): onSignalStrengthsChanged signalStrength=SignalStrength: 99 99 -120 -160 -120 -1 -1 99 2147483647 2147483647 2147483647 -1 -90 0x3 gsm|lte level=3
06-15 13:49:43.911  4225  4426 D NetworkController.MobileSignalController(0/2147483643): getMobileIconGroup(): 0
06-15 13:49:43.911  4225  4426 D NetworkController.MobileSignalController(0/2147483643): updateCMCCMobileIconGroup(): 0
06-15 13:49:43.921  4545  4545 D FusedDetector: checkFrequency, com.rongle.desktop is in Foreground
06-15 13:49:43.921  3563  4146 W CAE     : setCAProperty(ContextAwareService.java:578) - [setProperty 01] Mutex is locked for ANY_MOTION_DETECTOR_RUNNER
06-15 13:49:43.921  3563  4146 I CAE     : sendCmdToSensorHub(SensorHubCommManager.java:162) - -72, 58, 1, 0,
06-15 13:49:43.921  3563  4146 D SensorHubManager: SendSensorHubData: send data = -72, 58, 1, 0
06-15 13:49:43.921  3100  3100 D Sensorhubs: sendContextData: -72, 58, 1, 0
06-15 13:49:43.931  3563  4146 I CAE     : setCAProperty(ContextAwareService.java:583) - result : true
06-15 13:49:43.931  3563  4146 W CAE     : setCAProperty(ContextAwareService.java:584) - [setProperty 02] Mutex is unlocked for ANY_MOTION_DETECTOR_RUNNER
06-15 13:49:43.931  3563  4146 D SContextService: requestToUpdate() : service = Any Motion Detector
06-15 13:49:43.931  3563  4146 D SContextManager:   .requestToUpdate : listener = com.samsung.android.server.wifi.WifiScanController$2@c250128, service=Any Motion Detector
06-15 13:49:43.931  3100  3182 D Sensorhubs: readContextData: 1, 1, 58, 1
06-15 13:49:43.931  3563  4108 D SensorHubManager: onGetSensorHubDataLocked: library(4) = 1, 1, 58, 1
06-15 13:49:43.931  3563  4107 D CAE     : onGetSensorHubData(SensorHubParserProvider.java:92) - onGetSensorHubData Event [event buffer len :4], AP_WAKEUP
06-15 13:49:43.941  3563  4107 I CAE     : parse(SensorHubParserProvider.java:188) - buffer size = 4
06-15 13:49:43.941  3563  4107 I CAE     : parse(SensorHubParserProvider.java:199) - 1, 1, 58, 1,
06-15 13:49:43.941  3563  4107 D CAE     : display(ContextProvider.java:375) - ================= ANY_MOTION_DETECTOR_RUNNER =================
06-15 13:49:43.941  3563  4567 E LocSvc_ApiV02: I/<--- void globalEventCb(locClientHandleType, uint32_t, locClientEventIndUnionType, void*) line 104 QMI_LOC_EVENT_ENGINE_STATE_IND_V02
06-15 13:49:43.941  3563  4107 I CAE     : display(ContextProvider.java:391) - Action=[1]
06-15 13:49:43.941  3563  4110 D SContextService: updateSContext() : event = Any Motion Detector
06-15 13:49:43.961  3563  4559 V GpsLocationProvider: reportStatus status: 2
06-15 13:49:43.961  3563  4559 D GpsLocationProvider: send an intent to notify GPS has been enabled or disabled mNavigating = false
06-15 13:49:43.961  3563  4559 V GpsLocationProvider: reportStatus status: 4
06-15 13:49:44.031  3563  4146 D WifiStateMachine: CMD_START_SCAN : scanLog.mLast - 1497505783927, scanLog.mStartTimeForBigdata - 1497493558851
06-15 13:49:44.031  3563  4146 D WifiStateMachine: CMD_START_SCAN : scanLog.mCountForBigdata - 9
06-15 13:49:44.041  4425  4425 I wpa_supplicant: wlan0: Setting scan request: 0 sec 0 usec
06-15 13:49:44.041  4425  4425 I wpa_supplicant: P2P: Current p2p state = IDLE
06-15 13:49:44.051  4425  4425 I wpa_supplicant: Scan requested (ret=0) - scan timeout 30 seconds
06-15 13:49:44.901  3080  3729 D Netd    : Iface wlan0 link up
06-15 13:49:44.911  4425  4425 I wpa_supplicant: nl80211: Received scan results (20 BSSes)
06-15 13:49:44.911  4796  6717 D PdnController: Interface Changed wlan0 link up
06-15 13:49:44.911  3563  3641 D Tethering: interfaceLinkStateChanged wlan0, true
06-15 13:49:44.911  3563  3641 D Tethering: interfaceStatusChanged wlan0, true
06-15 13:49:44.951 14624 14624 D WeChatWifiService: onReceive, action: android.net.wifi.SCAN_RESULTS
06-15 13:49:45.061  4526 28151 I System.out: (HTTPLog)-Static: isSBSettingEnabled false
06-15 13:49:45.061  4526 28151 I System.out: (HTTPLog)-Static: isSBSettingEnabled false
06-15 13:49:45.061  3080  3733 D EnterpriseController: netId is 0
06-15 13:49:45.061  3080  3733 D Netd    : getNetworkForDns: using netid 502 for uid 10014
06-15 13:49:45.111  3100  3182 D Sensorhubs: readContextData: 1, 1, 7, 3
06-15 13:49:45.111  3563  4108 D SensorHubManager: onGetSensorHubDataLocked: library(4) = 1, 1, 7, 3
06-15 13:49:45.111  3563  4107 D CAE     : onGetSensorHubData(SensorHubParserProvider.java:92) - onGetSensorHubData Event [event buffer len :4], AP_WAKEUP
06-15 13:49:45.111  3563  4107 I CAE     : parse(SensorHubParserProvider.java:188) - buffer size = 4
06-15 13:49:45.121  3563  4107 I CAE     : parse(SensorHubParserProvider.java:199) - 1, 1, 7, 3,
06-15 13:49:45.121  3563  4107 D CAE     : display(ContextProvider.java:375) - ================= AUTO_ROTATION =================
06-15 13:49:45.121  3563  4107 I CAE     : display(ContextProvider.java:391) - Angle=[3]
06-15 13:49:45.121  3563  4110 D SContextService: updateSContext() : event = Auto Rotation
06-15 13:49:45.331  4526  4526 I NLP     : Location result:[location successful by Baidu], reason:[network location] locType=161
06-15 13:49:45.331  3563  4684 I LocationManagerService: remove 5b2c32d by com.rongle.desktop
06-15 13:49:45.331  3563  4684 I LocationManagerService: removeUpdates, receiver.requestedID = 5b2c32d
06-15 13:49:45.341  4545  4545 D FusedRequestManager: manageLocationRequest, remove request from com.rongle.desktop with 5b2c32d through LocationManagerService
06-15 13:49:45.341  3563  4684 I AppOps  : sendInfoToFLP, code=41 , uid=10875 , packageName=com.rongle.desktop , type=finishOp
06-15 13:49:45.341  3563  4684 D LocationManagerService: provider request: network ProviderRequest[ON interval=+24h0m0s0ms]
06-15 13:49:45.341  4526  4526 I NLP     : Location result:[location successful by Baidu], reason:[network location] locType=161
06-15 13:49:45.401  3563  4567 E LocSvc_ApiV02: I/<--- void globalRespCb(locClientHandleType, uint32_t, locClientRespIndUnionType, void*) line 131 QMI_LOC_INJECT_POSITION_REQ_V02
06-15 13:49:45.431  3563  4567 E LocSvc_ApiV02: I/<--- void globalRespCb(locClientHandleType, uint32_t, locClientRespIndUnionType, void*) line 131 QMI_LOC_INJECT_POSITION_REQ_V02
06-15 13:49:47.231  4225  4225 D KeyguardUpdateMonitor: received broadcast android.intent.action.BATTERY_CHANGED
06-15 13:49:47.231  4225  4225 D KeyguardUpdateMonitor: handleBatteryUpdate
06-15 13:49:47.251  4796  4796 D CommonServiceConfiguration: getStringValueSetting
06-15 13:49:47.261  5241  5241 V HeadsetService: HeadsetService - Received Intent.ACTION_BATTERY_CHANGED
06-15 13:49:47.261  5241  5589 D HeadsetStateMachine: Disconnected process message: 10, size: 0
06-15 13:49:47.261  4225  4426 D NetworkController.MobileSignalController(0/2147483643): onSignalStrengthsChanged signalStrength=SignalStrength: 99 99 -120 -160 -120 -1 -1 99 2147483647 2147483647 2147483647 -1 -90 0x3 gsm|lte level=3
06-15 13:49:47.261  4225  4426 D NetworkController.MobileSignalController(0/2147483643): getMobileIconGroup(): 0
06-15 13:49:47.261  4225  4426 D NetworkController.MobileSignalController(0/2147483643): updateCMCCMobileIconGroup(): 0
06-15 13:49:47.261  4796  4796 D BatteryMonitor: new battery level: 37
06-15 13:49:50.201  3100  3182 D Sensorhubs: readContextData: 1, 1, 7, -1
06-15 13:49:50.201  3563  4108 D SensorHubManager: onGetSensorHubDataLocked: library(4) = 1, 1, 7, -1
06-15 13:49:50.211  3563  4107 D CAE     : onGetSensorHubData(SensorHubParserProvider.java:92) - onGetSensorHubData Event [event buffer len :4], AP_WAKEUP
06-15 13:49:50.211  3563  4107 I CAE     : parse(SensorHubParserProvider.java:188) - buffer size = 4
06-15 13:49:50.211  3563  4107 I CAE     : parse(SensorHubParserProvider.java:199) - 1, 1, 7, -1,
06-15 13:49:50.211  3563  4107 D CAE     : display(ContextProvider.java:375) - ================= AUTO_ROTATION =================
06-15 13:49:50.211  3563  4107 I CAE     : display(ContextProvider.java:391) - Angle=[-1]
06-15 13:49:50.211  3563  4110 D SContextService: updateSContext() : event = Auto Rotation
06-15 13:49:50.451  4225  4426 D NetworkController.MobileSignalController(0/2147483643): onSignalStrengthsChanged signalStrength=SignalStrength: 99 99 -120 -160 -120 -1 -1 99 2147483647 2147483647 2147483647 -1 -92 0x3 gsm|lte level=3
06-15 13:49:50.451  4225  4426 D NetworkController.MobileSignalController(0/2147483643): getMobileIconGroup(): 0
06-15 13:49:50.451  4225  4426 D NetworkController.MobileSignalController(0/2147483643): updateCMCCMobileIconGroup(): 0
06-15 13:49:53.441  4225  4426 D NetworkController.MobileSignalController(0/2147483643): onSignalStrengthsChanged signalStrength=SignalStrength: 99 99 -120 -160 -120 -1 -1 99 2147483647 2147483647 2147483647 -1 -93 0x2 gsm|lte level=2
06-15 13:49:53.441  4225  4426 D NetworkController.MobileSignalController(0/2147483643): getMobileIconGroup(): 0
06-15 13:49:53.441  4225  4426 D NetworkController.MobileSignalController(0/2147483643): updateCMCCMobileIconGroup(): 0
06-15 13:49:53.441  4225  4225 E SignalClusterView: setSlotFocusVisible : subId 2147483643
06-15 13:49:53.441  4225  4225 E SignalClusterView: setSlotFocusVisible : subId 2147483643
06-15 13:49:53.911  4225  4426 D NetworkController.MobileSignalController(0/2147483643): onSignalStrengthsChanged signalStrength=SignalStrength: 99 99 -120 -160 -120 -1 -1 99 2147483647 2147483647 2147483647 -1 -93 0x2 gsm|lte level=2
06-15 13:49:53.911  4225  4426 D NetworkController.MobileSignalController(0/2147483643): getMobileIconGroup(): 0
06-15 13:49:53.911  4225  4426 D NetworkController.MobileSignalController(0/2147483643): updateCMCCMobileIconGroup(): 0
06-15 13:49:53.961  4225  4426 D NetworkController.MobileSignalController(0/2147483643): onCellLocationChanged
06-15 13:49:55.171  3100  3182 D Sensorhubs: readContextData: 1, 1, 7, 3
06-15 13:49:55.171  3563  4108 D SensorHubManager: onGetSensorHubDataLocked: library(4) = 1, 1, 7, 3
06-15 13:49:55.171  3563  4107 D CAE     : onGetSensorHubData(SensorHubParserProvider.java:92) - onGetSensorHubData Event [event buffer len :4], AP_WAKEUP
06-15 13:49:55.171  3563  4107 I CAE     : parse(SensorHubParserProvider.java:188) - buffer size = 4
06-15 13:49:55.181  3563  4107 I CAE     : parse(SensorHubParserProvider.java:199) - 1, 1, 7, 3,
06-15 13:49:55.181  3563  4107 D CAE     : display(ContextProvider.java:375) - ================= AUTO_ROTATION =================
06-15 13:49:55.181  3563  4107 I CAE     : display(ContextProvider.java:391) - Angle=[3]
06-15 13:49:55.181  3563  4110 D SContextService: updateSContext() : event = Auto Rotation
06-15 13:49:55.891  3100  3182 D Sensorhubs: readContextData: 1, 1, 7, -1
06-15 13:49:55.891  3563  4108 D SensorHubManager: onGetSensorHubDataLocked: library(4) = 1, 1, 7, -1
06-15 13:49:55.891  3563  4107 D CAE     : onGetSensorHubData(SensorHubParserProvider.java:92) - onGetSensorHubData Event [event buffer len :4], AP_WAKEUP
06-15 13:49:55.891  3563  4107 I CAE     : parse(SensorHubParserProvider.java:188) - buffer size = 4
06-15 13:49:55.891  3563  4107 I CAE     : parse(SensorHubParserProvider.java:199) - 1, 1, 7, -1,
06-15 13:49:55.891  3563  4107 D CAE     : display(ContextProvider.java:375) - ================= AUTO_ROTATION =================
06-15 13:49:55.891  3563  4107 I CAE     : display(ContextProvider.java:391) - Angle=[-1]
06-15 13:49:55.901  3563  4110 D SContextService: updateSContext() : event = Auto Rotation
06-15 13:49:56.561  3563  4119 D InputReader: Input event(3): value=1 when=8642116144000
06-15 13:49:56.561  3563  4119 D InputReader: Input event(3): value=1 when=8642116144000
06-15 13:49:56.561  3563  4119 I InputReader: Touch event's action is 0x0 (deviceType=0) [pCnt=1, s=0.867 ] when=8642116144000
06-15 13:49:56.561  3563  4119 D InputReader: lastThreadEndTime = 8626815753321, currentThreadStartTime = 8626815778404, diff = 0
06-15 13:49:56.561  3563  4118 I InputDispatcher: Delivering touch to (4225): action: 0x4, toolType: 1
06-15 13:49:56.561  3563  4118 I InputDispatcher: Delivering touch to (6733): action: 0x4, toolType: 1
06-15 13:49:56.561  3563  4118 I InputDispatcher: Delivering touch to (10358): action: 0x0, toolType: 1
06-15 13:49:56.561  6733  6733 D AutoHideHelper: ###check Single invalid
06-15 13:49:56.571 10358 10358 D ViewRootImpl: ViewPostImeInputStage processPointer 0
06-15 13:49:56.681  3563  4119 D InputReader: Input event(3): value=0 when=8642232856000
06-15 13:49:56.681  3563  4119 D InputReader: Input event(3): value=0 when=8642232856000
06-15 13:49:56.681  3563  4119 I InputReader: Touch event's action is 0x1 (deviceType=0) [pCnt=1, s=] when=8642232856000
06-15 13:49:56.681  3563  4118 I InputDispatcher: Delivering touch to (10358): action: 0x1, toolType: 1
06-15 13:49:56.681 10358 10358 D ViewRootImpl: ViewPostImeInputStage processPointer 1
06-15 13:49:56.681  8948  8948 D SamsungIME: IMPL finishInput
06-15 13:49:56.741  4225  4426 D NetworkController.MobileSignalController(0/2147483643): onSignalStrengthsChanged signalStrength=SignalStrength: 99 99 -120 -160 -120 -1 -1 99 2147483647 2147483647 2147483647 -1 -95 0x2 gsm|lte level=2
06-15 13:49:56.741  4225  4426 D NetworkController.MobileSignalController(0/2147483643): getMobileIconGroup(): 0
06-15 13:49:56.741  4225  4426 D NetworkController.MobileSignalController(0/2147483643): updateCMCCMobileIconGroup(): 0
06-15 13:49:56.771  8948  8948 D RMHelper: SamsungIME : RMisReady() : client is null
06-15 13:49:56.771  8948  8948 D RMHelper: SamsungIME : RMisReady() : client is null
06-15 13:49:56.771  8948  8948 D RMHelper: RMHelper : initHelper()
06-15 13:49:56.771  8948  8948 D RMHelper: SamsungIME : initHelper() : client is null
06-15 13:49:56.771  8948  8948 D RMHelper: SamsungIME : RMisReady() : client is null
06-15 13:49:56.771  8948  8948 D RMHelper: SamsungIME : RMisReady() : client is null
06-15 13:49:56.771  8948  8948 D RMHelper: RMHelper : initHelper()
06-15 13:49:56.781  8948  8948 D RMHelper: SamsungIME : initHelper() : client is null
06-15 13:49:56.781  8948  8948 D RMHelper: SamsungIME : RMisReady() : client is null
06-15 13:49:56.781  8948  8948 D RMHelper: SamsungIME : RMisReady() : client is null
06-15 13:49:56.781  8948  8948 D RMHelper: RMHelper : initHelper()
06-15 13:49:56.781  8948  8948 D RMHelper: SamsungIME : initHelper() : client is null
06-15 13:49:56.781  8948  8948 D SamsungIME: onViewClicked
06-15 13:49:56.781  8948  8948 E SamsungIME: resetNeedToLoadHwrLibrary : 1
06-15 13:49:56.791  8948  8948 D SamsungIME: onStartInputView requsted restarting value = false
06-15 13:49:56.791  8948  8948 D SamsungIME: onStartInputView After call super -  restarting value = false
06-15 13:49:56.791  8948  8948 D SamsungIME: disable handwriting input icon : handwriting is not enabled or improper edit field
06-15 13:49:56.791  8948  8948 D SamsungIME_HWR: DynamicHwrLoadPerf, InitHwrLib time = 0 ms
06-15 13:49:56.791  8948  8948 D SamsungIME_HWR: DynamicHwrLoadPerf, setAvailableHWRLanguage time = 0 ms
06-15 13:49:56.791  8948  8948 D SamsungIME_HWR: DynamicHwrLoadPerf, updateHwrInputModule time = 0 ms
06-15 13:49:56.791  8948  8948 D DragonTrigger: isVoiceSupportedModelWithoutSvoice : true device : zerofltechn
06-15 13:49:56.791  8948  8948 D SamsungIME: [startInputView] info.inputType = 131201 info.imeOptions = 1140850694
06-15 13:49:56.791  8948  8948 I SamsungIME: Update SetupWizard State usc : 1 pss : false
06-15 13:49:56.791  8948  8948 I SamsungIME: Update SetupWizard State usc : 1 pss : false
06-15 13:49:56.791  8948  8948 D DragonTrigger: isVoiceSupportedModelWithoutSvoice : true device : zerofltechn
06-15 13:49:56.801  8948  8948 I SamsungIME: ET9AWSetFastAdaptation failed
06-15 13:49:56.801  8948  8948 I SamsungIME: ET9KDLMInit : 2
06-15 13:49:56.801  8948  8948 I SamsungIME: ET9JDLMInit : 2
06-15 13:49:56.801  8948  8948 E SamsungIME: lang.getLanguageCode():en, lang.getCountryCode():US
06-15 13:49:56.801  8948  8948 E SamsungIME: lang.getLanguageCode():zh, lang.getCountryCode():CN
06-15 13:49:56.801  8948  8948 W SamsungIME: makeSelectedLanguageList:en_US;zh_CN;
06-15 13:49:56.801  8948  8948 I SamsungIME: [IMI] isChangedMainValues - bRetVal : true
06-15 13:49:56.801  8948 28160 E SamsungIME: sendInputLanguage() : en_US, en_US;zh_CN;
06-15 13:49:56.801  8948  8948 I SamsungIME: getDebugLevel  : 0x4f4c
06-15 13:49:56.811  8948  8948 I SamsungIME: KeybaordView init() : load resources
06-15 13:49:56.811  8948  8948 I SamsungIME: getCurrentKeyboard
06-15 13:49:56.811  8948  8948 I SamsungIME: getTextKeyboard
06-15 13:49:56.811  8948  8948 I SamsungIME: CarMode is off 
06-15 13:49:56.811  8948  8948 D SamsungIME: mDisplayWidth is 1440
06-15 13:49:56.811  8948  8948 D SamsungIME: mDisplayHeight is 2560
06-15 13:49:56.811  8948  8948 D SamsungIME: isOrientationLandscape false
06-15 13:49:56.811  8948  8948 D SamsungIME: mDisplayWidth is 1440
06-15 13:49:56.811  8948  8948 D SamsungIME: mDisplayHeight is 2560
06-15 13:49:56.811  8948  8948 D SamsungIME: isOrientationLandscape false
06-15 13:49:56.811  8948  8948 D SamsungIME: mIsUseStaticTouchRecognizedArea =  false
06-15 13:49:56.821  8948  8948 D SamsungIME: [AbstractKeyboardView] onDetachedFromWindow.
06-15 13:49:56.821  8948  8948 D SamsungIME: Magnification Enabled = false
06-15 13:49:56.821  8948  8948 D SamsungIME: Dismiss ExpandCandiate
06-15 13:49:56.821  8948  8948 E SamsungIME: lang.getLanguageCode():en, lang.getCountryCode():US
06-15 13:49:56.821  8948  8948 E SamsungIME: lang.getLanguageCode():zh, lang.getCountryCode():CN
06-15 13:49:56.821  8948  8948 W SamsungIME: makeSelectedLanguageList:en_US;zh_CN;
06-15 13:49:56.821  8948  8948 D HWManager: hideBoxHandwritingView
06-15 13:49:56.821  8948  8948 D HWManager: hideFSHandwritingView
06-15 13:49:56.821  8948  8948 W SamsungIME: setChineseStrokeMode() current language is not chinese
06-15 13:49:56.821  8948  8948 D HWManager: hideBoxHandwritingView
06-15 13:49:56.821  8948  8948 D HWManager: hideFSHandwritingView
06-15 13:49:56.821  8948  8948 W SamsungIME: setChineseStrokeMode() current language is not chinese
06-15 13:49:56.821  8948  8948 D SamsungIME: Dismiss ExpandCandiate
06-15 13:49:56.821  8948 28161 E SamsungIME: sendInputLanguage() : en_US, en_US;zh_CN;
06-15 13:49:56.821  8948 28162 E SamsungIME: updateShiftState() : 2
06-15 13:49:56.831  8948  8948 I SamsungIME: ET9AWSetFastAdaptation failed
06-15 13:49:56.831  8948  8948 I SamsungIME: ET9KDLMInit : 2
06-15 13:49:56.831  8948  8948 I SamsungIME: ET9JDLMInit : 2
06-15 13:49:56.831  8948  8948 I SamsungIME: getCurrentKeyboard
06-15 13:49:56.831  8948  8948 I SamsungIME: getTextKeyboard
06-15 13:49:56.831  8948  8948 I SamsungIME: CarMode is off 
06-15 13:49:56.831  8948  8948 E SamsungIME: get previous
06-15 13:49:56.831  8948  8948 D SamsungIME: mIsUseStaticTouchRecognizedArea =  false
06-15 13:49:56.831  8948  8948 D HWManager: hideBoxHandwritingView
06-15 13:49:56.831  8948  8948 D HWManager: hideFSHandwritingView
06-15 13:49:56.831  8948  8948 W SamsungIME: setChineseStrokeMode() current language is not chinese
06-15 13:49:56.831  8948  8948 D SamsungIME: Dismiss ExpandCandiate
06-15 13:49:56.841  8948  8948 I SamsungIME: ET9AWSetFastAdaptation failed
06-15 13:49:56.841  8948  8948 I SamsungIME: ET9KDLMInit : 2
06-15 13:49:56.841  8948  8948 I SamsungIME: ET9JDLMInit : 2
06-15 13:49:56.841  8948  8948 D SamsungIME_UnifiedIME: setToolbarVisiblility, visible = true
06-15 13:49:56.841  8948  8948 D SamsungIME_UnifiedIME: InputManagerImpl, mCloudHandler: 72
06-15 13:49:56.841  8948  8948 D SamsungIME_UnifiedIME: InputManagerImpl, mCloudHandler: 72
06-15 13:49:56.841  8948  8948 D SamsungIME: startInputViewContinue : true true
06-15 13:49:56.841  8948  8948 D SamsungIME: [showDiscoverability] this is auto replacement discoverity popup
06-15 13:49:56.841  8948  8948 D SamsungIME: conditions for show dialog : true true true false
06-15 13:49:56.841  8948  8948 D SamsungIME: showDlgMsgBox : true true true
06-15 13:49:56.841  8948  8948 D SamsungIME: showDlgMsgBox inner condition : true true
06-15 13:49:56.841  8948  8948 I SamsungIME: [IMI] startInputView - caller pid : 10358, caller uid : 10875
06-15 13:49:56.841  8948 28164 D InputMethodFrameWorkUtils: InputMethodSubtype is found as local:en_US
06-15 13:49:56.841  8948  8948 D SamsungIME: onWindowShown
06-15 13:49:56.841  8948 28164 D InputMethodFrameWorkUtils: InputMethodSubtype is set as local:en_US
06-15 13:49:56.841  3070  3070 I SurfaceFlinger: id=414 createSurf (1440x1384),1 flag=4, JnputMethod
06-15 13:49:56.851  8948 11485 D mali_winsys: new_window_surface returns 0x3000,  [1440x1384]-format:1
06-15 13:49:56.851  6733  6733 D EventStateReceiver: [c] IS_VISIBLE_WINDOW #1:true, IS_MOVABLE_KEYPAD:false
06-15 13:49:56.851  6733  6733 E EventStateReceiver: mIsOpenIME:false  isOpenIME:true
06-15 13:49:56.851  6733  6733 I AirMessagePosHelper: imeStatusChanged  isOpenIME:  true
06-15 13:49:56.851  6733  6733 I SpApplication: getIMEService
06-15 13:49:56.851  6733  6733 I SpApplication: getIMEService
06-15 13:49:56.851  6733  6733 I SpApplication: getIMEService
06-15 13:49:56.851  6733  6733 I SpApplication: getIMEService
06-15 13:49:56.851  6733  6733 I SpApplication: getIMEService
06-15 13:49:56.851  6733  6733 E AirMessagePosHelper: mImeService is not binded!!
06-15 13:49:56.851  6733  6733 I AirViewBST: # isShowfalse
06-15 13:49:56.851  8948  8948 D DragonTrigger: isVoiceSupportedModelWithoutSvoice : true device : zerofltechn
06-15 13:49:56.851  8948  8948 D SamsungIME_UnifiedIME: ToolBarPage createToolBarView tollbar itemNums = 6
06-15 13:49:56.851 11488 11488 E ProxyStatusReceiver: no this type!
06-15 13:49:56.861  8948  8948 E SamsungIME: <AbstractKeyboardView> - onDraw() called
06-15 13:49:56.861  8948  8948 I SamsungIME: drawAllKey
06-15 13:49:56.901  3563  4685 V WindowStateAnimator: Finishing drawing window Window{feaefbe u0 d0 InputMethod}: mDrawState=DRAW_PENDING
06-15 13:49:56.901  8948  8948 E SamsungIME: <AbstractKeyboardView> - onDraw() called
06-15 13:49:56.901 10358 10358 D ViewRootImpl: MSG_RESIZED: ci=Rect(0, 96 - 0, 0) vi=Rect(0, 96 - 0, 1128) or=1
06-15 13:49:56.911  3070  3070 D libEGL  : eglInitialize EGLDisplay = 0x7fcce02e88
06-15 13:49:56.931  3070  3070 D libEGL  : eglInitialize EGLDisplay = 0x7fcce02e88
06-15 13:49:56.941  8948  8948 D SamsungIME: Dismiss ExpandCandiate
06-15 13:49:57.201 10358 10358 W DisplayListCanvas: DisplayListCanvas is started on unbinded RenderNode (without mOwningView)
06-15 13:50:00.001  4225  4225 D KeyguardUpdateMonitor: received broadcast android.intent.action.TIME_TICK
06-15 13:50:00.001  4225  4225 D KeyguardUpdateMonitor: handleTimeUpdate
06-15 13:50:00.031  4225  4225 D Clock   : received broadcast android.intent.action.TIME_TICK
06-15 13:50:00.051  4225  4426 D NetworkController.MobileSignalController(0/2147483643): onSignalStrengthsChanged signalStrength=SignalStrength: 99 99 -120 -160 -120 -1 -1 99 2147483647 2147483647 2147483647 -1 -98 0x1 gsm|lte level=1
06-15 13:50:00.051  4225  4426 D NetworkController.MobileSignalController(0/2147483643): getMobileIconGroup(): 0
06-15 13:50:00.051  4225  4426 D NetworkController.MobileSignalController(0/2147483643): updateCMCCMobileIconGroup(): 0
06-15 13:50:00.061  4225  4225 E SignalClusterView: setSlotFocusVisible : subId 2147483643
06-15 13:50:00.061  4225  4225 E SignalClusterView: setSlotFocusVisible : subId 2147483643
06-15 13:50:00.081  4225  4225 D DateView: received broadcast android.intent.action.TIME_TICK
06-15 13:50:00.171 14763 14763 D [WeatherWidget(1347)]  WeatherService: {[B73D43639EB27FAA34EF41A6129C1FA74EE523C06D7536E6814BAB417862AF9BA63017AC2C1E20CC004E1F7C09A488FE6E8405EF4D3F04CE1548AAA5BC357D19]}
06-15 13:50:00.171 14763 14763 D [WeatherWidget(1347)]  : {[3AE6950019B083611567B0F9442DB03E46FB6DE766AD55CE2B94B9E5E5C0C8EB]}
06-15 13:50:00.171 14763 14763 D [WeatherWidget(1347)]  : {[3AE6950019B083611567B0F9442DB03EBE3344DB7EA709231FA889CBE1BA042A320074BE8FD000B75A46F83623A94B345781FFA4E571FCB567CDD3ACBB4B71CA9A8DA816B62AD258F47FED804A81BE3F]}
06-15 13:50:00.181 14763 14763 D [WeatherWidget(1347)]  : {[A1AF0F6A1A65A89C43D705938923D0FE9D71D1E79F916BF028A9BE05C24DCFF6325489ACDDEBE2E457F72259BC6C2EAAF709C3268F3DFAF1155E85EC17130C8BA36A6CE8762F34272CAD23369CED9D75C84D8BB0DB8B2CBCE3D953438C9EE759B3D502B75A5C951BB378AE8F85087AD6]}
06-15 13:50:00.181 14763 14763 D [WeatherWidget(1347)]  : {[483B5B7E147A3DD4E13C8EC20B3BDD854E22413F3C9169F664B5925485A18F29]}
06-15 13:50:00.891  4225  4426 D NetworkController.MobileSignalController(0/2147483643): onSignalStrengthsChanged signalStrength=SignalStrength: 99 99 -120 -160 -120 -1 -1 99 2147483647 2147483647 2147483647 -1 -98 0x1 gsm|lte level=1
06-15 13:50:00.891  4225  4426 D NetworkController.MobileSignalController(0/2147483643): getMobileIconGroup(): 0
06-15 13:50:00.891  4225  4426 D NetworkController.MobileSignalController(0/2147483643): updateCMCCMobileIconGroup(): 0
06-15 13:50:00.971  4225  4426 D NetworkController.MobileSignalController(0/2147483643): onCellLocationChanged
06-15 13:50:03.261  4225  4426 D NetworkController.MobileSignalController(0/2147483643): onSignalStrengthsChanged signalStrength=SignalStrength: 99 99 -120 -160 -120 -1 -1 99 2147483647 2147483647 2147483647 -1 -100 0x1 gsm|lte level=1
06-15 13:50:03.261  4225  4426 D NetworkController.MobileSignalController(0/2147483643): getMobileIconGroup(): 0
06-15 13:50:03.261  4225  4426 D NetworkController.MobileSignalController(0/2147483643): updateCMCCMobileIconGroup(): 0
06-15 13:50:06.261  4225  4426 D NetworkController.MobileSignalController(0/2147483643): onSignalStrengthsChanged signalStrength=SignalStrength: 99 99 -120 -160 -120 -1 -1 99 2147483647 2147483647 2147483647 -1 -98 0x1 gsm|lte level=1
06-15 13:50:06.261  4225  4426 D NetworkController.MobileSignalController(0/2147483643): getMobileIconGroup(): 0
06-15 13:50:06.261  4225  4426 D NetworkController.MobileSignalController(0/2147483643): updateCMCCMobileIconGroup(): 0
06-15 13:50:07.281  4225  4426 D NetworkController: onReceive: intent=Intent { act=android.net.wifi.RSSI_CHANGED flg=0x4000010 bqHint=4 (has extras) }
06-15 13:50:09.561  4225  4426 D NetworkController.MobileSignalController(0/2147483643): onSignalStrengthsChanged signalStrength=SignalStrength: 99 99 -120 -160 -120 -1 -1 99 2147483647 2147483647 2147483647 -1 -95 0x2 gsm|lte level=2
06-15 13:50:09.561  4225  4426 D NetworkController.MobileSignalController(0/2147483643): getMobileIconGroup(): 0
06-15 13:50:09.561  4225  4426 D NetworkController.MobileSignalController(0/2147483643): updateCMCCMobileIconGroup(): 0
06-15 13:50:09.561  4225  4225 E SignalClusterView: setSlotFocusVisible : subId 2147483643
06-15 13:50:09.561  4225  4225 E SignalClusterView: setSlotFocusVisible : subId 2147483643
06-15 13:50:09.961  3563  3574 I art     : Background sticky concurrent mark sweep GC freed 84482(6MB) AllocSpace objects, 100(2012KB) LOS objects, 15% free, 47MB/55MB, paused 4.975ms total 112.784ms
06-15 13:50:11.511  3100  3182 D Sensorhubs: readContextData: 1, 1, 7, 0
06-15 13:50:11.511  3563  4108 D SensorHubManager: onGetSensorHubDataLocked: library(4) = 1, 1, 7, 0
06-15 13:50:11.521  3563  4107 D CAE     : onGetSensorHubData(SensorHubParserProvider.java:92) - onGetSensorHubData Event [event buffer len :4], AP_WAKEUP
06-15 13:50:11.521  3563  4107 I CAE     : parse(SensorHubParserProvider.java:188) - buffer size = 4
06-15 13:50:11.521  3563  4107 I CAE     : parse(SensorHubParserProvider.java:199) - 1, 1, 7, 0,
06-15 13:50:11.521  3563  4107 D CAE     : display(ContextProvider.java:375) - ================= AUTO_ROTATION =================
06-15 13:50:11.521  3563  4107 I CAE     : display(ContextProvider.java:391) - Angle=[0]
06-15 13:50:11.521  3563  4110 D SContextService: updateSContext() : event = Auto Rotation
06-15 13:50:11.751  3100  3182 D Sensorhubs: readContextData: 1, 1, 7, -1
06-15 13:50:11.751  3563  4108 D SensorHubManager: onGetSensorHubDataLocked: library(4) = 1, 1, 7, -1
06-15 13:50:11.751  3563  4107 D CAE     : onGetSensorHubData(SensorHubParserProvider.java:92) - onGetSensorHubData Event [event buffer len :4], AP_WAKEUP
06-15 13:50:11.761  3563  4107 I CAE     : parse(SensorHubParserProvider.java:188) - buffer size = 4
06-15 13:50:11.761  3563  4107 I CAE     : parse(SensorHubParserProvider.java:199) - 1, 1, 7, -1,
06-15 13:50:11.761  3563  4107 D CAE     : display(ContextProvider.java:375) - ================= AUTO_ROTATION =================
06-15 13:50:11.761  3563  4107 I CAE     : display(ContextProvider.java:391) - Angle=[-1]
06-15 13:50:11.761  3563  4110 D SContextService: updateSContext() : event = Auto Rotation
06-15 13:50:12.861  4225  4426 D NetworkController.MobileSignalController(0/2147483643): onSignalStrengthsChanged signalStrength=SignalStrength: 99 99 -120 -160 -120 -1 -1 99 2147483647 2147483647 2147483647 -1 -95 0x2 gsm|lte level=2
06-15 13:50:12.861  4225  4426 D NetworkController.MobileSignalController(0/2147483643): getMobileIconGroup(): 0
06-15 13:50:12.861  4225  4426 D NetworkController.MobileSignalController(0/2147483643): updateCMCCMobileIconGroup(): 0
06-15 13:50:15.681  3100  3182 D Sensorhubs: readContextData: 1, 1, 26, 1, 1, 64, -78, -74, 1, 0
06-15 13:50:15.681  3563  4108 D SensorHubManager: onGetSensorHubDataLocked: library(10) = 1, 1, 26, 1, 1, 64, -78, -74, 1, 0
06-15 13:50:15.681  3563  4107 D CAE     : onGetSensorHubData(SensorHubParserProvider.java:92) - onGetSensorHubData Event [event buffer len :10], AP_WAKEUP
06-15 13:50:15.691  3563  4107 I CAE     : parse(SensorHubParserProvider.java:188) - buffer size = 10
06-15 13:50:15.691  3563  4107 I CAE     : parse(SensorHubParserProvider.java:199) - 1, 1, 26, 1, 1, 64, -78, -74, 1, 0,
06-15 13:50:15.691  3563  4107 D CAE     : display(ContextProvider.java:375) - ================= ACTIVITY_TRACKER =================
06-15 13:50:15.691  3563  4107 I CAE     : display(ContextProvider.java:391) - Accuracy=[0], OperationMode=[0], ActivityType=[1], TimeStamp=[1497505815698]
06-15 13:50:15.691  3563  4110 D SContextService: updateSContext() : event = Activity Tracker
06-15 13:50:15.961  4225  4426 D NetworkController.MobileSignalController(0/2147483643): onSignalStrengthsChanged signalStrength=SignalStrength: 99 99 -120 -160 -120 -1 -1 99 2147483647 2147483647 2147483647 -1 -95 0x2 gsm|lte level=2
06-15 13:50:15.971  4225  4426 D NetworkController.MobileSignalController(0/2147483643): getMobileIconGroup(): 0
06-15 13:50:15.971  4225  4426 D NetworkController.MobileSignalController(0/2147483643): updateCMCCMobileIconGroup(): 0
06-15 13:50:17.291  4225  4225 D KeyguardUpdateMonitor: received broadcast android.intent.action.BATTERY_CHANGED
06-15 13:50:17.291  4225  4225 D KeyguardUpdateMonitor: handleBatteryUpdate
06-15 13:50:17.311  4796  4796 D CommonServiceConfiguration: getStringValueSetting
06-15 13:50:17.311  5241  5241 V HeadsetService: HeadsetService - Received Intent.ACTION_BATTERY_CHANGED
06-15 13:50:17.311  5241  5589 D HeadsetStateMachine: Disconnected process message: 10, size: 0
06-15 13:50:17.321  4796  4796 D BatteryMonitor: new battery level: 37
06-15 13:50:17.721  3100  3182 D Sensorhubs: readContextData: 1, 1, 26, 1, 1, 64, -70, -86, 1, 1
06-15 13:50:17.721  3563  4108 D SensorHubManager: onGetSensorHubDataLocked: library(10) = 1, 1, 26, 1, 1, 64, -70, -86, 1, 1
06-15 13:50:17.721  3563  4107 D CAE     : onGetSensorHubData(SensorHubParserProvider.java:92) - onGetSensorHubData Event [event buffer len :10], AP_WAKEUP
06-15 13:50:17.721  3563  4107 I CAE     : parse(SensorHubParserProvider.java:188) - buffer size = 10
06-15 13:50:17.721  3563  4107 I CAE     : parse(SensorHubParserProvider.java:199) - 1, 1, 26, 1, 1, 64, -70, -86, 1, 1,
06-15 13:50:17.721  3563  4107 D CAE     : display(ContextProvider.java:375) - ================= ACTIVITY_TRACKER =================
06-15 13:50:17.731  3563  4107 I CAE     : display(ContextProvider.java:391) - Accuracy=[1], OperationMode=[0], ActivityType=[1], TimeStamp=[1497505817733]
06-15 13:50:17.731  3563  4110 D SContextService: updateSContext() : event = Activity Tracker
06-15 13:50:19.111  4225  4426 D NetworkController.MobileSignalController(0/2147483643): onSignalStrengthsChanged signalStrength=SignalStrength: 99 99 -120 -160 -120 -1 -1 99 2147483647 2147483647 2147483647 -1 -98 0x1 gsm|lte level=1
06-15 13:50:19.111  4225  4426 D NetworkController.MobileSignalController(0/2147483643): getMobileIconGroup(): 0
06-15 13:50:19.111  4225  4426 D NetworkController.MobileSignalController(0/2147483643): updateCMCCMobileIconGroup(): 0
06-15 13:50:19.111  4225  4225 E SignalClusterView: setSlotFocusVisible : subId 2147483643
06-15 13:50:19.111  4225  4225 E SignalClusterView: setSlotFocusVisible : subId 2147483643
06-15 13:50:20.261 28177 28177 I FIPS_bssl: FIPS approved mode (1) | 28177 | app_process
06-15 13:50:20.271 28177 28177 D AndroidRuntime: >>>>>> START com.android.internal.os.RuntimeInit uid 2000 <<<<<<
06-15 13:50:20.271 28177 28177 D AndroidRuntime: CheckJNI is OFF
06-15 13:50:20.271 28177 28177 D AndroidRuntime: readGMSProperty: start
06-15 13:50:20.271 28177 28177 D AndroidRuntime: readGMSProperty: already setted!!
06-15 13:50:20.271 28177 28177 D AndroidRuntime: propertySet: couldn't set property (it is from app)
06-15 13:50:20.271 28177 28177 D AndroidRuntime: readGMSProperty: could not set the property(default)!!
06-15 13:50:20.271 28177 28177 D AndroidRuntime: readGMSProperty: end
06-15 13:50:20.271 28177 28177 D AndroidRuntime: addProductProperty: start
06-15 13:50:20.291 28177 28177 D ICU     : No timezone override file found: /data/misc/zoneinfo/current/icu/icu_tzdata.dat
06-15 13:50:20.321 28177 28177 I Radio-JNI: register_android_hardware_Radio DONE
06-15 13:50:20.331 28177 28177 E AffinityControl: AffinityControl: registerfunction enter
06-15 13:50:20.341 28177 28177 D AndroidRuntime: Calling main entry com.android.commands.am.Am
06-15 13:50:20.341 28177 28177 D AndroidRuntime: Shutting down VM
06-15 13:50:22.471  4225  4426 D NetworkController.MobileSignalController(0/2147483643): onSignalStrengthsChanged signalStrength=SignalStrength: 99 99 -120 -160 -120 -1 -1 99 2147483647 2147483647 2147483647 -1 -100 0x1 gsm|lte level=1
06-15 13:50:22.471  4225  4426 D NetworkController.MobileSignalController(0/2147483643): getMobileIconGroup(): 0
06-15 13:50:22.471  4225  4426 D NetworkController.MobileSignalController(0/2147483643): updateCMCCMobileIconGroup(): 0
06-15 13:50:25.651  4225  4426 D NetworkController.MobileSignalController(0/2147483643): onSignalStrengthsChanged signalStrength=SignalStrength: 99 99 -120 -160 -120 -1 -1 99 2147483647 2147483647 2147483647 -1 -100 0x1 gsm|lte level=1
06-15 13:50:25.651  4225  4426 D NetworkController.MobileSignalController(0/2147483643): getMobileIconGroup(): 0
06-15 13:50:25.651  4225  4426 D NetworkController.MobileSignalController(0/2147483643): updateCMCCMobileIconGroup(): 0
06-15 13:50:26.191 28191 28191 I FIPS_bssl: FIPS approved mode (1) | 28191 | app_process
06-15 13:50:26.201 28191 28191 D AndroidRuntime: >>>>>> START com.android.internal.os.RuntimeInit uid 2000 <<<<<<
06-15 13:50:26.201 28191 28191 D AndroidRuntime: CheckJNI is OFF
06-15 13:50:26.201 28191 28191 D AndroidRuntime: readGMSProperty: start
06-15 13:50:26.201 28191 28191 D AndroidRuntime: readGMSProperty: already setted!!
06-15 13:50:26.201 28191 28191 D AndroidRuntime: propertySet: couldn't set property (it is from app)
06-15 13:50:26.201 28191 28191 D AndroidRuntime: readGMSProperty: could not set the property(default)!!
06-15 13:50:26.201 28191 28191 D AndroidRuntime: readGMSProperty: end
06-15 13:50:26.201 28191 28191 D AndroidRuntime: addProductProperty: start
06-15 13:50:26.231 28191 28191 D ICU     : No timezone override file found: /data/misc/zoneinfo/current/icu/icu_tzdata.dat
06-15 13:50:26.251 28191 28191 I Radio-JNI: register_android_hardware_Radio DONE
06-15 13:50:26.261 28191 28191 E AffinityControl: AffinityControl: registerfunction enter
06-15 13:50:26.271 28191 28191 D AndroidRuntime: Calling main entry com.android.commands.content.Content
06-15 13:50:26.281 28191 28191 D AndroidRuntime: Shutting down VM
06-15 13:50:26.771  8948 28159 I SamsungIME: saveUserDict() not process isInputViewShown() true
06-15 13:50:27.831  4626  4688 D ContactsProvider_EventLog: contents_sample_state: [contacts(0) raw_contacts(0) raw_contacts deleted(0) data(0) accounts({}) accounts deleted({}) ]
06-15 13:50:28.861  4225  4426 D NetworkController.MobileSignalController(0/2147483643): onSignalStrengthsChanged signalStrength=SignalStrength: 99 99 -120 -160 -120 -1 -1 99 2147483647 2147483647 2147483647 -1 -96 0x2 gsm|lte level=2
06-15 13:50:28.871  4225  4426 D NetworkController.MobileSignalController(0/2147483643): getMobileIconGroup(): 0
06-15 13:50:28.871  4225  4426 D NetworkController.MobileSignalController(0/2147483643): updateCMCCMobileIconGroup(): 0
06-15 13:50:28.871  4225  4225 E SignalClusterView: setSlotFocusVisible : subId 2147483643
06-15 13:50:28.871  4225  4225 E SignalClusterView: setSlotFocusVisible : subId 2147483643
06-15 13:50:32.061  4225  4426 D NetworkController.MobileSignalController(0/2147483643): onSignalStrengthsChanged signalStrength=SignalStrength: 99 99 -120 -160 -120 -1 -1 99 2147483647 2147483647 2147483647 -1 -95 0x2 gsm|lte level=2
06-15 13:50:32.061  4225  4426 D NetworkController.MobileSignalController(0/2147483643): getMobileIconGroup(): 0
06-15 13:50:32.061  4225  4426 D NetworkController.MobileSignalController(0/2147483643): updateCMCCMobileIconGroup(): 0
06-15 13:50:33.571  3563  4119 D InputReader: Input event(3): value=1 when=8679124125000
06-15 13:50:33.571  3563  4119 D InputReader: Input event(3): value=1 when=8679124125000
06-15 13:50:33.571  3563  4119 I InputReader: Touch event's action is 0x0 (deviceType=0) [pCnt=1, s=0.868 ] when=8679124125000
06-15 13:50:33.571  3563  4119 D InputReader: lastThreadEndTime = 8656819304293, currentThreadStartTime = 8656819325668, diff = 0
06-15 13:50:33.571  3563  4118 I InputDispatcher: Delivering touch to (4225): action: 0x4, toolType: 1
06-15 13:50:33.571  3563  4118 I InputDispatcher: Delivering touch to (6733): action: 0x4, toolType: 1
06-15 13:50:33.571  3563  4118 I InputDispatcher: Delivering touch to (10358): action: 0x0, toolType: 1
06-15 13:50:33.571 10358 10358 D ViewRootImpl: ViewPostImeInputStage processPointer 0
06-15 13:50:33.571  6733  6733 D AutoHideHelper: ###check Single invalid
06-15 13:50:33.641  3563  4119 D InputReader: Input event(3): value=0 when=8679194031000
06-15 13:50:33.641  3563  4119 D InputReader: Input event(3): value=0 when=8679194031000
06-15 13:50:33.641  3563  4119 I InputReader: Touch event's action is 0x1 (deviceType=0) [pCnt=1, s=] when=8679194031000
06-15 13:50:33.641  3563  4118 I InputDispatcher: Delivering touch to (10358): action: 0x1, toolType: 1
06-15 13:50:33.641 10358 10358 D ViewRootImpl: ViewPostImeInputStage processPointer 1
06-15 13:50:33.641  8948  8948 D HWManager: hideBoxHandwritingView
06-15 13:50:33.641  8948  8948 D HWManager: hideFSHandwritingView
06-15 13:50:33.651  8948  8948 D HWManager: dismissHandwritingView 
06-15 13:50:33.651  8948  8948 E KeyboardInfoUtils: getInstance start
06-15 13:50:33.651  8948  8948 E KeyboardInfoUtils: sendSIPInformation state:6  isAbstractKeyboardView : true
06-15 13:50:33.651  8948  8948 E KeyboardInfoUtils: sending null keyboardInfo as SIP is closed
06-15 13:50:33.651  8948  8948 D SamsungIME_UnifiedIME: InputManagerImpl, mCloudHandler: 72
06-15 13:50:33.651  8948  8948 D SamsungIME_UnifiedIME: setToolbarVisiblility, visible = false
06-15 13:50:33.651  8948  8948 D SamsungIME: IMPL finishInput
06-15 13:50:33.651 10358 10358 D ViewRootImpl: #1 mView = android.widget.PopupWindow$PopupDecorView{bc13047 V.E...... ......I. 0,0-0,0}
06-15 13:50:33.651  3563  4543 D ISSUE_DEBUG: InputChannelName : eb1a7c8 PopupWindow:c4fdf86
06-15 13:50:33.661  3070  3070 I SurfaceFlinger: id=415 createSurf (1x1),1 flag=4, QopupWindow
06-15 13:50:33.681 10358 10993 D mali_winsys: new_window_surface returns 0x3000,  [160x160]-format:1
06-15 13:50:33.681 10358 10358 D ViewRootImpl: MSG_RESIZED_REPORT: ci=Rect(0, 0 - 0, 0) vi=Rect(0, 0 - 0, 0) or=1
06-15 13:50:33.691 10358 10358 W DisplayListCanvas: DisplayListCanvas is started on unbinded RenderNode (without mOwningView)
06-15 13:50:33.701  3563  4640 V WindowStateAnimator: Finishing drawing window Window{eb1a7c8 u0 d0 PopupWindow:c4fdf86}: mDrawState=DRAW_PENDING
06-15 13:50:33.701  3563  3671 D KnoxTimeoutHandler: notifyActivityDrawn [MsgParam] userId: 0 fullscreen is true showWhenlocked is false
06-15 13:50:33.701  3563  3563 D KnoxTimeoutHandler: activityDrawn [MsgParam] userId: 0 fullscreen is true showWhenlocked is false
06-15 13:50:33.701  3563  3563 I KnoxTimeoutHandler: SD activityfalse
06-15 13:50:33.711  3070  3070 D libEGL  : eglInitialize EGLDisplay = 0x7fcce02e88
06-15 13:50:33.741  8948  8948 D RMHelper: SamsungIME : RMisReady() : client is null
06-15 13:50:33.741  8948  8948 D RMHelper: SamsungIME : RMisReady() : client is null
06-15 13:50:33.741  8948  8948 D RMHelper: RMHelper : initHelper()
06-15 13:50:33.741  8948  8948 D RMHelper: SamsungIME : initHelper() : client is null
06-15 13:50:33.741  8948  8948 D RMHelper: SamsungIME : RMisReady() : client is null
06-15 13:50:33.741  8948  8948 D RMHelper: SamsungIME : RMisReady() : client is null
06-15 13:50:33.741  8948  8948 D RMHelper: RMHelper : initHelper()
06-15 13:50:33.751  8948  8948 D RMHelper: SamsungIME : initHelper() : client is null
06-15 13:50:33.751  8948  8948 D RMHelper: SamsungIME : RMisReady() : client is null
06-15 13:50:33.751  8948  8948 D RMHelper: SamsungIME : RMisReady() : client is null
06-15 13:50:33.751  8948  8948 D RMHelper: RMHelper : initHelper()
06-15 13:50:33.751  8948  8948 D RMHelper: SamsungIME : initHelper() : client is null
06-15 13:50:33.751  8948  8948 D SamsungIME: onStartInputView requsted restarting value = false
06-15 13:50:33.751  8948  8948 D SamsungIME: onStartInputView After call super -  restarting value = false
06-15 13:50:33.751  8948  8948 E SamsungIME: resetNeedToLoadHwrLibrary : 1
06-15 13:50:33.751  8948  8948 D SamsungIME: disable handwriting input icon : handwriting is not enabled or improper edit field
06-15 13:50:33.761  8948  8948 D SamsungIME_HWR: DynamicHwrLoadPerf, InitHwrLib time = 0 ms
06-15 13:50:33.761  8948  8948 D SamsungIME_HWR: DynamicHwrLoadPerf, setAvailableHWRLanguage time = 0 ms
06-15 13:50:33.761  8948  8948 D SamsungIME_HWR: DynamicHwrLoadPerf, updateHwrInputModule time = 0 ms
06-15 13:50:33.761  8948  8948 D DragonTrigger: isVoiceSupportedModelWithoutSvoice : true device : zerofltechn
06-15 13:50:33.771  8948  8948 D SamsungIME: [startInputView] info.inputType = 3 info.imeOptions = 134217733
06-15 13:50:33.771  8948  8948 I SamsungIME: Update SetupWizard State usc : 1 pss : false
06-15 13:50:33.781  8948  8948 I SamsungIME: Update SetupWizard State usc : 1 pss : false
06-15 13:50:33.791  8948  8948 D DragonTrigger: isVoiceSupportedModelWithoutSvoice : true device : zerofltechn
06-15 13:50:33.831  8948  8948 I SamsungIME: ET9AWSetFastAdaptation failed
06-15 13:50:33.831  8948  8948 I SamsungIME: ET9KDLMInit : 2
06-15 13:50:33.831  8948  8948 I SamsungIME: ET9JDLMInit : 2
06-15 13:50:33.831  8948  8948 E SamsungIME: lang.getLanguageCode():en, lang.getCountryCode():US
06-15 13:50:33.831  8948  8948 E SamsungIME: lang.getLanguageCode():zh, lang.getCountryCode():CN
06-15 13:50:33.831  8948  8948 W SamsungIME: makeSelectedLanguageList:en_US;zh_CN;
06-15 13:50:33.831  8948  8948 I SamsungIME: [IMI] isChangedMainValues - bRetVal : true
06-15 13:50:33.831  8948  8948 D HWManager: hideBoxHandwritingView
06-15 13:50:33.831  8948  8948 D HWManager: hideFSHandwritingView
06-15 13:50:33.831  8948  8948 W SamsungIME: setChineseStrokeMode() current language is not chinese
06-15 13:50:33.831  8948  8948 D SamsungIME: Dismiss ExpandCandiate
06-15 13:50:33.831  8948 28201 E SamsungIME: sendInputLanguage() : en_US, en_US;zh_CN;
06-15 13:50:33.851  8948  8948 I SamsungIME: ET9AWSetFastAdaptation failed
06-15 13:50:33.851  8948  8948 I SamsungIME: ET9KDLMInit : 2
06-15 13:50:33.851  8948  8948 I SamsungIME: ET9JDLMInit : 2
06-15 13:50:33.851  8948  8948 D SamsungIME: [Abstr