06-15 13:45:32.591  8948  8948 D jisu    : mMiniKeyboardOnScreen=false, pointerCount=1, action=2, eventTime8378141, index=0, id=0
06-15 13:45:32.601  3563  4119 D InputReader: Input event(3): value=0 when=8378153483000
06-15 13:45:32.601  3563  4119 D InputReader: Input event(3): value=0 when=8378153483000
06-15 13:45:32.601  3563  4119 I InputReader: Touch event's action is 0x1 (deviceType=0) [pCnt=1, s=] when=8378153483000
06-15 13:45:32.601  3563  4118 I InputDispatcher: Delivering touch to (8948): action: 0x1, toolType: 1
06-15 13:45:32.601  8948  8948 D jisu    : mMiniKeyboardOnScreen=false, pointerCount=1, action=2, eventTime8378141, index=0, id=0
06-15 13:45:32.601  8948  8948 D ViewRootImpl: ViewPostImeInputStage processPointer 1
06-15 13:45:32.601  8948  8948 D jisu    : mMiniKeyboardOnScreen=false, pointerCount=1, action=1, eventTime8378153, index=0, id=0
06-15 13:45:32.601  8948  8948 I SamsungIME: [AKV] detectAndSendKey - index : 12, mCurrentInputMethod : 0, mInputLanguage : 1701729619
06-15 13:45:32.611  8948  8948 E SamsungIME: <AbstractKeyboardView> - onDraw() called
06-15 13:45:32.611 10358 10358 W DisplayListCanvas: DisplayListCanvas is started on unbinded RenderNode (without mOwningView)
06-15 13:45:32.751  3563  4119 D InputReader: Input event(3): value=1 when=8378308368000
06-15 13:45:32.751  3563  4119 D InputReader: Input event(3): value=1 when=8378308368000
06-15 13:45:32.751  3563  4119 I InputReader: Touch event's action is 0x0 (deviceType=0) [pCnt=1, s=0.810 ] when=8378308368000
06-15 13:45:32.751  3563  4119 D InputReader: lastThreadEndTime = 8378153937660, currentThreadStartTime = 8378153942160, diff = 0
06-15 13:45:32.751  3563  4118 I InputDispatcher: Delivering touch to (4225): action: 0x4, toolType: 1
06-15 13:45:32.751  3563  4118 I InputDispatcher: Delivering touch to (6733): action: 0x4, toolType: 1
06-15 13:45:32.761  3563  4118 I InputDispatcher: Delivering touch to (8948): action: 0x0, toolType: 1
06-15 13:45:32.761  6733  6733 D AutoHideHelper: ###check Single invalid
06-15 13:45:32.761  8948  8948 D ViewRootImpl: ViewPostImeInputStage processPointer 0
06-15 13:45:32.761  8948  8948 D jisu    : mMiniKeyboardOnScreen=false, pointerCount=1, action=0, eventTime8378308, index=0, id=0
06-15 13:45:32.761  8948  9005 D SamsungIME: vib call
06-15 13:45:32.761  8948  9005 V Vibrator: Called vibrate(int, int, AudioAttributes, MagnitudeTypes) API - PUID: 1000, repeat: -1, PackageName: com.sec.android.inputmethod, MagnitudeType: TouchMagnitude
06-15 13:45:32.761  8948  9005 V Vibrator: vibrate - PUID: 1000, PackageName: com.sec.android.inputmethod, type: 50025, repeat: -1, mag: 6000, AudioAttr : null
06-15 13:45:32.761  8948  8948 E SamsungIME: <AbstractKeyboardView> - onDraw() called
06-15 13:45:32.781  8948  8948 D jisu    : mMiniKeyboardOnScreen=false, pointerCount=1, action=2, eventTime8378326, index=0, id=0
06-15 13:45:32.791  8948  8948 D jisu    : mMiniKeyboardOnScreen=false, pointerCount=1, action=2, eventTime8378342, index=0, id=0
06-15 13:45:32.811  8948  8948 D jisu    : mMiniKeyboardOnScreen=false, pointerCount=1, action=2, eventTime8378359, index=0, id=0
06-15 13:45:32.831  8948  8948 D jisu    : mMiniKeyboardOnScreen=false, pointerCount=1, action=2, eventTime8378376, index=0, id=0
06-15 13:45:32.831  3563  4119 D InputReader: Input event(3): value=0 when=8378389351000
06-15 13:45:32.831  3563  4119 D InputReader: Input event(3): value=0 when=8378389351000
06-15 13:45:32.831  3563  4119 I InputReader: Touch event's action is 0x1 (deviceType=0) [pCnt=1, s=] when=8378389351000
06-15 13:45:32.841  3563  4118 I InputDispatcher: Delivering touch to (8948): action: 0x1, toolType: 1
06-15 13:45:32.841  8948  8948 D jisu    : mMiniKeyboardOnScreen=false, pointerCount=1, action=2, eventTime8378377, index=0, id=0
06-15 13:45:32.841  8948  8948 D ViewRootImpl: ViewPostImeInputStage processPointer 1
06-15 13:45:32.841  8948  8948 D jisu    : mMiniKeyboardOnScreen=false, pointerCount=1, action=1, eventTime8378389, index=0, id=0
06-15 13:45:32.841  8948  8948 I SamsungIME: [AKV] detectAndSendKey - index : 12, mCurrentInputMethod : 0, mInputLanguage : 1701729619
06-15 13:45:32.841  8948  8948 E SamsungIME: <AbstractKeyboardView> - onDraw() called
06-15 13:45:32.841 10358 10358 W DisplayListCanvas: DisplayListCanvas is started on unbinded RenderNode (without mOwningView)
06-15 13:45:32.991  3563  4119 D InputReader: Input event(3): value=1 when=8378544009000
06-15 13:45:32.991  3563  4119 D InputReader: Input event(3): value=1 when=8378544009000
06-15 13:45:32.991  3563  4119 I InputReader: Touch event's action is 0x0 (deviceType=0) [pCnt=1, s=0.811 ] when=8378544009000
06-15 13:45:32.991  3563  4119 D InputReader: lastThreadEndTime = 8378389826161, currentThreadStartTime = 8378389831286, diff = 0
06-15 13:45:32.991  3563  4118 I InputDispatcher: Delivering touch to (4225): action: 0x4, toolType: 1
06-15 13:45:32.991  3563  4118 I InputDispatcher: Delivering touch to (6733): action: 0x4, toolType: 1
06-15 13:45:32.991  3563  4118 I InputDispatcher: Delivering touch to (8948): action: 0x0, toolType: 1
06-15 13:45:32.991  6733  6733 D AutoHideHelper: ###check Single invalid
06-15 13:45:32.991  8948  8948 D ViewRootImpl: ViewPostImeInputStage processPointer 0
06-15 13:45:32.991  8948  8948 D jisu    : mMiniKeyboardOnScreen=false, pointerCount=1, action=0, eventTime8378544, index=0, id=0
06-15 13:45:32.991  8948  9005 D SamsungIME: vib call
06-15 13:45:32.991  8948  9005 V Vibrator: Called vibrate(int, int, AudioAttributes, MagnitudeTypes) API - PUID: 1000, repeat: -1, PackageName: com.sec.android.inputmethod, MagnitudeType: TouchMagnitude
06-15 13:45:32.991  8948  9005 V Vibrator: vibrate - PUID: 1000, PackageName: com.sec.android.inputmethod, type: 50025, repeat: -1, mag: 6000, AudioAttr : null
06-15 13:45:33.011  8948  8948 E SamsungIME: <AbstractKeyboardView> - onDraw() called
06-15 13:45:33.031  8948  8948 D jisu    : mMiniKeyboardOnScreen=false, pointerCount=1, action=2, eventTime8378577, index=0, id=0
06-15 13:45:33.041  8948  8948 D jisu    : mMiniKeyboardOnScreen=false, pointerCount=1, action=2, eventTime8378593, index=0, id=0
06-15 13:45:33.081  8948  8948 D jisu    : mMiniKeyboardOnScreen=false, pointerCount=1, action=2, eventTime8378626, index=0, id=0
06-15 13:45:33.081  3563  4119 D InputReader: Input event(3): value=0 when=8378637383000
06-15 13:45:33.081  3563  4119 D InputReader: Input event(3): value=0 when=8378637383000
06-15 13:45:33.081  3563  4119 I InputReader: Touch event's action is 0x1 (deviceType=0) [pCnt=1, s=] when=8378637383000
06-15 13:45:33.081  3563  4118 I InputDispatcher: Delivering touch to (8948): action: 0x1, toolType: 1
06-15 13:45:33.081  8948  8948 D ViewRootImpl: ViewPostImeInputStage processPointer 1
06-15 13:45:33.081  8948  8948 D jisu    : mMiniKeyboardOnScreen=false, pointerCount=1, action=1, eventTime8378637, index=0, id=0
06-15 13:45:33.081  8948  8948 I SamsungIME: [AKV] detectAndSendKey - index : 12, mCurrentInputMethod : 0, mInputLanguage : 1701729619
06-15 13:45:33.091  8948  8948 E SamsungIME: <AbstractKeyboardView> - onDraw() called
06-15 13:45:33.101 10358 10358 W DisplayListCanvas: DisplayListCanvas is started on unbinded RenderNode (without mOwningView)
06-15 13:45:33.281  3563  4119 D InputReader: Input event(3): value=1 when=8378839229000
06-15 13:45:33.291  3563  4119 D InputReader: Input event(3): value=1 when=8378839229000
06-15 13:45:33.291  3563  4119 I InputReader: Touch event's action is 0x0 (deviceType=0) [pCnt=1, s=0.812 ] when=8378839229000
06-15 13:45:33.291  3563  4119 D InputReader: lastThreadEndTime = 8378637597119, currentThreadStartTime = 8378637598286, diff = 0
06-15 13:45:33.291  3563  4118 I InputDispatcher: Delivering touch to (4225): action: 0x4, toolType: 1
06-15 13:45:33.291  3563  4118 I InputDispatcher: Delivering touch to (6733): action: 0x4, toolType: 1
06-15 13:45:33.291  3563  4118 I InputDispatcher: Delivering touch to (8948): action: 0x0, toolType: 1
06-15 13:45:33.291  8948  8948 D ViewRootImpl: ViewPostImeInputStage processPointer 0
06-15 13:45:33.291  8948  8948 D jisu    : mMiniKeyboardOnScreen=false, pointerCount=1, action=0, eventTime8378839, index=0, id=0
06-15 13:45:33.291  6733  6733 D AutoHideHelper: ###check Single invalid
06-15 13:45:33.291  8948  9005 D SamsungIME: vib call
06-15 13:45:33.291  8948  9005 V Vibrator: Called vibrate(int, int, AudioAttributes, MagnitudeTypes) API - PUID: 1000, repeat: -1, PackageName: com.sec.android.inputmethod, MagnitudeType: TouchMagnitude
06-15 13:45:33.291  8948  9005 V Vibrator: vibrate - PUID: 1000, PackageName: com.sec.android.inputmethod, type: 50025, repeat: -1, mag: 6000, AudioAttr : null
06-15 13:45:33.301  8948  8948 E SamsungIME: <AbstractKeyboardView> - onDraw() called
06-15 13:45:33.311  8948  8948 D jisu    : mMiniKeyboardOnScreen=false, pointerCount=1, action=2, eventTime8378861, index=0, id=0
06-15 13:45:33.331  8948  8948 D jisu    : mMiniKeyboardOnScreen=false, pointerCount=1, action=2, eventTime8378878, index=0, id=0
06-15 13:45:33.351  8948  8948 D jisu    : mMiniKeyboardOnScreen=false, pointerCount=1, action=2, eventTime8378891, index=0, id=0
06-15 13:45:33.361  8948  8948 D jisu    : mMiniKeyboardOnScreen=false, pointerCount=1, action=2, eventTime8378909, index=0, id=0
06-15 13:45:33.371  3563  4119 D InputReader: Input event(3): value=0 when=8378921330000
06-15 13:45:33.371  3563  4119 D InputReader: Input event(3): value=0 when=8378921330000
06-15 13:45:33.371  3563  4119 I InputReader: Touch event's action is 0x1 (deviceType=0) [pCnt=1, s=] when=8378921330000
06-15 13:45:33.371  3563  4118 I InputDispatcher: Delivering touch to (8948): action: 0x1, toolType: 1
06-15 13:45:33.371  8948  8948 D ViewRootImpl: ViewPostImeInputStage processPointer 1
06-15 13:45:33.371  8948  8948 D jisu    : mMiniKeyboardOnScreen=false, pointerCount=1, action=1, eventTime8378921, index=0, id=0
06-15 13:45:33.371  8948  8948 I SamsungIME: [AKV] detectAndSendKey - index : 12, mCurrentInputMethod : 0, mInputLanguage : 1701729619
06-15 13:45:33.381  8948  8948 E SamsungIME: <AbstractKeyboardView> - onDraw() called
06-15 13:45:33.381 10358 10358 W DisplayListCanvas: DisplayListCanvas is started on unbinded RenderNode (without mOwningView)
06-15 13:45:33.591  3563  4119 D InputReader: Input event(3): value=1 when=8379147438000
06-15 13:45:33.591  3563  4119 D InputReader: Input event(3): value=1 when=8379147438000
06-15 13:45:33.591  3563  4119 I InputReader: Touch event's action is 0x0 (deviceType=0) [pCnt=1, s=0.813 ] when=8379147438000
06-15 13:45:33.591  3563  4119 D InputReader: lastThreadEndTime = 8378921863994, currentThreadStartTime = 8378921869286, diff = 0
06-15 13:45:33.591  3563  4118 I InputDispatcher: Delivering touch to (4225): action: 0x4, toolType: 1
06-15 13:45:33.591  3563  4118 I InputDispatcher: Delivering touch to (6733): action: 0x4, toolType: 1
06-15 13:45:33.591  3563  4118 I InputDispatcher: Delivering touch to (8948): action: 0x0, toolType: 1
06-15 13:45:33.601  6733  6733 D AutoHideHelper: ###check Single invalid
06-15 13:45:33.601  8948  8948 D ViewRootImpl: ViewPostImeInputStage processPointer 0
06-15 13:45:33.601  8948  8948 D jisu    : mMiniKeyboardOnScreen=false, pointerCount=1, action=0, eventTime8379147, index=0, id=0
06-15 13:45:33.601  8948  9005 D SamsungIME: vib call
06-15 13:45:33.601  8948  9005 V Vibrator: Called vibrate(int, int, AudioAttributes, MagnitudeTypes) API - PUID: 1000, repeat: -1, PackageName: com.sec.android.inputmethod, MagnitudeType: TouchMagnitude
06-15 13:45:33.601  8948  9005 V Vibrator: vibrate - PUID: 1000, PackageName: com.sec.android.inputmethod, type: 50025, repeat: -1, mag: 6000, AudioAttr : null
06-15 13:45:33.611  8948  8948 E SamsungIME: <AbstractKeyboardView> - onDraw() called
06-15 13:45:33.631  8948  8948 D jisu    : mMiniKeyboardOnScreen=false, pointerCount=1, action=2, eventTime8379179, index=0, id=0
06-15 13:45:33.651  8948  8948 D jisu    : mMiniKeyboardOnScreen=false, pointerCount=1, action=2, eventTime8379196, index=0, id=0
06-15 13:45:33.661  3563  4119 D InputReader: Input event(3): value=0 when=8379216594000
06-15 13:45:33.661  3563  4119 D InputReader: Input event(3): value=0 when=8379216594000
06-15 13:45:33.661  3563  4119 I InputReader: Touch event's action is 0x1 (deviceType=0) [pCnt=1, s=] when=8379216594000
06-15 13:45:33.661  3563  4118 I InputDispatcher: Delivering touch to (8948): action: 0x1, toolType: 1
06-15 13:45:33.661  8948  8948 D jisu    : mMiniKeyboardOnScreen=false, pointerCount=1, action=2, eventTime8379204, index=0, id=0
06-15 13:45:33.661  8948  8948 D ViewRootImpl: ViewPostImeInputStage processPointer 1
06-15 13:45:33.661  8948  8948 D jisu    : mMiniKeyboardOnScreen=false, pointerCount=1, action=1, eventTime8379216, index=0, id=0
06-15 13:45:33.661  8948  8948 I SamsungIME: [AKV] detectAndSendKey - index : 12, mCurrentInputMethod : 0, mInputLanguage : 1701729619
06-15 13:45:33.671  8948  8948 E SamsungIME: <AbstractKeyboardView> - onDraw() called
06-15 13:45:33.681 10358 10358 W DisplayListCanvas: DisplayListCanvas is started on unbinded RenderNode (without mOwningView)
06-15 13:45:33.861  3563  4119 D InputReader: Input event(3): value=1 when=8379419108000
06-15 13:45:33.861  3563  4119 D InputReader: Input event(3): value=1 when=8379419108000
06-15 13:45:33.861  3563  4119 I InputReader: Touch event's action is 0x0 (deviceType=0) [pCnt=1, s=0.814 ] when=8379419108000
06-15 13:45:33.871  3563  4119 D InputReader: lastThreadEndTime = 8379217056744, currentThreadStartTime = 8379217061286, diff = 0
06-15 13:45:33.871  3563  4118 I InputDispatcher: Delivering touch to (4225): action: 0x4, toolType: 1
06-15 13:45:33.871  3563  4118 I InputDispatcher: Delivering touch to (6733): action: 0x4, toolType: 1
06-15 13:45:33.871  3563  4118 I InputDispatcher: Delivering touch to (8948): action: 0x0, toolType: 1
06-15 13:45:33.871  8948  8948 D ViewRootImpl: ViewPostImeInputStage processPointer 0
06-15 13:45:33.871  8948  8948 D jisu    : mMiniKeyboardOnScreen=false, pointerCount=1, action=0, eventTime8379419, index=0, id=0
06-15 13:45:33.871  6733  6733 D AutoHideHelper: ###check Single invalid
06-15 13:45:33.871  8948  9005 D SamsungIME: vib call
06-15 13:45:33.871  8948  9005 V Vibrator: Called vibrate(int, int, AudioAttributes, MagnitudeTypes) API - PUID: 1000, repeat: -1, PackageName: com.sec.android.inputmethod, MagnitudeType: TouchMagnitude
06-15 13:45:33.871  8948  9005 V Vibrator: vibrate - PUID: 1000, PackageName: com.sec.android.inputmethod, type: 50025, repeat: -1, mag: 6000, AudioAttr : null
06-15 13:45:33.881  8948  8948 E SamsungIME: <AbstractKeyboardView> - onDraw() called
06-15 13:45:33.901  8948  8948 D jisu    : mMiniKeyboardOnScreen=false, pointerCount=1, action=2, eventTime8379441, index=0, id=0
06-15 13:45:33.931  8948  8948 D jisu    : mMiniKeyboardOnScreen=false, pointerCount=1, action=2, eventTime8379476, index=0, id=0
06-15 13:45:33.931  3563  4119 D InputReader: Input event(3): value=0 when=8379488486000
06-15 13:45:33.931  3563  4119 D InputReader: Input event(3): value=0 when=8379488486000
06-15 13:45:33.931  3563  4119 I InputReader: Touch event's action is 0x1 (deviceType=0) [pCnt=1, s=] when=8379488486000
06-15 13:45:33.931  3563  4118 I InputDispatcher: Delivering touch to (8948): action: 0x1, toolType: 1
06-15 13:45:33.931  8948  8948 D ViewRootImpl: ViewPostImeInputStage processPointer 1
06-15 13:45:33.931  8948  8948 D jisu    : mMiniKeyboardOnScreen=false, pointerCount=1, action=1, eventTime8379488, index=0, id=0
06-15 13:45:33.941  8948  8948 I SamsungIME: [AKV] detectAndSendKey - index : 12, mCurrentInputMethod : 0, mInputLanguage : 1701729619
06-15 13:45:33.951  8948  8948 E SamsungIME: <AbstractKeyboardView> - onDraw() called
06-15 13:45:33.951 10358 10358 W DisplayListCanvas: DisplayListCanvas is started on unbinded RenderNode (without mOwningView)
06-15 13:45:34.181 20788 20805 I Quasar  : start to send events
06-15 13:45:34.321  3563  4119 D InputReader: Input event(3): value=1 when=8379876021000
06-15 13:45:34.321  3563  4119 D InputReader: Input event(3): value=1 when=8379876021000
06-15 13:45:34.321  3563  4119 I InputReader: Touch event's action is 0x0 (deviceType=0) [pCnt=1, s=0.815 ] when=8379876021000
06-15 13:45:34.321  3563  4119 D InputReader: lastThreadEndTime = 8379488677411, currentThreadStartTime = 8379488680328, diff = 0
06-15 13:45:34.321  3563  4118 I InputDispatcher: Delivering touch to (4225): action: 0x4, toolType: 1
06-15 13:45:34.321  3563  4118 I InputDispatcher: Delivering touch to (6733): action: 0x4, toolType: 1
06-15 13:45:34.321  3563  4118 I InputDispatcher: Delivering touch to (8948): action: 0x0, toolType: 1
06-15 13:45:34.321  6733  6733 D AutoHideHelper: ###check Single invalid
06-15 13:45:34.321  8948  8948 D ViewRootImpl: ViewPostImeInputStage processPointer 0
06-15 13:45:34.391  3563  4119 D InputReader: Input event(3): value=0 when=8379946566000
06-15 13:45:34.391  3563  4119 D InputReader: Input event(3): value=0 when=8379946566000
06-15 13:45:34.391  3563  4119 I InputReader: Touch event's action is 0x1 (deviceType=0) [pCnt=1, s=] when=8379946566000
06-15 13:45:34.391  3563  4118 I InputDispatcher: Delivering touch to (8948): action: 0x1, toolType: 1
06-15 13:45:34.391  8948  8948 D ViewRootImpl: ViewPostImeInputStage processPointer 1
06-15 13:45:34.501  3563  4353 E BoostFramework: Exception java.lang.NullPointerException: Attempt to invoke virtual method 'java.lang.Object java.lang.reflect.Method.invoke(java.lang.Object, java.lang.Object[])' on a null object reference
06-15 13:45:34.501  8948  8948 D HWManager: hideBoxHandwritingView
06-15 13:45:34.501  8948  8948 D HWManager: hideFSHandwritingView
06-15 13:45:34.501  8948  8948 D HWManager: dismissHandwritingView 
06-15 13:45:34.501  8948  8948 E KeyboardInfoUtils: getInstance start
06-15 13:45:34.501  8948  8948 E KeyboardInfoUtils: sendSIPInformation state:6  isAbstractKeyboardView : true
06-15 13:45:34.501  8948  8948 E KeyboardInfoUtils: sending null keyboardInfo as SIP is closed
06-15 13:45:34.511  8948  8948 D SamsungIME_UnifiedIME: InputManagerImpl, mCloudHandler: 72
06-15 13:45:34.511  8948  8948 D SamsungIME_UnifiedIME: setToolbarVisiblility, visible = false
06-15 13:45:34.511  8948  8948 D SamsungIME: onWindowHidden
06-15 13:45:34.541  3070  3263 D libEGL  : eglTerminate EGLDisplay = 0x7fa61bee78
06-15 13:45:34.541  3070  3263 D libEGL  : eglTerminate EGLDisplay = 0x7fa61bee78
06-15 13:45:34.541  6733  6733 D EventStateReceiver: [c] IS_VISIBLE_WINDOW #1:false, IS_MOVABLE_KEYPAD:false
06-15 13:45:34.541  6733  6733 E EventStateReceiver: mIsOpenIME:true  isOpenIME:false
06-15 13:45:34.541  6733  6733 I AirMessagePosHelper: imeStatusChanged  isOpenIME:  false
06-15 13:45:34.541  6733  6733 I SpApplication: getIMEService
06-15 13:45:34.541  6733  6733 I SpApplication: getIMEService
06-15 13:45:34.541  6733  6733 I SpApplication: getIMEService
06-15 13:45:34.541  6733  6733 I SpApplication: getIMEService
06-15 13:45:34.541  6733  6733 E AirMessagePosHelper: mImeService is not binded!!
06-15 13:45:34.541  6733  6733 I AirViewBST: # isShowfalse
06-15 13:45:34.551 10358 10358 D ViewRootImpl: MSG_RESIZED: ci=Rect(0, 96 - 0, 0) vi=Rect(0, 96 - 0, 0) or=1
06-15 13:45:34.561 11488 11488 E ProxyStatusReceiver: no this type!
06-15 13:45:34.571  8948  8948 V SamsungIME: onTrimMemory Level = 20
06-15 13:45:34.891  3070  3263 I SurfaceFlinger: id=393 Removed JnputMethod (6/9)
06-15 13:45:34.891  3070  3261 I SurfaceFlinger: id=393 Removed JnputMethod (-2/9)
06-15 13:45:34.901  3070  3070 D libEGL  : eglTerminate EGLDisplay = 0x7fcce02fb8
06-15 13:45:34.961 10358 10358 W DisplayListCanvas: DisplayListCanvas is started on unbinded RenderNode (without mOwningView)
06-15 13:45:35.101  4225  4426 D NetworkController: onReceive: intent=Intent { act=android.net.wifi.RSSI_CHANGED flg=0x4000010 bqHint=4 (has extras) }
06-15 13:45:35.251  3563  4119 D InputReader: Input event(3): value=1 when=8380808775000
06-15 13:45:35.251  3563  4119 D InputReader: Input event(3): value=1 when=8380808775000
06-15 13:45:35.251  3563  4119 I InputReader: Touch event's action is 0x0 (deviceType=0) [pCnt=1, s=0.816 ] when=8380808775000
06-15 13:45:35.261  3563  4119 D InputReader: lastThreadEndTime = 8379947043953, currentThreadStartTime = 8379947049161, diff = 0
06-15 13:45:35.261  3563  4118 I InputDispatcher: Delivering touch to (4225): action: 0x4, toolType: 1
06-15 13:45:35.261  3563  4118 I InputDispatcher: Delivering touch to (6733): action: 0x4, toolType: 1
06-15 13:45:35.261  3563  4118 I InputDispatcher: Delivering touch to (10358): action: 0x0, toolType: 1
06-15 13:45:35.261  6733  6733 D AutoHideHelper: ###check Single invalid
06-15 13:45:35.261 10358 10358 D ViewRootImpl: ViewPostImeInputStage processPointer 0
06-15 13:45:35.351  3563  4119 D InputReader: Input event(3): value=0 when=8380901469000
06-15 13:45:35.351  3563  4119 D InputReader: Input event(3): value=0 when=8380901469000
06-15 13:45:35.351  3563  4119 I InputReader: Touch event's action is 0x1 (deviceType=0) [pCnt=1, s=] when=8380901469000
06-15 13:45:35.351  3563  4118 I InputDispatcher: Delivering touch to (10358): action: 0x1, toolType: 1
06-15 13:45:35.351 10358 10358 D ViewRootImpl: ViewPostImeInputStage processPointer 1
06-15 13:45:35.361 10358 10358 D ViewRootImpl: #1 mView = com.android.internal.policy.PhoneWindow$DecorView{7ed6a55 V.ED..... R.....I. 0,0-0,0}
06-15 13:45:35.361  3563  4691 D ISSUE_DEBUG: InputChannelName : 428a727 com.rongle.desktop/com.rongle.desktop.activity.login.activity.LoginActivity
06-15 13:45:35.361  3563  4691 D InputDispatcher: Focus left window: 10358
06-15 13:45:35.361  3563  4691 D InputDispatcher: Focus entered window: 10358
06-15 13:45:35.361  4225  4225 D PhoneStatusBar: setSystemUiVisibility vis=8000 mask=ffffffff oldVal=8600 newVal=8000 diff=600
06-15 13:45:35.371  3563  3671 D PointerIcon: setMouseIconStyle1 pointerType: 1001 iconType:101 flag:0 pid:3563 uid:1000
06-15 13:45:35.371  3563  3671 D PointerIcon: setMouseCustomIcon IconType is same.101
06-15 13:45:35.371 10358 11556 I System.out: (HTTPLog)-Static: isSBSettingEnabled false
06-15 13:45:35.371 10358 11556 I System.out: (HTTPLog)-Static: isSBSettingEnabled false
06-15 13:45:35.371  3070  3070 I SurfaceFlinger: id=394 createSurf (257x257),1 flag=4, MoginActivi
06-15 13:45:35.401 10358 10993 D mali_winsys: new_window_surface returns 0x3000,  [544x544]-format:1
06-15 13:45:35.411  3563  3580 D InputMethodManagerService: windowGainedFocus mCurrentFocusedUserId - 0 and mSecureKeypadEnabled-false
06-15 13:45:35.411  8948  8948 D SamsungIME: IMPL finishInput
06-15 13:45:35.411 10358 10358 W DisplayListCanvas: DisplayListCanvas is started on unbinded RenderNode (without mOwningView)
06-15 13:45:35.421  3563  3581 V WindowStateAnimator: Finishing drawing window Window{428a727 u0 d0 com.rongle.desktop/com.rongle.desktop.activity.login.activity.LoginActivity}: mDrawState=DRAW_PENDING
06-15 13:45:35.421 10358 10358 D ViewRootImpl: MSG_RESIZED_REPORT: ci=Rect(0, 0 - 0, 0) vi=Rect(0, 0 - 0, 0) or=1
06-15 13:45:35.421 10358 10358 E way     : {"error_msg":"","error_no":"200","data":{"token":"993750c03d58686ecb05a9bc1b8e23305cfa894442c489b2fef5a1628d6942e8d408827d83cb42fb1375cda3adf636ba","uid":"10000104"}}
06-15 13:45:35.421 10358 10358 E way     : token:993750c03d58686ecb05a9bc1b8e23305cfa894442c489b2fef5a1628d6942e8d408827d83cb42fb1375cda3adf636ba
06-15 13:45:35.421  3070  3070 D libEGL  : eglInitialize EGLDisplay = 0x7fcce02e88
06-15 13:45:35.431 10358 11552 I System.out: (HTTPLog)-Static: isSBSettingEnabled false
06-15 13:45:35.431 10358 11552 I System.out: (HTTPLog)-Static: isSBSettingEnabled false
06-15 13:45:35.431  3563  3671 D KnoxTimeoutHandler: notifyActivityDrawn [MsgParam] userId: 0 fullscreen is true showWhenlocked is false
06-15 13:45:35.431  3563  3563 D KnoxTimeoutHandler: activityDrawn [MsgParam] userId: 0 fullscreen is true showWhenlocked is false
06-15 13:45:35.431  3563  3563 I KnoxTimeoutHandler: SD activityfalse
06-15 13:45:35.431  3563  5993 V WindowStateAnimator: Finishing drawing window Window{428a727 u0 d0 com.rongle.desktop/com.rongle.desktop.activity.login.activity.LoginActivity}: mDrawState=HAS_DRAWN
06-15 13:45:35.441 10358 10358 W DisplayListCanvas: DisplayListCanvas is started on unbinded RenderNode (without mOwningView)
06-15 13:45:35.461 10358 10358 E way     : {"error_msg":"success","error_no":"200","data":{"gender":"male","robots":[{"robotid":"1711CP010002001","admin":"10000109","nickname":"XD"}],"uid":"10000104","avatar":"*","nickname":""}}
06-15 13:45:35.481 10358 10358 D ViewRootImpl: #3 mView = null
06-15 13:45:35.491  3563  4543 D InputDispatcher: Focus left window: 10358
06-15 13:45:35.491  3563  4543 D InputDispatcher: Focus entered window: 10358
06-15 13:45:35.491  3563  3671 D PointerIcon: setMouseIconStyle1 pointerType: 1001 iconType:101 flag:0 pid:3563 uid:1000
06-15 13:45:35.491  3563  3671 D PointerIcon: setMouseCustomIcon IconType is same.101
06-15 13:45:35.501  4225  4225 D PhoneStatusBar: setSystemUiVisibility vis=8600 mask=ffffffff oldVal=8000 newVal=8600 diff=600
06-15 13:45:35.521  8948  8948 D RMHelper: SamsungIME : RMisReady() : client is null
06-15 13:45:35.521  8948  8948 D RMHelper: SamsungIME : RMisReady() : client is null
06-15 13:45:35.521  8948  8948 D RMHelper: RMHelper : initHelper()
06-15 13:45:35.521  8948  8948 D RMHelper: SamsungIME : initHelper() : client is null
06-15 13:45:35.521  8948  8948 D RMHelper: SamsungIME : RMisReady() : client is null
06-15 13:45:35.521  8948  8948 D RMHelper: SamsungIME : RMisReady() : client is null
06-15 13:45:35.521  8948  8948 D RMHelper: RMHelper : initHelper()
06-15 13:45:35.521  8948  8948 D RMHelper: SamsungIME : initHelper() : client is null
06-15 13:45:35.521  8948  8948 D RMHelper: SamsungIME : RMisReady() : client is null
06-15 13:45:35.521  8948  8948 D RMHelper: SamsungIME : RMisReady() : client is null
06-15 13:45:35.521  8948  8948 D RMHelper: RMHelper : initHelper()
06-15 13:45:35.531  8948  8948 D RMHelper: SamsungIME : initHelper() : client is null
06-15 13:45:35.531  8948  8948 D SamsungIME: onStartInput: No inputType, No imeOption, isInputViewShown = false, isExtractViewShown = false, isShowInputRequested = false, isConfigChanged = false
06-15 13:45:35.531 10358 10358 I Transaction: ----> BeginTransaction
06-15 13:45:35.531 10358 10358 I TableManager: Initialize SQL table start--------------------->
06-15 13:45:35.531 10358 10358 V Querier : ----> Query Start: SQLStatement [sql=SELECT * FROM sqlite_master WHERE type='table' ORDER BY name, bindArgs=null, mStatement=null]
06-15 13:45:35.531 10358 10358 V Querier : ----> Query Start: SQLStatement [sql=PRAGMA table_info(android_metadata), bindArgs=null, mStatement=null]
06-15 13:45:35.531 10358 10358 I Querier : <---- Query End , cursor size : 1
06-15 13:45:35.531 10358 10358 D TableManager: Find One SQL Table: SQLite Table Structtype=table, name=android_metadata, tbl_name=android_metadata, rootpage=3, sql=CREATE TABLE android_metadata (locale TEXT), columns={locale=1}
06-15 13:45:35.531 10358 10358 I Querier : <---- Query End , cursor size : 1
06-15 13:45:35.531 10358 10358 I TableManager: Initialize SQL table end  ---------------------> 1
06-15 13:45:35.531 10358 10358 D TableManager: Table [RobotBean] Not Exist
06-15 13:45:35.531 10358 10358 D SQLStatement: SQL Execute: [CREATE TABLE IF NOT EXISTS RobotBean(id INTEGER PRIMARY KEY AUTOINCREMENT ,admin TEXT ,nickname TEXT ,robotid TEXT )] ARGS--> null
06-15 13:45:35.531 10358 10358 I TableManager: Table [RobotBean] Create Success
06-15 13:45:35.531 10358 10358 D SQLStatement: SQL Execute: [REPLACE INTO RobotBean(id,admin,nickname,robotid)VALUES(?,?,?,?)] ARGS--> [null, 10000109, XD, 1711CP010002001]
06-15 13:45:35.531 10358 10358 I SQLStatement: SQL Execute Insert --> 1
06-15 13:45:35.531 10358 10358 I Transaction: ----> Transaction Successful
06-15 13:45:35.541 10358 10358 I Timeline: Timeline: Activity_launch_request id:com.rongle.desktop time:8381094
06-15 13:45:35.551  3563  4710 D InputDispatcher: Focused application set to: xxxx
06-15 13:45:35.551  3563  4710 D InputDispatcher: Focus left window: 10358
06-15 13:45:35.551  3563  3671 D PointerIcon: setMouseIconStyle1 pointerType: 1001 iconType:101 flag:0 pid:3563 uid:1000
06-15 13:45:35.551  3563  3671 D PointerIcon: setMouseCustomIcon IconType is same.101
06-15 13:45:35.561  3563  3580 D InputMethodManagerService: windowGainedFocus mCurrentFocusedUserId - 0 and mSecureKeypadEnabled-false
06-15 13:45:35.561  8948  8948 D SamsungIME: IMPL finishInput
06-15 13:45:35.561 10358 10358 E ViewRootImpl: sendUserActionEvent() mView == null
06-15 13:45:35.561  8948  8948 D RMHelper: SamsungIME : RMisReady() : client is null
06-15 13:45:35.561  8948  8948 D RMHelper: SamsungIME : RMisReady() : client is null
06-15 13:45:35.561  8948  8948 D RMHelper: RMHelper : initHelper()
06-15 13:45:35.561  8948  8948 D RMHelper: SamsungIME : initHelper() : client is null
06-15 13:45:35.561  8948  8948 D RMHelper: SamsungIME : RMisReady() : client is null
06-15 13:45:35.561  8948  8948 D RMHelper: SamsungIME : RMisReady() : client is null
06-15 13:45:35.561  8948  8948 D RMHelper: RMHelper : initHelper()
06-15 13:45:35.571  8948  8948 D RMHelper: SamsungIME : initHelper() : client is null
06-15 13:45:35.571  8948  8948 D RMHelper: SamsungIME : RMisReady() : client is null
06-15 13:45:35.571  8948  8948 D RMHelper: SamsungIME : RMisReady() : client is null
06-15 13:45:35.571  8948  8948 D RMHelper: RMHelper : initHelper()
06-15 13:45:35.571  8948  8948 D RMHelper: SamsungIME : initHelper() : client is null
06-15 13:45:35.581 10358 10358 E way     : {platform=android, rdelv=1001004}
06-15 13:45:35.581 10358 11566 I System.out: (HTTPLog)-Static: isSBSettingEnabled false
06-15 13:45:35.581 10358 11566 I System.out: (HTTPLog)-Static: isSBSettingEnabled false
06-15 13:45:35.581 10358 10358 D Activity: performCreate Call Injection manager
06-15 13:45:35.581 10358 11563 I System.out: (HTTPLog)-Static: isSBSettingEnabled false
06-15 13:45:35.581 10358 11563 I System.out: (HTTPLog)-Static: isSBSettingEnabled false
06-15 13:45:35.591 10358 10358 E LaidiFragment: 1440  2560
06-15 13:45:35.591 10358 10358 I LaidiFragment: 2560
06-15 13:45:35.601 10358 10358 E way     : {max=100, token=993750c03d58686ecb05a9bc1b8e23305cfa894442c489b2fef5a1628d6942e8d408827d83cb42fb1375cda3adf636ba, msgid=294}
06-15 13:45:35.601 10358 10358 D TableManager: Table [RobotBean] Exist
06-15 13:45:35.601 10358 10358 V Querier : ----> Query Start: SQLStatement [sql=SELECT * FROM RobotBean, bindArgs=null, mStatement=null]
06-15 13:45:35.601 10358 10358 I Querier : <---- Query End , cursor size : 1
06-15 13:45:35.601 10358 11564 I System.out: (HTTPLog)-Static: isSBSettingEnabled false
06-15 13:45:35.601 10358 11564 I System.out: (HTTPLog)-Static: isSBSettingEnabled false
06-15 13:45:35.601 10358 10358 E way     : 14402560
06-15 13:45:35.601 10358 10358 E orientation: 
06-15 13:45:35.601 10358 10358 E xw      : onStart VideoFragment 
06-15 13:45:35.601 10358 10358 I InjectionManager: dispatchOnViewCreated > Target : com.rongle.desktop.activity.home.activity.HomeActivity isFragment :false
06-15 13:45:35.601 10358 10358 E xw      : onResume VideoFragment
06-15 13:45:35.611 10358 10358 D ViewRootImpl: #1 mView = com.android.internal.policy.PhoneWindow$DecorView{d2a7f7 I.E...... R.....ID 0,0-0,0}
06-15 13:45:35.611  3563  4268 D ISSUE_DEBUG: InputChannelName : 74477b1 com.rongle.desktop/com.rongle.desktop.activity.home.activity.HomeActivity
06-15 13:45:35.611  3563  4684 D ActivityManager: post active user change for 0 fullscreen true isFloatingActivity() false isHomeActivity() false
06-15 13:45:35.611  3563  4684 D KnoxTimeoutHandler: postActiveUserChange [MsgParam] userId: 0 fullscreen is true showWhenlocked is false
06-15 13:45:35.611  3563  3563 D KnoxTimeoutHandler: handleActiveUserChange [MsgParam] userId: 0 fullscreen is true showWhenlocked is false
06-15 13:45:35.611  3563  3563 I KnoxTimeoutHandler: Shared devices show user statefalse
06-15 13:45:35.611 10358 27822 I System.out:  
06-15 13:45:35.611  3070  3070 I SurfaceFlinger: id=395 createSurf (1x1),1 flag=404, IomeActivit
06-15 13:45:35.611 10358 27822 I xwsendmsg: DRMessage{header=DRMessageHeader{magic_number=-410023267, version=1000, content_flag=3, content_offset=20, length=268, check_code=0, extend={}}, body=DRMessageBody{token='993750c03d58686ecb05a9bc1b8e23305cfa894442c489b2fef5a1628d6942e8d408827d83cb42fb1375cda3adf636ba', recvid='1711CP010002001', content=DRMessageContent{appkey='134535595', robotkey='null', api='heartbeat', destid='null', error_msg='success', error_no='200', extra=null}}}
06-15 13:45:35.621 10358 27822 I System.out: :268
06-15 13:45:35.621 10358 27822 I xwsendmsg: DRMessage{header=DRMessageHeader{magic_number=-410023267, version=1000, content_flag=3, content_offset=20, length=268, check_code=0, extend={}}, body=DRMessageBody{token='993750c03d58686ecb05a9bc1b8e23305cfa894442c489b2fef5a1628d6942e8d408827d83cb42fb1375cda3adf636ba', recvid='1711CP010002001', content=DRMessageContent{appkey='134535595', robotkey='null', api='heartbeat', destid='null', error_msg='success', error_no='200', extra=null}}}
06-15 13:45:35.621  3563  3580 D InputDispatcher: Focus entered window: 10358
06-15 13:45:35.621  3563  3671 D PointerIcon: setMouseIconStyle1 pointerType: 1001 iconType:101 flag:0 pid:3563 uid:1000
06-15 13:45:35.621  3563  3671 D PointerIcon: setMouseCustomIcon IconType is same.101
06-15 13:45:35.621 10358 10993 D mali_winsys: new_window_surface returns 0x3000,  [1440x2560]-format:1
06-15 13:45:35.631 10358 10358 W View    : requestLayout() improperly called by android.widget.LinearLayout{35d6cc9 V.E...... ......I. 0,0-0,0} during layout: running second layout pass
06-15 13:45:35.631 10358 10358 I ViewRootImpl: requestLayout is already in process
06-15 13:45:35.631 10358 10358 I ViewRootImpl: requestLayoutDuringLayout is already in process
06-15 13:45:35.631 10358 10358 I ViewRootImpl: requestLayoutDuringLayout is already in process
06-15 13:45:35.631 10358 10358 I ViewRootImpl: requestLayoutDuringLayout is already in process
06-15 13:45:35.631 10358 10358 I ViewRootImpl: requestLayoutDuringLayout is already in process
06-15 13:45:35.631 10358 10358 I ViewRootImpl: requestLayoutDuringLayout is already in process
06-15 13:45:35.631 10358 10358 I ViewRootImpl: requestLayoutDuringLayout is already in process
06-15 13:45:35.631 10358 10358 E way     : $$$$$$$$$$$$$$$$$$$$$$$$$$$$$$$$$
06-15 13:45:35.631 10358 10358 E way     : {"error_msg":"","error_no":"404"}
06-15 13:45:35.641 10358 10358 E way     : :{"error_msg":"","error_no":"404"}
06-15 13:45:35.641 10358 10358 E way     : {"error_msg":"","error_no":"200","data":{"token":"993750c03d58686ecb05a9bc1b8e23305cfa894442c489b2fef5a1628d6942e8d408827d83cb42fb1375cda3adf636ba","uid":"10000104"}}
06-15 13:45:35.641 10358 10358 W DisplayListCanvas: DisplayListCanvas is started on unbinded RenderNode (without mOwningView)
06-15 13:45:35.651  3563  4141 V WindowStateAnimator: Finishing drawing window Window{74477b1 u0 d0 com.rongle.desktop/com.rongle.desktop.activity.home.activity.HomeActivity}: mDrawState=DRAW_PENDING
06-15 13:45:35.651 10358 10358 D ViewRootImpl: MSG_RESIZED_REPORT: ci=Rect(0, 96 - 0, 0) vi=Rect(0, 96 - 0, 0) or=1
06-15 13:45:35.651  3563  4685 D InputMethodManagerService: windowGainedFocus mCurrentFocusedUserId - 0 and mSecureKeypadEnabled-false
06-15 13:45:35.651  3563  3671 D KnoxTimeoutHandler: notifyActivityDrawn [MsgParam] userId: 0 fullscreen is true showWhenlocked is false
06-15 13:45:35.651  3563  3563 D KnoxTimeoutHandler: activityDrawn [MsgParam] userId: 0 fullscreen is true showWhenlocked is false
06-15 13:45:35.651  3563  3671 I ActivityManager: Displayed com.rongle.desktop/.activity.home.activity.HomeActivity: +91ms
06-15 13:45:35.651  8948  8948 D SamsungIME: IMPL finishInput
06-15 13:45:35.651 10358 10358 W View    : requestLayout() improperly called by com.luseen.luseenbottomnavigation.BottomNavigation.BottomNavigationView{4638e2c V.E...... ......I. 0,2240-1440,2464 #7f0c0084 app:id/home_bar} during second layout pass: posting in next frame
06-15 13:45:35.651 10358 10358 W View    : requestLayout() improperly called by android.widget.FrameLayout{5bd20f5 V.E...... ......I. 0,0-0,0} during second layout pass: posting in next frame
06-15 13:45:35.651  3563  3563 I KnoxTimeoutHandler: SD activityfalse
06-15 13:45:35.651 10358 10358 W View    : requestLayout() improperly called by android.widget.LinearLayout{40fde8a V.E...... ......I. 0,0-0,0} during second layout pass: posting in next frame
06-15 13:45:35.661  3070  3070 D libEGL  : eglInitialize EGLDisplay = 0x7fcce02e88
06-15 13:45:35.661  3070  3731 I SurfaceFlinger: id=394 Removed MoginActivi (5/10)
06-15 13:45:35.661  3070  3261 I SurfaceFlinger: id=394 Removed MoginActivi (-2/10)
06-15 13:45:35.661 10358 27822 I System.out: ************************* :DRMessage{header=DRMessageHeader{magic_number=-410023267, version=1000, content_flag=3, content_offset=20, length=81, check_code=0, extend={}}, body=DRMessageBody{token='null', recvid='null', content=DRMessageContent{appkey='null', robotkey='null', api='kickout', destid='null', error_msg='null', error_no='null', extra=null}}}
06-15 13:45:35.661 10358 27822 I System.out:  kickout : false
06-15 13:45:35.661  3563  4640 V WindowStateAnimator: Finishing drawing window Window{74477b1 u0 d0 com.rongle.desktop/com.rongle.desktop.activity.home.activity.HomeActivity}: mDrawState=HAS_DRAWN
06-15 13:45:35.671 10358 27825 I System.out:  
06-15 13:45:35.671 10358 27825 I xwsendmsg: DRMessage{header=DRMessageHeader{magic_number=-410023267, version=1000, content_flag=3, content_offset=20, length=268, check_code=0, extend={}}, body=DRMessageBody{token='993750c03d58686ecb05a9bc1b8e23305cfa894442c489b2fef5a1628d6942e8d408827d83cb42fb1375cda3adf636ba', recvid='1711CP010002001', content=DRMessageContent{appkey='134535651', robotkey='null', api='heartbeat', destid='null', error_msg='success', error_no='200', extra=null}}}
06-15 13:45:35.671 10358 27819 E connect : 
06-15 13:45:35.671 10358 27819 I System.out: false
06-15 13:45:35.671 10358 27825 I System.out: :268
06-15 13:45:35.671 10358 27825 I xwsendmsg: DRMessage{header=DRMessageHeader{magic_number=-410023267, version=1000, content_flag=3, content_offset=20, length=268, check_code=0, extend={}}, body=DRMessageBody{token='993750c03d58686ecb05a9bc1b8e23305cfa894442c489b2fef5a1628d6942e8d408827d83cb42fb1375cda3adf636ba', recvid='1711CP010002001', content=DRMessageContent{appkey='134535651', robotkey='null', api='heartbeat', destid='null', error_msg='success', error_no='200', extra=null}}}
06-15 13:45:35.671  3070  3070 D libEGL  : eglTerminate EGLDisplay = 0x7fcce02fb8
06-15 13:45:35.671  3070  3070 D libEGL  : eglInitialize EGLDisplay = 0x7fcce02e88
06-15 13:45:35.681  3070  3731 D libEGL  : eglTerminate EGLDisplay = 0x7f9f67ae78
06-15 13:45:35.681  3070  3731 D libEGL  : eglTerminate EGLDisplay = 0x7f9f67ae78
06-15 13:45:35.681 10358 10358 E way     : {"error_msg":"success","error_no":"200","data":{"msgs":[]}}
06-15 13:45:35.681 10358 10358 E way     : kickout
06-15 13:45:35.691  3070  3070 D libEGL  : eglInitialize EGLDisplay = 0x7fcce02e88
06-15 13:45:35.691 10358 10358 D ViewRootImpl: #1 mView = com.android.internal.policy.PhoneWindow$DecorView{e273b30 V.E...... R.....I. 0,0-0,0}
06-15 13:45:35.691  3563  4554 D ISSUE_DEBUG: InputChannelName : ef3a817 
06-15 13:45:35.691  3563  4554 D InputDispatcher: Focus left window: 10358
06-15 13:45:35.691  3563  4554 D InputDispatcher: Focus entered window: 10358
06-15 13:45:35.691  4225  4225 D PhoneStatusBar: setSystemUiVisibility vis=8000 mask=ffffffff oldVal=8600 newVal=8000 diff=600
06-15 13:45:35.691  3563  3671 D PointerIcon: setMouseIconStyle1 pointerType: 1001 iconType:101 flag:0 pid:3563 uid:1000
06-15 13:45:35.691  3563  3671 D PointerIcon: setMouseCustomIcon IconType is same.101
06-15 13:45:35.701  3070  3070 I SurfaceFlinger: id=396 createSurf (257x257),1 flag=4, 
06-15 13:45:35.711 10358 10993 D mali_winsys: new_window_surface returns 0x3000,  [1592x1052]-format:1
06-15 13:45:35.711 10358 10358 D ViewRootImpl: MSG_RESIZED_REPORT: ci=Rect(0, 0 - 0, 0) vi=Rect(0, 0 - 0, 0) or=1
06-15 13:45:35.711 10358 10358 W DisplayListCanvas: DisplayListCanvas is started on unbinded RenderNode (without mOwningView)
06-15 13:45:35.721  3563  4640 V WindowStateAnimator: Finishing drawing window Window{ef3a817 u0 d0 com.rongle.desktop}: mDrawState=DRAW_PENDING
06-15 13:45:35.721  3070  3070 D libEGL  : eglInitialize EGLDisplay = 0x7fcce02e88
06-15 13:45:35.721 10358 10358 I Timeline: Timeline: Activity_idle id: android.os.BinderProxy@7c8d127 time:8381278
06-15 13:45:35.731  8948  8948 D RMHelper: SamsungIME : RMisReady() : client is null
06-15 13:45:35.731  8948  8948 D RMHelper: SamsungIME : RMisReady() : client is null
06-15 13:45:35.731  8948  8948 D RMHelper: RMHelper : initHelper()
06-15 13:45:35.731  8948  8948 D RMHelper: SamsungIME : initHelper() : client is null
06-15 13:45:35.731  8948  8948 D RMHelper: SamsungIME : RMisReady() : client is null
06-15 13:45:35.731  8948  8948 D RMHelper: SamsungIME : RMisReady() : client is null
06-15 13:45:35.731  8948  8948 D RMHelper: RMHelper : initHelper()
06-15 13:45:35.731  8948  8948 D RMHelper: SamsungIME : initHelper() : client is null
06-15 13:45:35.731  8948  8948 D RMHelper: SamsungIME : RMisReady() : client is null
06-15 13:45:35.731  8948  8948 D RMHelper: SamsungIME : RMisReady() : client is null
06-15 13:45:35.731  8948  8948 D RMHelper: RMHelper : initHelper()
06-15 13:45:35.731  8948  8948 D RMHelper: SamsungIME : initHelper() : client is null
06-15 13:45:35.731  8948  8948 D SamsungIME: onStartInput: No inputType, No imeOption, isInputViewShown = false, isExtractViewShown = false, isShowInputRequested = false, isConfigChanged = false
06-15 13:45:35.741  3070  3070 D libEGL  : eglInitialize EGLDisplay = 0x7fcce02e88
06-15 13:45:37.331  3070  3070 D libEGL  : eglInitialize EGLDisplay = 0x7fcce02e88
06-15 13:45:37.681  3563  3671 I Timeline: Timeline: Activity_windows_visible id: ActivityRecord{4ee8ec3 u0 com.rongle.desktop/.activity.home.activity.HomeActivity t56} time:8383235
06-15 13:45:37.681  3070  3261 I SurfaceFlinger: id=391 Removed MoginActivi (3/10)
06-15 13:45:37.691  3070  4191 I SurfaceFlinger: id=391 Removed MoginActivi (-2/10)
06-15 13:45:37.701  3070  3070 D libEGL  : eglTerminate EGLDisplay = 0x7fcce02fb8
06-15 13:45:37.701  3563  3671 D KnoxTimeoutHandler: notifyActivityDrawn [MsgParam] userId: 0 fullscreen is true showWhenlocked is false
06-15 13:45:37.701  3563  3563 D KnoxTimeoutHandler: activityDrawn [MsgParam] userId: 0 fullscreen is true showWhenlocked is false
06-15 13:45:37.701 10358 10358 D ViewRootImpl: #3 mView = null
06-15 13:45:37.701  3563  3563 I KnoxTimeoutHandler: SD activityfalse
06-15 13:45:37.801  4225  4426 D NetworkController.MobileSignalController(0/2147483643): onSignalStrengthsChanged signalStrength=SignalStrength: 27 99 -120 -160 -120 -1 -1 99 2147483647 2147483647 2147483647 -1 2147483647 0x4 gsm|lte level=4
06-15 13:45:37.801  4225  4426 D NetworkController.MobileSignalController(0/2147483643): getMobileIconGroup(): 0
06-15 13:45:37.801  4225  4426 D NetworkController.MobileSignalController(0/2147483643): updateCMCCMobileIconGroup(): 0
06-15 13:45:37.851  3563  4119 D InputReader: Input event(3): value=1 when=8383407882000
06-15 13:45:37.851  3563  4119 D InputReader: Input event(3): value=1 when=8383407882000
06-15 13:45:37.851  3563  4119 I InputReader: Touch event's action is 0x0 (deviceType=0) [pCnt=1, s=0.817 ] when=8383407882000
06-15 13:45:37.851  3563  4119 D InputReader: lastThreadEndTime = 8380901937620, currentThreadStartTime = 8380901943078, diff = 0
06-15 13:45:37.851  3563  4118 I InputDispatcher: Delivering touch to (10358): action: 0x0, toolType: 1
06-15 13:45:37.851 10358 10358 D ViewRootImpl: ViewPostImeInputStage processPointer 0
06-15 13:45:37.971  3563  4119 D InputReader: Input event(3): value=0 when=8383526074000
06-15 13:45:37.971  3563  4119 D InputReader: Input event(3): value=0 when=8383526074000
06-15 13:45:37.971  3563  4119 I InputReader: Touch event's action is 0x1 (deviceType=0) [pCnt=1, s=] when=8383526074000
06-15 13:45:37.971  3563  4118 I InputDispatcher: Delivering touch to (10358): action: 0x1, toolType: 1
06-15 13:45:37.971 10358 10358 D ViewRootImpl: ViewPostImeInputStage processPointer 1
06-15 13:45:37.981  3070  3263 D libEGL  : eglTerminate EGLDisplay = 0x7fa61bee78
06-15 13:45:37.981  3070  3263 D libEGL  : eglTerminate EGLDisplay = 0x7fa61bee78
06-15 13:45:37.981 10358 10358 D ViewRootImpl: #3 mView = null
06-15 13:45:37.991  4225  4225 D PhoneStatusBar: setSystemUiVisibility vis=8600 mask=ffffffff oldVal=8000 newVal=8600 diff=600
06-15 13:45:37.991  3563  4554 D InputDispatcher: Focus left window: 10358
06-15 13:45:37.991  3563  4554 D InputDispatcher: Focus entered window: 10358
06-15 13:45:37.991  3563  3671 D PointerIcon: setMouseIconStyle1 pointerType: 1001 iconType:101 flag:0 pid:3563 uid:1000
06-15 13:45:37.991  3563  3671 D PointerIcon: setMouseCustomIcon IconType is same.101
06-15 13:45:37.991 10358 10358 D TableManager: Table [RobotBean] Exist
06-15 13:45:37.991 10358 10358 V Querier : ----> Query Start: SQLStatement [sql=SELECT id  FROM RobotBean, bindArgs=null, mStatement=null]
06-15 13:45:37.991 10358 10358 I Querier : <---- Query End , cursor size : 1
06-15 13:45:37.991 10358 10358 I Transaction: ----> BeginTransaction
06-15 13:45:37.991 10358 10358 D TableManager: Table [RobotBean] Exist
06-15 13:45:37.991 10358 10358 D SQLStatement: SQL Execute: [DELETE FROM RobotBean WHERE id=?] ARGS--> [1]
06-15 13:45:37.991 10358 10358 V SQLStatement: SQL Execute Delete --> 1
06-15 13:45:37.991 10358 10358 I Transaction: ----> Transaction Successful
06-15 13:45:37.991 10358 10358 I Timeline: Timeline: Activity_launch_request id:com.rongle.desktop time:8383546
06-15 13:45:38.001  3563  4691 D InputDispatcher: Focused application set to: xxxx
06-15 13:45:38.001  3563  4691 D InputDispatcher: Focus left window: 10358
06-15 13:45:38.001  3563  3671 D PointerIcon: setMouseIconStyle1 pointerType: 1001 iconType:101 flag:0 pid:3563 uid:1000
06-15 13:45:38.001  3563  3671 D PointerIcon: setMouseCustomIcon IconType is same.101
06-15 13:45:38.001  3563  4710 D InputMethodManagerService: windowGainedFocus mCurrentFocusedUserId - 0 and mSecureKeypadEnabled-false
06-15 13:45:38.001 10358 10358 E ViewRootImpl: sendUserActionEvent() mView == null
06-15 13:45:38.001 10358 10358 E xw      : onPause
06-15 13:45:38.011 10358 10358 E xw111111: onStop
06-15 13:45:38.011 10358 10358 E xw      : onDestroyView
06-15 13:45:38.031 10358 10358 D Activity: performCreate Call Injection manager
06-15 13:45:38.031 10358 10358 I InjectionManager: dispatchOnViewCreated > Target : com.rongle.desktop.activity.login.activity.LoginActivity isFragment :false
06-15 13:45:38.031 10358 10358 D ViewRootImpl: #1 mView = com.android.internal.policy.PhoneWindow$DecorView{51f6acb I.E...... R.....ID 0,0-0,0}
06-15 13:45:38.031  3563  4141 D ISSUE_DEBUG: InputChannelName : 8098f9c com.rongle.desktop/com.rongle.desktop.activity.login.activity.LoginActivity
06-15 13:45:38.031  3563  4691 D ActivityManager: post active user change for 0 fullscreen true isFloatingActivity() false isHomeActivity() false
06-15 13:45:38.031  3563  4691 D KnoxTimeoutHandler: postActiveUserChange [MsgParam] userId: 0 fullscreen is true showWhenlocked is false
06-15 13:45:38.031  3563  3563 D KnoxTimeoutHandler: handleActiveUserChange [MsgParam] userId: 0 fullscreen is true showWhenlocked is false
06-15 13:45:38.031  3563  3563 I KnoxTimeoutHandler: Shared devices show user statefalse
06-15 13:45:38.041  3070  3070 I SurfaceFlinger: id=397 createSurf (1x1),1 flag=404, MoginActivi
06-15 13:45:38.051  3563  4640 D InputDispatcher: Focus entered window: 10358
06-15 13:45:38.051  3563  3671 D PointerIcon: setMouseIconStyle1 pointerType: 1001 iconType:101 flag:0 pid:3563 uid:1000
06-15 13:45:38.051  3563  3671 D PointerIcon: setMouseCustomIcon IconType is same.101
06-15 13:45:38.051 10358 10993 D mali_winsys: new_window_surface returns 0x3000,  [1440x2560]-format:1
06-15 13:45:38.061 10358 10358 W DisplayListCanvas: DisplayListCanvas is started on unbinded RenderNode (without mOwningView)
06-15 13:45:38.061 10358 10358 W DisplayListCanvas: DisplayListCanvas is started on unbinded RenderNode (without mOwningView)
06-15 13:45:38.061  3070  3070 D libEGL  : eglInitialize EGLDisplay = 0x7fcce02e88
06-15 13:45:38.071  3563  4268 V WindowStateAnimator: Finishing drawing window Window{8098f9c u0 d0 com.rongle.desktop/com.rongle.desktop.activity.login.activity.LoginActivity}: mDrawState=DRAW_PENDING
06-15 13:45:38.071 10358 10358 D ViewRootImpl: MSG_RESIZED_REPORT: ci=Rect(0, 96 - 0, 0) vi=Rect(0, 96 - 0, 0) or=1
06-15 13:45:38.071  3563  5993 D InputMethodManagerService: windowGainedFocus mCurrentFocusedUserId - 0 and mSecureKeypadEnabled-false
06-15 13:45:38.071  3563  3671 D KnoxTimeoutHandler: notifyActivityDrawn [MsgParam] userId: 0 fullscreen is true showWhenlocked is false
06-15 13:45:38.071  3563  3563 D KnoxTimeoutHandler: activityDrawn [MsgParam] userId: 0 fullscreen is true showWhenlocked is false
